Archive member included to satisfy reference by file (symbol)

/usr/bin/../lib/gcc/arm-none-eabi/7.3.1/../../../../arm-none-eabi/lib/thumb/v6-m/libc_nano.a(lib_a-exit.o)
                              /usr/bin/../lib/gcc/arm-none-eabi/7.3.1/../../../../arm-none-eabi/lib/thumb/v6-m/crt0.o (exit)
/usr/bin/../lib/gcc/arm-none-eabi/7.3.1/../../../../arm-none-eabi/lib/thumb/v6-m/libc_nano.a(lib_a-impure.o)
                              /usr/bin/../lib/gcc/arm-none-eabi/7.3.1/../../../../arm-none-eabi/lib/thumb/v6-m/libc_nano.a(lib_a-exit.o) (_global_impure_ptr)
/usr/bin/../lib/gcc/arm-none-eabi/7.3.1/../../../../arm-none-eabi/lib/thumb/v6-m/libc_nano.a(lib_a-init.o)
                              /usr/bin/../lib/gcc/arm-none-eabi/7.3.1/../../../../arm-none-eabi/lib/thumb/v6-m/crt0.o (__libc_init_array)
/usr/bin/../lib/gcc/arm-none-eabi/7.3.1/../../../../arm-none-eabi/lib/thumb/v6-m/libc_nano.a(lib_a-memset.o)
                              /usr/bin/../lib/gcc/arm-none-eabi/7.3.1/../../../../arm-none-eabi/lib/thumb/v6-m/crt0.o (memset)
/usr/bin/../lib/gcc/arm-none-eabi/7.3.1/../../../../arm-none-eabi/lib/thumb/v6-m/libnosys.a(_exit.o)
                              /usr/bin/../lib/gcc/arm-none-eabi/7.3.1/../../../../arm-none-eabi/lib/thumb/v6-m/libc_nano.a(lib_a-exit.o) (_exit)
/usr/bin/../lib/gcc/arm-none-eabi/7.3.1/thumb/v6-m/libgcc.a(_udivsi3.o)
                              build/main.o (__aeabi_uidiv)
/usr/bin/../lib/gcc/arm-none-eabi/7.3.1/thumb/v6-m/libgcc.a(_dvmd_tls.o)
                              /usr/bin/../lib/gcc/arm-none-eabi/7.3.1/thumb/v6-m/libgcc.a(_udivsi3.o) (__aeabi_idiv0)

Allocating common symbols
Common symbol       size              file

my_data_buf         0xe0              build/main.o
hUsbDeviceFS        0x224             build/usb_device.o
hdma_tim2_ch1       0x44              build/main.o
hdma_usart3_rx      0x44              build/main.o
huart3              0x70              build/main.o
uwTick              0x4               build/stm32f0xx_hal.o
hdma_usart3_tx      0x44              build/main.o
pFlash              0x20              build/stm32f0xx_hal_flash.o
UserRxBufferFS      0x3e8             build/usbd_cdc_if.o
htim3               0x40              build/main.o
hdma_tim2_uev       0x44              build/main.o
UserTxBufferFS      0x3e8             build/usbd_cdc_if.o
htim1               0x40              build/main.o
my_data_buf_fire    0x10              build/main.o
hdma_tim2_ch4       0x44              build/main.o
htim2               0x40              build/main.o
hpcd_USB_FS         0x220             build/usbd_conf.o
SysMemBootJump      0x4               build/system_stm32f0xx.o
USBD_StrDesc        0x200             build/usbd_desc.o
hdma_tim2_ch3       0x44              build/main.o

Discarded input sections

 .text          0x0000000000000000        0x0 /usr/bin/../lib/gcc/arm-none-eabi/7.3.1/thumb/v6-m/crti.o
 .data          0x0000000000000000        0x0 /usr/bin/../lib/gcc/arm-none-eabi/7.3.1/thumb/v6-m/crti.o
 .bss           0x0000000000000000        0x0 /usr/bin/../lib/gcc/arm-none-eabi/7.3.1/thumb/v6-m/crti.o
 .data          0x0000000000000000        0x4 /usr/bin/../lib/gcc/arm-none-eabi/7.3.1/thumb/v6-m/crtbegin.o
 .text          0x0000000000000000       0x78 /usr/bin/../lib/gcc/arm-none-eabi/7.3.1/../../../../arm-none-eabi/lib/thumb/v6-m/crt0.o
 .data          0x0000000000000000        0x0 /usr/bin/../lib/gcc/arm-none-eabi/7.3.1/../../../../arm-none-eabi/lib/thumb/v6-m/crt0.o
 .bss           0x0000000000000000        0x0 /usr/bin/../lib/gcc/arm-none-eabi/7.3.1/../../../../arm-none-eabi/lib/thumb/v6-m/crt0.o
 .ARM.extab     0x0000000000000000        0x0 /usr/bin/../lib/gcc/arm-none-eabi/7.3.1/../../../../arm-none-eabi/lib/thumb/v6-m/crt0.o
 .ARM.exidx     0x0000000000000000        0x8 /usr/bin/../lib/gcc/arm-none-eabi/7.3.1/../../../../arm-none-eabi/lib/thumb/v6-m/crt0.o
 .ARM.attributes
                0x0000000000000000       0x1b /usr/bin/../lib/gcc/arm-none-eabi/7.3.1/../../../../arm-none-eabi/lib/thumb/v6-m/crt0.o
 .text          0x0000000000000000        0x0 build/main.o
 .data          0x0000000000000000        0x0 build/main.o
 .bss           0x0000000000000000        0x0 build/main.o
 .text          0x0000000000000000        0x0 build/usb_device.o
 .data          0x0000000000000000        0x0 build/usb_device.o
 .bss           0x0000000000000000        0x0 build/usb_device.o
 .text          0x0000000000000000        0x0 build/usbd_conf.o
 .data          0x0000000000000000        0x0 build/usbd_conf.o
 .bss           0x0000000000000000        0x0 build/usbd_conf.o
 .text.HAL_PCD_MspDeInit
                0x0000000000000000       0x2c build/usbd_conf.o
 .text.HAL_PCD_ISOOUTIncompleteCallback
                0x0000000000000000        0xe build/usbd_conf.o
 .text.HAL_PCD_ISOINIncompleteCallback
                0x0000000000000000        0xe build/usbd_conf.o
 .text.HAL_PCD_ConnectCallback
                0x0000000000000000        0xe build/usbd_conf.o
[...]
Memory Configuration

Name             Origin             Length             Attributes
RAM              0x0000000020000000 0x0000000000004000 xrw
FLASH            0x0000000008000000 0x0000000000020000 xr
*default*        0x0000000000000000 0xffffffffffffffff

Linker script and memory map

LOAD /usr/bin/../lib/gcc/arm-none-eabi/7.3.1/thumb/v6-m/crti.o
LOAD /usr/bin/../lib/gcc/arm-none-eabi/7.3.1/thumb/v6-m/crtbegin.o
LOAD /usr/bin/../lib/gcc/arm-none-eabi/7.3.1/../../../../arm-none-eabi/lib/thumb/v6-m/crt0.o
LOAD build/main.o
LOAD build/usb_device.o
LOAD build/usbd_conf.o
LOAD build/usbd_desc.o
LOAD build/usbd_cdc_if.o
LOAD build/stm32f0xx_it.o
LOAD build/stm32f0xx_hal_msp.o
LOAD build/stm32f0xx_hal_pcd.o
LOAD build/stm32f0xx_hal_pcd_ex.o
LOAD build/stm32f0xx_hal_i2c.o
LOAD build/stm32f0xx_hal_i2c_ex.o
LOAD build/stm32f0xx_hal_tim.o
LOAD build/stm32f0xx_hal_tim_ex.o
LOAD build/stm32f0xx_hal_uart.o
LOAD build/stm32f0xx_hal_uart_ex.o
LOAD build/stm32f0xx_hal_rcc.o
LOAD build/stm32f0xx_hal_rcc_ex.o
LOAD build/stm32f0xx_hal.o
LOAD build/stm32f0xx_hal_gpio.o
LOAD build/stm32f0xx_hal_dma.o
LOAD build/stm32f0xx_hal_cortex.o
LOAD build/stm32f0xx_hal_pwr.o
LOAD build/stm32f0xx_hal_pwr_ex.o
LOAD build/stm32f0xx_hal_flash.o
LOAD build/stm32f0xx_hal_flash_ex.o
LOAD build/system_stm32f0xx.o
LOAD build/usbd_core.o
LOAD build/usbd_ctlreq.o
LOAD build/usbd_ioreq.o
LOAD build/usbd_cdc.o
LOAD build/startup_stm32f072xb.o
LOAD /usr/bin/../lib/gcc/arm-none-eabi/7.3.1/../../../../arm-none-eabi/lib/thumb/v6-m/libc_nano.a
LOAD /usr/bin/../lib/gcc/arm-none-eabi/7.3.1/../../../../arm-none-eabi/lib/thumb/v6-m/libm.a
LOAD /usr/bin/../lib/gcc/arm-none-eabi/7.3.1/../../../../arm-none-eabi/lib/thumb/v6-m/libnosys.a
START GROUP
LOAD /usr/bin/../lib/gcc/arm-none-eabi/7.3.1/thumb/v6-m/libgcc.a
LOAD /usr/bin/../lib/gcc/arm-none-eabi/7.3.1/../../../../arm-none-eabi/lib/thumb/v6-m/libc_nano.a
END GROUP
START GROUP
LOAD /usr/bin/../lib/gcc/arm-none-eabi/7.3.1/thumb/v6-m/libgcc.a
LOAD /usr/bin/../lib/gcc/arm-none-eabi/7.3.1/../../../../arm-none-eabi/lib/thumb/v6-m/libc_nano.a
END GROUP
LOAD /usr/bin/../lib/gcc/arm-none-eabi/7.3.1/thumb/v6-m/crtend.o
LOAD /usr/bin/../lib/gcc/arm-none-eabi/7.3.1/thumb/v6-m/crtn.o
                0x0000000020004000                _estack = 0x20004000
                0x0000000000000200                _Min_Heap_Size = 0x200
                0x0000000000000400                _Min_Stack_Size = 0x400

.isr_vector     0x0000000008000000       0xc0
                0x0000000008000000                . = ALIGN (0x4)
 *(.isr_vector)
 .isr_vector    0x0000000008000000       0xc0 build/startup_stm32f072xb.o
                0x0000000008000000                g_pfnVectors
                0x00000000080000c0                . = ALIGN (0x4)

.text           0x00000000080000c0     0x45c4
                0x00000000080000c0                . = ALIGN (0x4)
 *(.text)
 .text          0x00000000080000c0       0x48 /usr/bin/../lib/gcc/arm-none-eabi/7.3.1/thumb/v6-m/crtbegin.o
 .text          0x0000000008000108      0x114 /usr/bin/../lib/gcc/arm-none-eabi/7.3.1/thumb/v6-m/libgcc.a(_udivsi3.o)
                0x0000000008000108                __udivsi3
                0x0000000008000108                __aeabi_uidiv
                0x0000000008000214                __aeabi_uidivmod
 .text          0x000000000800021c        0x4 /usr/bin/../lib/gcc/arm-none-eabi/7.3.1/thumb/v6-m/libgcc.a(_dvmd_tls.o)
                0x000000000800021c                __aeabi_ldiv0
                0x000000000800021c                __aeabi_idiv0
 *(.text*)
 .text.dataTransmittedHandler0
                0x0000000008000220       0x20 build/main.o
                0x0000000008000220                dataTransmittedHandler0
 .text.dataTransmittedHandler1
                0x0000000008000240       0x20 build/main.o
                0x0000000008000240                dataTransmittedHandler1
 .text.dataTransmittedHandler2
                0x0000000008000260       0x10 build/main.o
                0x0000000008000260                dataTransmittedHandler2
 .text.MX_GPIO_Init
                0x0000000008000270       0xf8 build/main.o
 .text.MX_DMA_Init
                0x0000000008000368       0x40 build/main.o
 .text.MX_TIM1_Init
                0x00000000080003a8       0x54 build/main.o
 .text.MX_TIM2_Init
                0x00000000080003fc       0xe8 build/main.o
 .text.MX_USART3_UART_Init
                0x00000000080004e4       0x30 build/main.o
 .text.dfu_otter_bootloader
                0x0000000008000514       0x28 build/main.o
                0x0000000008000514                dfu_otter_bootloader
 .text.startDMA
                0x000000000800053c       0x88 build/main.o
                0x000000000800053c                startDMA
 .text.SystemClock_Config
                0x00000000080005c4       0x5e build/main.o
                0x00000000080005c4                SystemClock_Config
 *fill*         0x0000000008000622        0x2 
 .text.main     0x0000000008000624      0x134 build/main.o
                0x0000000008000624                main
 .text.Error_Handler
                0x0000000008000758        0x2 build/main.o
                0x0000000008000758                Error_Handler
 *fill*         0x000000000800075a        0x2 
 .text.MX_USB_DEVICE_Init
                0x000000000800075c       0x38 build/usb_device.o
                0x000000000800075c                MX_USB_DEVICE_Init
 .text.SystemClockConfig_Resume
                0x0000000008000794        0x8 build/usbd_conf.o
 .text.HAL_PCD_MspInit
                0x000000000800079c       0x40 build/usbd_conf.o
                0x000000000800079c                HAL_PCD_MspInit
 .text.HAL_PCD_SetupStageCallback
                0x00000000080007dc       0x14 build/usbd_conf.o
                0x00000000080007dc                HAL_PCD_SetupStageCallback
 .text.HAL_PCD_DataOutStageCallback
                0x00000000080007f0       0x1e build/usbd_conf.o
                0x00000000080007f0                HAL_PCD_DataOutStageCallback
 .text.HAL_PCD_DataInStageCallback
                0x000000000800080e       0x1a build/usbd_conf.o
                0x000000000800080e                HAL_PCD_DataInStageCallback
 .text.HAL_PCD_SOFCallback
                0x0000000008000828        0xe build/usbd_conf.o
                0x0000000008000828                HAL_PCD_SOFCallback
 .text.HAL_PCD_ResetCallback
                0x0000000008000836       0x18 build/usbd_conf.o
                0x0000000008000836                HAL_PCD_ResetCallback
 *fill*         0x000000000800084e        0x2 
 .text.HAL_PCD_SuspendCallback
                0x0000000008000850       0x24 build/usbd_conf.o
                0x0000000008000850                HAL_PCD_SuspendCallback
 .text.HAL_PCD_ResumeCallback
                0x0000000008000874       0x2c build/usbd_conf.o
                0x0000000008000874                HAL_PCD_ResumeCallback
 .text.USBD_LL_Init
                0x00000000080008a0       0x88 build/usbd_conf.o
                0x00000000080008a0                USBD_LL_Init
 .text.USBD_LL_Start
                0x0000000008000928       0x20 build/usbd_conf.o
                0x0000000008000928                USBD_LL_Start
 .text.USBD_LL_OpenEP
                0x0000000008000948       0x26 build/usbd_conf.o
                0x0000000008000948                USBD_LL_OpenEP
 .text.USBD_LL_CloseEP
                0x000000000800096e       0x20 build/usbd_conf.o
                0x000000000800096e                USBD_LL_CloseEP
 .text.USBD_LL_StallEP
                0x000000000800098e       0x20 build/usbd_conf.o
                0x000000000800098e                USBD_LL_StallEP
 .text.USBD_LL_ClearStallEP
                0x00000000080009ae       0x20 build/usbd_conf.o
                0x00000000080009ae                USBD_LL_ClearStallEP
 .text.USBD_LL_IsStallEP
                0x00000000080009ce       0x34 build/usbd_conf.o
                0x00000000080009ce                USBD_LL_IsStallEP
 .text.USBD_LL_SetUSBAddress
                0x0000000008000a02       0x20 build/usbd_conf.o
                0x0000000008000a02                USBD_LL_SetUSBAddress
 .text.USBD_LL_Transmit
                0x0000000008000a22       0x20 build/usbd_conf.o
                0x0000000008000a22                USBD_LL_Transmit
 .text.USBD_LL_PrepareReceive
                0x0000000008000a42       0x20 build/usbd_conf.o
                0x0000000008000a42                USBD_LL_PrepareReceive
 .text.USBD_LL_GetRxDataSize
                0x0000000008000a62        0xe build/usbd_conf.o
                0x0000000008000a62                USBD_LL_GetRxDataSize
 .text.USBD_static_malloc
                0x0000000008000a70        0x8 build/usbd_conf.o
                0x0000000008000a70                USBD_static_malloc
 .text.USBD_static_free
                0x0000000008000a78        0x2 build/usbd_conf.o
                0x0000000008000a78                USBD_static_free
 *fill*         0x0000000008000a7a        0x2 
 .text.USBD_FS_DeviceDescriptor
                0x0000000008000a7c        0xc build/usbd_desc.o
                0x0000000008000a7c                USBD_FS_DeviceDescriptor
 .text.USBD_FS_LangIDStrDescriptor
                0x0000000008000a88        0xc build/usbd_desc.o
                0x0000000008000a88                USBD_FS_LangIDStrDescriptor
 .text.USBD_FS_ProductStrDescriptor
                0x0000000008000a94       0x28 build/usbd_desc.o
                0x0000000008000a94                USBD_FS_ProductStrDescriptor
 .text.USBD_FS_ManufacturerStrDescriptor
                0x0000000008000abc       0x1c build/usbd_desc.o
                0x0000000008000abc                USBD_FS_ManufacturerStrDescriptor
 .text.USBD_FS_SerialStrDescriptor
                0x0000000008000ad8       0x28 build/usbd_desc.o
                0x0000000008000ad8                USBD_FS_SerialStrDescriptor
 .text.USBD_FS_ConfigStrDescriptor
                0x0000000008000b00       0x28 build/usbd_desc.o
                0x0000000008000b00                USBD_FS_ConfigStrDescriptor
 .text.USBD_FS_InterfaceStrDescriptor
                0x0000000008000b28       0x28 build/usbd_desc.o
                0x0000000008000b28                USBD_FS_InterfaceStrDescriptor
 .text.CDC_DeInit_FS
                0x0000000008000b50        0x4 build/usbd_cdc_if.o
 .text.CDC_Control_FS
                0x0000000008000b54        0x4 build/usbd_cdc_if.o
 .text.CDC_Receive_FS
                0x0000000008000b58       0x1c build/usbd_cdc_if.o
 .text.CDC_Init_FS
                0x0000000008000b74       0x28 build/usbd_cdc_if.o
 .text.NMI_Handler
                0x0000000008000b9c        0x2 build/stm32f0xx_it.o
                0x0000000008000b9c                NMI_Handler
 .text.HardFault_Handler
                0x0000000008000b9e        0x2 build/stm32f0xx_it.o
                0x0000000008000b9e                HardFault_Handler
 .text.SVC_Handler
                0x0000000008000ba0        0x2 build/stm32f0xx_it.o
                0x0000000008000ba0                SVC_Handler
 .text.PendSV_Handler
                0x0000000008000ba2        0x2 build/stm32f0xx_it.o
                0x0000000008000ba2                PendSV_Handler
 .text.SysTick_Handler
                0x0000000008000ba4        0x8 build/stm32f0xx_it.o
                0x0000000008000ba4                SysTick_Handler
 .text.DMA1_Channel1_IRQHandler
                0x0000000008000bac       0x10 build/stm32f0xx_it.o
                0x0000000008000bac                DMA1_Channel1_IRQHandler
 .text.DMA1_Channel2_3_IRQHandler
                0x0000000008000bbc        0x2 build/stm32f0xx_it.o
                0x0000000008000bbc                DMA1_Channel2_3_IRQHandler
 *fill*         0x0000000008000bbe        0x2 
 .text.DMA1_Channel4_5_6_7_IRQHandler
                0x0000000008000bc0       0x2c build/stm32f0xx_it.o
                0x0000000008000bc0                DMA1_Channel4_5_6_7_IRQHandler
 .text.USB_IRQHandler
                0x0000000008000bec       0x10 build/stm32f0xx_it.o
                0x0000000008000bec                USB_IRQHandler
 .text.HAL_MspInit
                0x0000000008000bfc       0x30 build/stm32f0xx_hal_msp.o
                0x0000000008000bfc                HAL_MspInit
 .text.HAL_TIM_Encoder_MspInit
                0x0000000008000c2c       0x64 build/stm32f0xx_hal_msp.o
                0x0000000008000c2c                HAL_TIM_Encoder_MspInit
 .text.HAL_TIM_Base_MspInit
                0x0000000008000c90      0x108 build/stm32f0xx_hal_msp.o
                0x0000000008000c90                HAL_TIM_Base_MspInit
 .text.HAL_UART_MspInit
                0x0000000008000d98       0xd8 build/stm32f0xx_hal_msp.o
                0x0000000008000d98                HAL_UART_MspInit
 .text.HAL_PCD_Init
                0x0000000008000e70       0xc0 build/stm32f0xx_hal_pcd.o
                0x0000000008000e70                HAL_PCD_Init
 .text.HAL_PCD_Start
                0x0000000008000f30       0x18 build/stm32f0xx_hal_pcd.o
                0x0000000008000f30                HAL_PCD_Start
 .text.HAL_PCD_SetAddress
                0x0000000008000f48       0x36 build/stm32f0xx_hal_pcd.o
                0x0000000008000f48                HAL_PCD_SetAddress
 *fill*         0x0000000008000f7e        0x2 
 .text.HAL_PCD_EP_Open
                0x0000000008000f80      0x354 build/stm32f0xx_hal_pcd.o
                0x0000000008000f80                HAL_PCD_EP_Open
 .text.HAL_PCD_EP_Close
                0x00000000080012d4      0x1d0 build/stm32f0xx_hal_pcd.o
                0x00000000080012d4                HAL_PCD_EP_Close
 .text.HAL_PCD_EP_Receive
                0x00000000080014a4      0x200 build/stm32f0xx_hal_pcd.o
                0x00000000080014a4                HAL_PCD_EP_Receive
 .text.HAL_PCD_EP_GetRxCount
                0x00000000080016a4       0x14 build/stm32f0xx_hal_pcd.o
                0x00000000080016a4                HAL_PCD_EP_GetRxCount
 .text.HAL_PCD_EP_SetStall
                0x00000000080016b8       0xc0 build/stm32f0xx_hal_pcd.o
                0x00000000080016b8                HAL_PCD_EP_SetStall
 .text.HAL_PCD_EP_ClrStall
                0x0000000008001778       0xe0 build/stm32f0xx_hal_pcd.o
                0x0000000008001778                HAL_PCD_EP_ClrStall
 .text.PCD_WritePMA
                0x0000000008001858       0x28 build/stm32f0xx_hal_pcd.o
                0x0000000008001858                PCD_WritePMA
 .text.HAL_PCD_EP_Transmit
                0x0000000008001880      0x218 build/stm32f0xx_hal_pcd.o
                0x0000000008001880                HAL_PCD_EP_Transmit
 .text.PCD_ReadPMA
                0x0000000008001a98       0x2c build/stm32f0xx_hal_pcd.o
                0x0000000008001a98                PCD_ReadPMA
 .text.PCD_EP_ISR_Handler
                0x0000000008001ac4      0x4ac build/stm32f0xx_hal_pcd.o
 .text.HAL_PCD_IRQHandler
                0x0000000008001f70      0x11c build/stm32f0xx_hal_pcd.o
                0x0000000008001f70                HAL_PCD_IRQHandler
 .text.HAL_PCDEx_PMAConfig
                0x000000000800208c       0x3a build/stm32f0xx_hal_pcd_ex.o
                0x000000000800208c                HAL_PCDEx_PMAConfig
 *fill*         0x00000000080020c6        0x2 
 .text.TIM_OC1_SetConfig
                0x00000000080020c8       0x88 build/stm32f0xx_hal_tim.o
 .text.TIM_OC3_SetConfig
                0x0000000008002150       0x90 build/stm32f0xx_hal_tim.o
 .text.TIM_OC4_SetConfig
                0x00000000080021e0       0x74 build/stm32f0xx_hal_tim.o
 .text.TIM_TI1_ConfigInputStage
                0x0000000008002254       0x22 build/stm32f0xx_hal_tim.o
 *fill*         0x0000000008002276        0x2 
 .text.TIM_TI2_ConfigInputStage
                0x0000000008002278       0x28 build/stm32f0xx_hal_tim.o
 .text.TIM_ITRx_SetConfig
                0x00000000080022a0       0x10 build/stm32f0xx_hal_tim.o
 .text.HAL_TIM_PWM_MspInit
                0x00000000080022b0        0x2 build/stm32f0xx_hal_tim.o
                0x00000000080022b0                HAL_TIM_PWM_MspInit
 *fill*         0x00000000080022b2        0x2 
 .text.TIM_Base_SetConfig
                0x00000000080022b4       0xa4 build/stm32f0xx_hal_tim.o
                0x00000000080022b4                TIM_Base_SetConfig
 .text.HAL_TIM_Base_Init
                0x0000000008002358       0x34 build/stm32f0xx_hal_tim.o
                0x0000000008002358                HAL_TIM_Base_Init
 .text.HAL_TIM_PWM_Init
                0x000000000800238c       0x34 build/stm32f0xx_hal_tim.o
                0x000000000800238c                HAL_TIM_PWM_Init
 .text.HAL_TIM_Encoder_Init
                0x00000000080023c0       0xa4 build/stm32f0xx_hal_tim.o
                0x00000000080023c0                HAL_TIM_Encoder_Init
 .text.TIM_OC2_SetConfig
                0x0000000008002464       0x88 build/stm32f0xx_hal_tim.o
                0x0000000008002464                TIM_OC2_SetConfig
 .text.HAL_TIM_PWM_ConfigChannel
                0x00000000080024ec       0xec build/stm32f0xx_hal_tim.o
                0x00000000080024ec                HAL_TIM_PWM_ConfigChannel
 .text.TIM_ETR_SetConfig
                0x00000000080025d8       0x18 build/stm32f0xx_hal_tim.o
                0x00000000080025d8                TIM_ETR_SetConfig
 .text.HAL_TIM_ConfigClockSource
                0x00000000080025f0      0x118 build/stm32f0xx_hal_tim.o
                0x00000000080025f0                HAL_TIM_ConfigClockSource
 .text.TIM_CCxChannelCmd
                0x0000000008002708       0x16 build/stm32f0xx_hal_tim.o
                0x0000000008002708                TIM_CCxChannelCmd
 *fill*         0x000000000800271e        0x2 
 .text.HAL_TIM_PWM_Start
                0x0000000008002720       0x50 build/stm32f0xx_hal_tim.o
                0x0000000008002720                HAL_TIM_PWM_Start
 .text.HAL_TIM_PWM_Stop
                0x0000000008002770       0x80 build/stm32f0xx_hal_tim.o
                0x0000000008002770                HAL_TIM_PWM_Stop
 .text.HAL_TIMEx_MasterConfigSynchronization
                0x00000000080027f0       0x4c build/stm32f0xx_hal_tim_ex.o
                0x00000000080027f0                HAL_TIMEx_MasterConfigSynchronization
 .text.UART_SetConfig
                0x000000000800283c      0x20c build/stm32f0xx_hal_uart.o
                0x000000000800283c                UART_SetConfig
 .text.UART_AdvFeatureConfig
                0x0000000008002a48       0xe0 build/stm32f0xx_hal_uart.o
                0x0000000008002a48                UART_AdvFeatureConfig
 .text.UART_WaitOnFlagUntilTimeout
                0x0000000008002b28       0x6c build/stm32f0xx_hal_uart.o
                0x0000000008002b28                UART_WaitOnFlagUntilTimeout
 .text.UART_CheckIdleState
                0x0000000008002b94       0x84 build/stm32f0xx_hal_uart.o
                0x0000000008002b94                UART_CheckIdleState
 .text.HAL_UART_Init
                0x0000000008002c18       0x70 build/stm32f0xx_hal_uart.o
                0x0000000008002c18                HAL_UART_Init
 .text.HAL_RCC_OscConfig
                0x0000000008002c88      0x4fc build/stm32f0xx_hal_rcc.o
                0x0000000008002c88                HAL_RCC_OscConfig
 .text.HAL_RCC_GetSysClockFreq
                0x0000000008003184       0x94 build/stm32f0xx_hal_rcc.o
                0x0000000008003184                HAL_RCC_GetSysClockFreq
 .text.HAL_RCC_ClockConfig
                0x0000000008003218      0x184 build/stm32f0xx_hal_rcc.o
                0x0000000008003218                HAL_RCC_ClockConfig
 .text.HAL_RCC_GetHCLKFreq
                0x000000000800339c        0xc build/stm32f0xx_hal_rcc.o
                0x000000000800339c                HAL_RCC_GetHCLKFreq
 .text.HAL_RCC_GetPCLK1Freq
                0x00000000080033a8       0x20 build/stm32f0xx_hal_rcc.o
                0x00000000080033a8                HAL_RCC_GetPCLK1Freq
 .text.HAL_RCCEx_PeriphCLKConfig
                0x00000000080033c8      0x158 build/stm32f0xx_hal_rcc_ex.o
                0x00000000080033c8                HAL_RCCEx_PeriphCLKConfig
 .text.HAL_InitTick
                0x0000000008003520       0x24 build/stm32f0xx_hal.o
                0x0000000008003520                HAL_InitTick
 .text.HAL_Init
                0x0000000008003544       0x20 build/stm32f0xx_hal.o
                0x0000000008003544                HAL_Init
 .text.HAL_IncTick
                0x0000000008003564       0x10 build/stm32f0xx_hal.o
                0x0000000008003564                HAL_IncTick
 .text.HAL_GetTick
                0x0000000008003574        0xc build/stm32f0xx_hal.o
                0x0000000008003574                HAL_GetTick
 .text.HAL_Delay
                0x0000000008003580       0x22 build/stm32f0xx_hal.o
                0x0000000008003580                HAL_Delay
 *fill*         0x00000000080035a2        0x2 
 .text.HAL_GPIO_Init
                0x00000000080035a4      0x198 build/stm32f0xx_hal_gpio.o
                0x00000000080035a4                HAL_GPIO_Init
 .text.HAL_GPIO_ReadPin
                0x000000000800373c        0xe build/stm32f0xx_hal_gpio.o
                0x000000000800373c                HAL_GPIO_ReadPin
 .text.HAL_GPIO_WritePin
                0x000000000800374a        0xc build/stm32f0xx_hal_gpio.o
                0x000000000800374a                HAL_GPIO_WritePin
 .text.DMA_SetConfig
                0x0000000008003756       0x2a build/stm32f0xx_hal_dma.o
 .text.DMA_CalcBaseAndBitshift
                0x0000000008003780       0x28 build/stm32f0xx_hal_dma.o
 .text.HAL_DMA_Init
                0x00000000080037a8       0x58 build/stm32f0xx_hal_dma.o
                0x00000000080037a8                HAL_DMA_Init
 .text.HAL_DMA_Start_IT
                0x0000000008003800       0x76 build/stm32f0xx_hal_dma.o
                0x0000000008003800                HAL_DMA_Start_IT
 .text.HAL_DMA_IRQHandler
                0x0000000008003876       0xaa build/stm32f0xx_hal_dma.o
                0x0000000008003876                HAL_DMA_IRQHandler
 .text.HAL_DMA_GetState
                0x0000000008003920        0x8 build/stm32f0xx_hal_dma.o
                0x0000000008003920                HAL_DMA_GetState
 .text.HAL_NVIC_SetPriority
                0x0000000008003928       0x60 build/stm32f0xx_hal_cortex.o
                0x0000000008003928                HAL_NVIC_SetPriority
 .text.HAL_NVIC_EnableIRQ
                0x0000000008003988       0x14 build/stm32f0xx_hal_cortex.o
                0x0000000008003988                HAL_NVIC_EnableIRQ
 .text.HAL_SYSTICK_Config
                0x000000000800399c       0x38 build/stm32f0xx_hal_cortex.o
                0x000000000800399c                HAL_SYSTICK_Config
 .text.SystemInit
                0x00000000080039d4       0xa0 build/system_stm32f0xx.o
                0x00000000080039d4                SystemInit
 .text.USBD_Init
                0x0000000008003a74       0x38 build/usbd_core.o
                0x0000000008003a74                USBD_Init
 .text.USBD_RegisterClass
                0x0000000008003aac       0x12 build/usbd_core.o
                0x0000000008003aac                USBD_RegisterClass
 .text.USBD_Start
                0x0000000008003abe        0xa build/usbd_core.o
                0x0000000008003abe                USBD_Start
 .text.USBD_SetClassConfig
                0x0000000008003ac8       0x20 build/usbd_core.o
                0x0000000008003ac8                USBD_SetClassConfig
 .text.USBD_ClrClassConfig
                0x0000000008003ae8       0x10 build/usbd_core.o
                0x0000000008003ae8                USBD_ClrClassConfig
 .text.USBD_LL_SetupStage
                0x0000000008003af8       0x68 build/usbd_core.o
                0x0000000008003af8                USBD_LL_SetupStage
 .text.USBD_LL_DataOutStage
                0x0000000008003b60       0x78 build/usbd_core.o
                0x0000000008003b60                USBD_LL_DataOutStage
 .text.USBD_LL_DataInStage
                0x0000000008003bd8       0xc2 build/usbd_core.o
                0x0000000008003bd8                USBD_LL_DataInStage
 .text.USBD_LL_Reset
                0x0000000008003c9a       0x46 build/usbd_core.o
                0x0000000008003c9a                USBD_LL_Reset
 .text.USBD_LL_SetSpeed
                0x0000000008003ce0        0x6 build/usbd_core.o
                0x0000000008003ce0                USBD_LL_SetSpeed
 .text.USBD_LL_Suspend
                0x0000000008003ce6       0x16 build/usbd_core.o
                0x0000000008003ce6                USBD_LL_Suspend
 .text.USBD_LL_Resume
                0x0000000008003cfc        0xe build/usbd_core.o
                0x0000000008003cfc                USBD_LL_Resume
 .text.USBD_LL_SOF
                0x0000000008003d0a       0x20 build/usbd_core.o
                0x0000000008003d0a                USBD_LL_SOF
 .text.USBD_GetLen
                0x0000000008003d2a       0x14 build/usbd_ctlreq.o
 .text.USBD_SetFeature
                0x0000000008003d3e       0x22 build/usbd_ctlreq.o
 .text.USBD_ParseSetupRequest
                0x0000000008003d60       0x28 build/usbd_ctlreq.o
                0x0000000008003d60                USBD_ParseSetupRequest
 .text.USBD_CtlError
                0x0000000008003d88       0x14 build/usbd_ctlreq.o
                0x0000000008003d88                USBD_CtlError
 .text.USBD_GetDescriptor
                0x0000000008003d9c      0x15c build/usbd_ctlreq.o
 .text.USBD_SetAddress
                0x0000000008003ef8       0x58 build/usbd_ctlreq.o
 .text.USBD_SetConfig
                0x0000000008003f50       0xb0 build/usbd_ctlreq.o
 .text.USBD_GetConfig
                0x0000000008004000       0x3c build/usbd_ctlreq.o
 .text.USBD_GetStatus
                0x000000000800403c       0x34 build/usbd_ctlreq.o
 .text.USBD_ClrFeature
                0x0000000008004070       0x36 build/usbd_ctlreq.o
 *fill*         0x00000000080040a6        0x2 
 .text.USBD_StdDevReq
                0x00000000080040a8       0x48 build/usbd_ctlreq.o
                0x00000000080040a8                USBD_StdDevReq
 .text.USBD_StdItfReq
                0x00000000080040f0       0x3e build/usbd_ctlreq.o
                0x00000000080040f0                USBD_StdItfReq
 .text.USBD_StdEPReq
                0x000000000800412e      0x138 build/usbd_ctlreq.o
                0x000000000800412e                USBD_StdEPReq
 .text.USBD_GetString
                0x0000000008004266       0x3c build/usbd_ctlreq.o
                0x0000000008004266                USBD_GetString
 .text.USBD_CtlSendData
                0x00000000080042a2       0x1c build/usbd_ioreq.o
                0x00000000080042a2                USBD_CtlSendData
 .text.USBD_CtlContinueSendData
                0x00000000080042be       0x10 build/usbd_ioreq.o
                0x00000000080042be                USBD_CtlContinueSendData
 .text.USBD_CtlPrepareRx
                0x00000000080042ce       0x20 build/usbd_ioreq.o
                0x00000000080042ce                USBD_CtlPrepareRx
 .text.USBD_CtlContinueRx
                0x00000000080042ee       0x10 build/usbd_ioreq.o
                0x00000000080042ee                USBD_CtlContinueRx
 .text.USBD_CtlSendStatus
                0x00000000080042fe       0x18 build/usbd_ioreq.o
                0x00000000080042fe                USBD_CtlSendStatus
 .text.USBD_CtlReceiveStatus
                0x0000000008004316       0x18 build/usbd_ioreq.o
                0x0000000008004316                USBD_CtlReceiveStatus
 .text.USBD_CDC_DataIn
                0x000000000800432e       0x1a build/usbd_cdc.o
 .text.USBD_CDC_EP0_RxReady
                0x0000000008004348       0x34 build/usbd_cdc.o
 .text.USBD_CDC_GetFSCfgDesc
                0x000000000800437c        0xc build/usbd_cdc.o
 .text.USBD_CDC_GetHSCfgDesc
                0x0000000008004388        0xc build/usbd_cdc.o
 .text.USBD_CDC_GetOtherSpeedCfgDesc
                0x0000000008004394        0xc build/usbd_cdc.o
 .text.USBD_CDC_GetDeviceQualifierDescriptor
                0x00000000080043a0        0xc build/usbd_cdc.o
                0x00000000080043a0                USBD_CDC_GetDeviceQualifierDescriptor
 .text.USBD_CDC_DataOut
                0x00000000080043ac       0x36 build/usbd_cdc.o
 *fill*         0x00000000080043e2        0x2 
 .text.USBD_CDC_Setup
                0x00000000080043e4       0x84 build/usbd_cdc.o
 .text.USBD_CDC_DeInit
                0x0000000008004468       0x40 build/usbd_cdc.o
 .text.USBD_CDC_Init
                0x00000000080044a8       0xa4 build/usbd_cdc.o
 .text.USBD_CDC_RegisterInterface
                0x000000000800454c       0x12 build/usbd_cdc.o
                0x000000000800454c                USBD_CDC_RegisterInterface
 .text.USBD_CDC_SetTxBuffer
                0x000000000800455e       0x16 build/usbd_cdc.o
                0x000000000800455e                USBD_CDC_SetTxBuffer
 .text.USBD_CDC_SetRxBuffer
                0x0000000008004574        0xe build/usbd_cdc.o
                0x0000000008004574                USBD_CDC_SetRxBuffer
 .text.USBD_CDC_ReceivePacket
                0x0000000008004582       0x3e build/usbd_cdc.o
                0x0000000008004582                USBD_CDC_ReceivePacket
 .text.Reset_Handler
                0x00000000080045c0       0x50 build/startup_stm32f072xb.o
                0x00000000080045c0                Reset_Handler
 .text.Default_Handler
                0x0000000008004610        0x2 build/startup_stm32f072xb.o
                0x0000000008004610                TIM1_CC_IRQHandler
                0x0000000008004610                TSC_IRQHandler
                0x0000000008004610                ADC1_COMP_IRQHandler
                0x0000000008004610                I2C1_IRQHandler
                0x0000000008004610                RCC_CRS_IRQHandler
                0x0000000008004610                SPI1_IRQHandler
                0x0000000008004610                TIM6_DAC_IRQHandler
                0x0000000008004610                USART3_4_IRQHandler
                0x0000000008004610                EXTI2_3_IRQHandler
                0x0000000008004610                I2C2_IRQHandler
                0x0000000008004610                TIM17_IRQHandler
                0x0000000008004610                CEC_CAN_IRQHandler
                0x0000000008004610                RTC_IRQHandler
                0x0000000008004610                PVD_VDDIO2_IRQHandler
                0x0000000008004610                TIM16_IRQHandler
                0x0000000008004610                TIM3_IRQHandler
                0x0000000008004610                EXTI4_15_IRQHandler
                0x0000000008004610                Default_Handler
                0x0000000008004610                TIM14_IRQHandler
                0x0000000008004610                TIM7_IRQHandler
                0x0000000008004610                TIM15_IRQHandler
                0x0000000008004610                EXTI0_1_IRQHandler
                0x0000000008004610                SPI2_IRQHandler
                0x0000000008004610                WWDG_IRQHandler
                0x0000000008004610                TIM2_IRQHandler
                0x0000000008004610                USART2_IRQHandler
                0x0000000008004610                FLASH_IRQHandler
                0x0000000008004610                USART1_IRQHandler
                0x0000000008004610                TIM1_BRK_UP_TRG_COM_IRQHandler
 *fill*         0x0000000008004612        0x2 
 .text.__libc_init_array
                0x0000000008004614       0x48 /usr/bin/../lib/gcc/arm-none-eabi/7.3.1/../../../../arm-none-eabi/lib/thumb/v6-m/libc_nano.a(lib_a-init.o)
                0x0000000008004614                __libc_init_array
 .text.memset   0x000000000800465c       0x10 /usr/bin/../lib/gcc/arm-none-eabi/7.3.1/../../../../arm-none-eabi/lib/thumb/v6-m/libc_nano.a(lib_a-memset.o)
                0x000000000800465c                memset
 *(.glue_7)
 .glue_7        0x000000000800466c        0x0 linker stubs
 *(.glue_7t)
 .glue_7t       0x000000000800466c        0x0 linker stubs
 *(.eh_frame)
 .eh_frame      0x000000000800466c        0x0 /usr/bin/../lib/gcc/arm-none-eabi/7.3.1/thumb/v6-m/crtbegin.o
 *(.init)
 .init          0x000000000800466c        0x4 /usr/bin/../lib/gcc/arm-none-eabi/7.3.1/thumb/v6-m/crti.o
                0x000000000800466c                _init
 .init          0x0000000008004670        0x8 /usr/bin/../lib/gcc/arm-none-eabi/7.3.1/thumb/v6-m/crtn.o
 *(.fini)
 .fini          0x0000000008004678        0x4 /usr/bin/../lib/gcc/arm-none-eabi/7.3.1/thumb/v6-m/crti.o
                0x0000000008004678                _fini
 .fini          0x000000000800467c        0x8 /usr/bin/../lib/gcc/arm-none-eabi/7.3.1/thumb/v6-m/crtn.o
                0x0000000008004684                . = ALIGN (0x4)
                0x0000000008004684                _etext = .

.vfp11_veneer   0x0000000008004684        0x0
 .vfp11_veneer  0x0000000008004684        0x0 linker stubs

.v4_bx          0x0000000008004684        0x0
 .v4_bx         0x0000000008004684        0x0 linker stubs

.iplt           0x0000000008004684        0x0
 .iplt          0x0000000008004684        0x0 /usr/bin/../lib/gcc/arm-none-eabi/7.3.1/thumb/v6-m/crtbegin.o

.rodata         0x0000000008004684       0xf0
                0x0000000008004684                . = ALIGN (0x4)
 *(.rodata)
 .rodata        0x0000000008004684       0x20 build/stm32f0xx_hal_rcc.o
 *(.rodata*)
 .rodata.USBD_FS_ConfigStrDescriptor.str1.4
                0x00000000080046a4        0xb build/usbd_desc.o
 *fill*         0x00000000080046af        0x1 
 .rodata.USBD_FS_InterfaceStrDescriptor.str1.4
                0x00000000080046b0        0xe build/usbd_desc.o
 *fill*         0x00000000080046be        0x2 
 .rodata.USBD_FS_ManufacturerStrDescriptor.str1.4
                0x00000000080046c0       0x13 build/usbd_desc.o
 *fill*         0x00000000080046d3        0x1 
 .rodata.USBD_FS_ProductStrDescriptor.str1.4
                0x00000000080046d4       0x16 build/usbd_desc.o
 *fill*         0x00000000080046ea        0x2 
 .rodata.USBD_FS_SerialStrDescriptor.str1.4
                0x00000000080046ec       0x10 build/usbd_desc.o
                                          0xd (size before relaxing)
 .rodata.AHBPrescTable
                0x00000000080046fc       0x10 build/system_stm32f0xx.o
                0x00000000080046fc                AHBPrescTable
 .rodata.APBPrescTable
                0x000000000800470c        0x8 build/system_stm32f0xx.o
                0x000000000800470c                APBPrescTable
 .rodata.USBD_GetDescriptor
                0x0000000008004714       0x38 build/usbd_ctlreq.o
 .rodata.USBD_StdDevReq
                0x000000000800474c       0x28 build/usbd_ctlreq.o
                0x0000000008004774                . = ALIGN (0x4)

.rel.dyn        0x0000000008004774        0x0
 .rel.iplt      0x0000000008004774        0x0 /usr/bin/../lib/gcc/arm-none-eabi/7.3.1/thumb/v6-m/crtbegin.o

.ARM.extab
 *(.ARM.extab* .gnu.linkonce.armextab.*)

.ARM            0x0000000008004774        0x0
                0x0000000008004774                __exidx_start = .
 *(.ARM.exidx*)
                0x0000000008004774                __exidx_end = .

.preinit_array  0x0000000008004774        0x0
                0x0000000008004774                PROVIDE (__preinit_array_start = .)
 *(.preinit_array*)
                0x0000000008004774                PROVIDE (__preinit_array_end = .)

.init_array     0x0000000008004774        0x4
                0x0000000008004774                PROVIDE (__init_array_start = .)
 *(SORT_BY_NAME(.init_array.*))
 *(.init_array*)
 .init_array    0x0000000008004774        0x4 /usr/bin/../lib/gcc/arm-none-eabi/7.3.1/thumb/v6-m/crtbegin.o
                0x0000000008004778                PROVIDE (__init_array_end = .)

.fini_array     0x0000000008004778        0x4
                [!provide]                        PROVIDE (__fini_array_start = .)
 *(SORT_BY_NAME(.fini_array.*))
 *(.fini_array*)
 .fini_array    0x0000000008004778        0x4 /usr/bin/../lib/gcc/arm-none-eabi/7.3.1/thumb/v6-m/crtbegin.o
                [!provide]                        PROVIDE (__fini_array_end = .)
                0x000000000800477c                _sidata = LOADADDR (.data)

.data           0x0000000020000000      0x15c load address 0x000000000800477c
                0x0000000020000000                . = ALIGN (0x4)
                0x0000000020000000                _sdata = .
 *(.data)
 *(.data*)
 .data.PER      0x0000000020000000        0x2 build/main.o
                0x0000000020000000                PER
 *fill*         0x0000000020000002        0x2 
 .data.FS_Desc  0x0000000020000004       0x1c build/usbd_desc.o
                0x0000000020000004                FS_Desc
 .data.USBD_FS_DeviceDesc
                0x0000000020000020       0x12 build/usbd_desc.o
                0x0000000020000020                USBD_FS_DeviceDesc
 *fill*         0x0000000020000032        0x2 
 .data.USBD_LangIDDesc
                0x0000000020000034        0x4 build/usbd_desc.o
                0x0000000020000034                USBD_LangIDDesc
 .data.USBD_Interface_fops_FS
                0x0000000020000038       0x10 build/usbd_cdc_if.o
                0x0000000020000038                USBD_Interface_fops_FS
 .data.SystemCoreClock
                0x0000000020000048        0x4 build/system_stm32f0xx.o
                0x0000000020000048                SystemCoreClock
 .data.USBD_CDC
                0x000000002000004c       0x38 build/usbd_cdc.o
                0x000000002000004c                USBD_CDC
 .data.USBD_CDC_CfgFSDesc
                0x0000000020000084       0x43 build/usbd_cdc.o
                0x0000000020000084                USBD_CDC_CfgFSDesc
 *fill*         0x00000000200000c7        0x1 
 .data.USBD_CDC_CfgHSDesc
                0x00000000200000c8       0x43 build/usbd_cdc.o
                0x00000000200000c8                USBD_CDC_CfgHSDesc
 *fill*         0x000000002000010b        0x1 
 .data.USBD_CDC_DeviceQualifierDesc
                0x000000002000010c        0xa build/usbd_cdc.o
 *fill*         0x0000000020000116        0x2 
 .data.USBD_CDC_OtherSpeedCfgDesc
                0x0000000020000118       0x43 build/usbd_cdc.o
                0x0000000020000118                USBD_CDC_OtherSpeedCfgDesc
                0x000000002000015c                . = ALIGN (0x4)
 *fill*         0x000000002000015b        0x1 
                0x000000002000015c                _edata = .

.igot.plt       0x000000002000015c        0x0 load address 0x00000000080048d8
 .igot.plt      0x000000002000015c        0x0 /usr/bin/../lib/gcc/arm-none-eabi/7.3.1/thumb/v6-m/crtbegin.o
                0x000000002000015c                . = ALIGN (0x4)

.bss            0x000000002000015c     0x1414 load address 0x00000000080048d8
                0x000000002000015c                _sbss = .
                0x000000002000015c                __bss_start__ = _sbss
 *(.bss)
 .bss           0x000000002000015c       0x1c /usr/bin/../lib/gcc/arm-none-eabi/7.3.1/thumb/v6-m/crtbegin.o
 *(.bss*)
 .bss.mem.8354  0x0000000020000178      0x220 build/usbd_conf.o
 .bss.cfgidx.8197
                0x0000000020000398        0x1 build/usbd_ctlreq.o
 .bss.ifalt.8192
                0x0000000020000399        0x1 build/usbd_cdc.o
 *(COMMON)
 *fill*         0x000000002000039a        0x2 
 COMMON         0x000000002000039c      0x3b8 build/main.o
                0x000000002000039c                my_data_buf
                0x000000002000047c                hdma_tim2_ch1
                0x00000000200004c0                hdma_usart3_rx
                0x0000000020000504                huart3
                0x0000000020000574                hdma_usart3_tx
                0x00000000200005b8                htim3
                0x00000000200005f8                hdma_tim2_uev
                0x000000002000063c                htim1
                0x000000002000067c                my_data_buf_fire
                0x000000002000068c                hdma_tim2_ch4
                0x00000000200006d0                htim2
                0x0000000020000710                hdma_tim2_ch3
 COMMON         0x0000000020000754      0x224 build/usb_device.o
                0x0000000020000754                hUsbDeviceFS
 COMMON         0x0000000020000978      0x220 build/usbd_conf.o
                0x0000000020000978                hpcd_USB_FS
 COMMON         0x0000000020000b98      0x200 build/usbd_desc.o
                0x0000000020000b98                USBD_StrDesc
 COMMON         0x0000000020000d98      0x7d0 build/usbd_cdc_if.o
                0x0000000020000d98                UserRxBufferFS
                0x0000000020001180                UserTxBufferFS
 COMMON         0x0000000020001568        0x4 build/stm32f0xx_hal.o
                0x0000000020001568                uwTick
 COMMON         0x000000002000156c        0x4 build/system_stm32f0xx.o
                0x000000002000156c                SysMemBootJump
                0x0000000020001570                . = ALIGN (0x4)
                0x0000000020001570                _ebss = .
                0x0000000020001570                __bss_end__ = _ebss

._user_heap_stack
                0x0000000020001570      0x600 load address 0x00000000080048d8
                0x0000000020001570                . = ALIGN (0x8)
                [!provide]                        PROVIDE (end = .)
                [!provide]                        PROVIDE (_end = .)
                0x0000000020001770                . = (. + _Min_Heap_Size)
 *fill*         0x0000000020001570      0x200 
                0x0000000020001b70                . = (. + _Min_Stack_Size)
 *fill*         0x0000000020001770      0x400 
                0x0000000020001b70                . = ALIGN (0x8)

/DISCARD/
 libc.a(*)
 libm.a(*)
 libgcc.a(*)

.ARM.attributes
                0x0000000000000000       0x28
 *(.ARM.attributes)
 .ARM.attributes
                0x0000000000000000       0x1e /usr/bin/../lib/gcc/arm-none-eabi/7.3.1/thumb/v6-m/crti.o
 .ARM.attributes
                0x000000000000001e       0x2c /usr/bin/../lib/gcc/arm-none-eabi/7.3.1/thumb/v6-m/crtbegin.o
 .ARM.attributes
                0x000000000000004a       0x31 build/main.o
 .ARM.attributes
                0x000000000000007b       0x31 build/usb_device.o
 .ARM.attributes
                0x00000000000000ac       0x31 build/usbd_conf.o
 .ARM.attributes
                0x00000000000000dd       0x31 build/usbd_desc.o
 .ARM.attributes
                0x000000000000010e       0x31 build/usbd_cdc_if.o
 .ARM.attributes
                0x000000000000013f       0x31 build/stm32f0xx_it.o
 .ARM.attributes
                0x0000000000000170       0x31 build/stm32f0xx_hal_msp.o
 .ARM.attributes
                0x00000000000001a1       0x31 build/stm32f0xx_hal_pcd.o
 .ARM.attributes
                0x00000000000001d2       0x31 build/stm32f0xx_hal_pcd_ex.o
 .ARM.attributes
                0x0000000000000203       0x31 build/stm32f0xx_hal_tim.o
 .ARM.attributes
                0x0000000000000234       0x31 build/stm32f0xx_hal_tim_ex.o
 .ARM.attributes
                0x0000000000000265       0x31 build/stm32f0xx_hal_uart.o
 .ARM.attributes
                0x0000000000000296       0x31 build/stm32f0xx_hal_rcc.o
 .ARM.attributes
                0x00000000000002c7       0x31 build/stm32f0xx_hal_rcc_ex.o
 .ARM.attributes
                0x00000000000002f8       0x31 build/stm32f0xx_hal.o
 .ARM.attributes
                0x0000000000000329       0x31 build/stm32f0xx_hal_gpio.o
 .ARM.attributes
                0x000000000000035a       0x31 build/stm32f0xx_hal_dma.o
 .ARM.attributes
                0x000000000000038b       0x31 build/stm32f0xx_hal_cortex.o
 .ARM.attributes
                0x00000000000003bc       0x31 build/system_stm32f0xx.o
 .ARM.attributes
                0x00000000000003ed       0x31 build/usbd_core.o
 .ARM.attributes
                0x000000000000041e       0x31 build/usbd_ctlreq.o
 .ARM.attributes
                0x000000000000044f       0x31 build/usbd_ioreq.o
 .ARM.attributes
                0x0000000000000480       0x31 build/usbd_cdc.o
 .ARM.attributes
                0x00000000000004b1       0x21 build/startup_stm32f072xb.o
 .ARM.attributes
                0x00000000000004d2       0x2c /usr/bin/../lib/gcc/arm-none-eabi/7.3.1/../../../../arm-none-eabi/lib/thumb/v6-m/libc_nano.a(lib_a-init.o)
 .ARM.attributes
                0x00000000000004fe       0x2c /usr/bin/../lib/gcc/arm-none-eabi/7.3.1/../../../../arm-none-eabi/lib/thumb/v6-m/libc_nano.a(lib_a-memset.o)
 .ARM.attributes
                0x000000000000052a       0x1e /usr/bin/../lib/gcc/arm-none-eabi/7.3.1/thumb/v6-m/libgcc.a(_udivsi3.o)
 .ARM.attributes
                0x0000000000000548       0x1e /usr/bin/../lib/gcc/arm-none-eabi/7.3.1/thumb/v6-m/libgcc.a(_dvmd_tls.o)
 .ARM.attributes
                0x0000000000000566       0x1e /usr/bin/../lib/gcc/arm-none-eabi/7.3.1/thumb/v6-m/crtn.o
OUTPUT(build/printer.elf elf32-littlearm)

.debug_info     0x0000000000000000    0x213f2
 .debug_info    0x0000000000000000     0x2594 build/main.o
 .debug_info    0x0000000000002594      0xfcf build/usb_device.o
 .debug_info    0x0000000000003563     0x222c build/usbd_conf.o
 .debug_info    0x000000000000578f      0xe57 build/usbd_desc.o
 .debug_info    0x00000000000065e6     0x1215 build/usbd_cdc_if.o
 .debug_info    0x00000000000077fb     0x121e build/stm32f0xx_it.o
 .debug_info    0x0000000000008a19     0x18f9 build/stm32f0xx_hal_msp.o
 .debug_info    0x000000000000a312     0x1d6b build/stm32f0xx_hal_pcd.o
 .debug_info    0x000000000000c07d      0xf1e build/stm32f0xx_hal_pcd_ex.o
 .debug_info    0x000000000000cf9b     0x3a9f build/stm32f0xx_hal_tim.o
 .debug_info    0x0000000000010a3a     0x1daf build/stm32f0xx_hal_tim_ex.o
 .debug_info    0x00000000000127e9     0x232e build/stm32f0xx_hal_uart.o
 .debug_info    0x0000000000014b17     0x1321 build/stm32f0xx_hal_rcc.o
 .debug_info    0x0000000000015e38     0x106a build/stm32f0xx_hal_rcc_ex.o
 .debug_info    0x0000000000016ea2     0x1016 build/stm32f0xx_hal.o
 .debug_info    0x0000000000017eb8      0xfc3 build/stm32f0xx_hal_gpio.o
 .debug_info    0x0000000000018e7b     0x118f build/stm32f0xx_hal_dma.o
 .debug_info    0x000000000001a00a     0x114e build/stm32f0xx_hal_cortex.o
 .debug_info    0x000000000001b158      0xbc5 build/system_stm32f0xx.o
 .debug_info    0x000000000001bd1d     0x1652 build/usbd_core.o
 .debug_info    0x000000000001d36f     0x181f build/usbd_ctlreq.o
 .debug_info    0x000000000001eb8e     0x1129 build/usbd_ioreq.o
 .debug_info    0x000000000001fcb7     0x1719 build/usbd_cdc.o
 .debug_info    0x00000000000213d0       0x22 build/startup_stm32f072xb.o

.debug_abbrev   0x0000000000000000     0x3fa5
 .debug_abbrev  0x0000000000000000      0x38e build/main.o
 .debug_abbrev  0x000000000000038e      0x1f7 build/usb_device.o
 .debug_abbrev  0x0000000000000585      0x33e build/usbd_conf.o
 .debug_abbrev  0x00000000000008c3      0x252 build/usbd_desc.o
 .debug_abbrev  0x0000000000000b15      0x2c5 build/usbd_cdc_if.o
 .debug_abbrev  0x0000000000000dda      0x211 build/stm32f0xx_it.o
 .debug_abbrev  0x0000000000000feb      0x2a0 build/stm32f0xx_hal_msp.o
 .debug_abbrev  0x000000000000128b      0x38d build/stm32f0xx_hal_pcd.o
 .debug_abbrev  0x0000000000001618      0x1ea build/stm32f0xx_hal_pcd_ex.o
 .debug_abbrev  0x0000000000001802      0x310 build/stm32f0xx_hal_tim.o
 .debug_abbrev  0x0000000000001b12      0x2f8 build/stm32f0xx_hal_tim_ex.o
 .debug_abbrev  0x0000000000001e0a      0x2e1 build/stm32f0xx_hal_uart.o
 .debug_abbrev  0x00000000000020eb      0x2e6 build/stm32f0xx_hal_rcc.o
 .debug_abbrev  0x00000000000023d1      0x2d5 build/stm32f0xx_hal_rcc_ex.o
 .debug_abbrev  0x00000000000026a6      0x2d9 build/stm32f0xx_hal.o
 .debug_abbrev  0x000000000000297f      0x2be build/stm32f0xx_hal_gpio.o
 .debug_abbrev  0x0000000000002c3d      0x2dd build/stm32f0xx_hal_dma.o
 .debug_abbrev  0x0000000000002f1a      0x32e build/stm32f0xx_hal_cortex.o
 .debug_abbrev  0x0000000000003248      0x22d build/system_stm32f0xx.o
 .debug_abbrev  0x0000000000003475      0x2db build/usbd_core.o
 .debug_abbrev  0x0000000000003750      0x31e build/usbd_ctlreq.o
 .debug_abbrev  0x0000000000003a6e      0x1f0 build/usbd_ioreq.o
 .debug_abbrev  0x0000000000003c5e      0x335 build/usbd_cdc.o
 .debug_abbrev  0x0000000000003f93       0x12 build/startup_stm32f072xb.o

.debug_loc      0x0000000000000000     0xe42f
 .debug_loc     0x0000000000000000      0x238 build/main.o
 .debug_loc     0x0000000000000238       0x20 build/usb_device.o
 .debug_loc     0x0000000000000258      0xfa1 build/usbd_conf.o
 .debug_loc     0x00000000000011f9      0x357 build/usbd_desc.o
 .debug_loc     0x0000000000001550      0x1a3 build/usbd_cdc_if.o
 .debug_loc     0x00000000000016f3       0x80 build/stm32f0xx_it.o
 .debug_loc     0x0000000000001773      0x2eb build/stm32f0xx_hal_msp.o
 .debug_loc     0x0000000000001a5e     0x146d build/stm32f0xx_hal_pcd.o
 .debug_loc     0x0000000000002ecb      0x10a build/stm32f0xx_hal_pcd_ex.o
 .debug_loc     0x0000000000002fd5     0x416b build/stm32f0xx_hal_tim.o
 .debug_loc     0x0000000000007140     0x167a build/stm32f0xx_hal_tim_ex.o
 .debug_loc     0x00000000000087ba     0x1c1d build/stm32f0xx_hal_uart.o
 .debug_loc     0x000000000000a3d7      0x5d5 build/stm32f0xx_hal_rcc.o
 .debug_loc     0x000000000000a9ac      0x857 build/stm32f0xx_hal_rcc_ex.o
 .debug_loc     0x000000000000b203      0x108 build/stm32f0xx_hal.o
 .debug_loc     0x000000000000b30b      0x3a2 build/stm32f0xx_hal_gpio.o
 .debug_loc     0x000000000000b6ad      0x95a build/stm32f0xx_hal_dma.o
 .debug_loc     0x000000000000c007      0x3d3 build/stm32f0xx_hal_cortex.o
 .debug_loc     0x000000000000c3da      0x18f build/system_stm32f0xx.o
 .debug_loc     0x000000000000c569      0x8c4 build/usbd_core.o
 .debug_loc     0x000000000000ce2d      0xc9d build/usbd_ctlreq.o
 .debug_loc     0x000000000000daca      0x31c build/usbd_ioreq.o
 .debug_loc     0x000000000000dde6      0x649 build/usbd_cdc.o

.debug_aranges  0x0000000000000000     0x1060
 .debug_aranges
                0x0000000000000000       0x80 build/main.o
 .debug_aranges
                0x0000000000000080       0x20 build/usb_device.o
 .debug_aranges
                0x00000000000000a0      0x118 build/usbd_conf.o
 .debug_aranges
                0x00000000000001b8       0x50 build/usbd_desc.o
 .debug_aranges
                0x0000000000000208       0x40 build/usbd_cdc_if.o
 .debug_aranges
                0x0000000000000248       0x60 build/stm32f0xx_it.o
 .debug_aranges
                0x00000000000002a8       0x58 build/stm32f0xx_hal_msp.o
 .debug_aranges
                0x0000000000000300      0x130 build/stm32f0xx_hal_pcd.o
 .debug_aranges
                0x0000000000000430       0x20 build/stm32f0xx_hal_pcd_ex.o
 .debug_aranges
                0x0000000000000450      0x378 build/stm32f0xx_hal_tim.o
 .debug_aranges
                0x00000000000007c8      0x148 build/stm32f0xx_hal_tim_ex.o
 .debug_aranges
                0x0000000000000910      0x1d8 build/stm32f0xx_hal_uart.o
 .debug_aranges
                0x0000000000000ae8       0x80 build/stm32f0xx_hal_rcc.o
 .debug_aranges
                0x0000000000000b68       0x78 build/stm32f0xx_hal_rcc_ex.o
 .debug_aranges
                0x0000000000000be0       0xb8 build/stm32f0xx_hal.o
 .debug_aranges
                0x0000000000000c98       0x58 build/stm32f0xx_hal_gpio.o
 .debug_aranges
                0x0000000000000cf0       0x88 build/stm32f0xx_hal_dma.o
 .debug_aranges
                0x0000000000000d78       0x78 build/stm32f0xx_hal_cortex.o
 .debug_aranges
                0x0000000000000df0       0x28 build/system_stm32f0xx.o
 .debug_aranges
                0x0000000000000e18       0xb8 build/usbd_core.o
 .debug_aranges
                0x0000000000000ed0       0x88 build/usbd_ctlreq.o
 .debug_aranges
                0x0000000000000f58       0x50 build/usbd_ioreq.o
 .debug_aranges
                0x0000000000000fa8       0x90 build/usbd_cdc.o
 .debug_aranges
                0x0000000000001038       0x28 build/startup_stm32f072xb.o

.debug_ranges   0x0000000000000000     0x1050
 .debug_ranges  0x0000000000000000       0x70 build/main.o
 .debug_ranges  0x0000000000000070       0x10 build/usb_device.o
 .debug_ranges  0x0000000000000080      0x108 build/usbd_conf.o
 .debug_ranges  0x0000000000000188       0x40 build/usbd_desc.o
 .debug_ranges  0x00000000000001c8       0x30 build/usbd_cdc_if.o
 .debug_ranges  0x00000000000001f8       0x50 build/stm32f0xx_it.o
 .debug_ranges  0x0000000000000248       0x48 build/stm32f0xx_hal_msp.o
 .debug_ranges  0x0000000000000290      0x210 build/stm32f0xx_hal_pcd.o
 .debug_ranges  0x00000000000004a0       0x10 build/stm32f0xx_hal_pcd_ex.o
 .debug_ranges  0x00000000000004b0      0x368 build/stm32f0xx_hal_tim.o
 .debug_ranges  0x0000000000000818      0x138 build/stm32f0xx_hal_tim_ex.o
 .debug_ranges  0x0000000000000950      0x1c8 build/stm32f0xx_hal_uart.o
 .debug_ranges  0x0000000000000b18       0x88 build/stm32f0xx_hal_rcc.o
 .debug_ranges  0x0000000000000ba0       0x80 build/stm32f0xx_hal_rcc_ex.o
 .debug_ranges  0x0000000000000c20       0xa8 build/stm32f0xx_hal.o
 .debug_ranges  0x0000000000000cc8       0x48 build/stm32f0xx_hal_gpio.o
 .debug_ranges  0x0000000000000d10       0x78 build/stm32f0xx_hal_dma.o
 .debug_ranges  0x0000000000000d88       0xb0 build/stm32f0xx_hal_cortex.o
 .debug_ranges  0x0000000000000e38       0x18 build/system_stm32f0xx.o
 .debug_ranges  0x0000000000000e50       0xa8 build/usbd_core.o
 .debug_ranges  0x0000000000000ef8       0x78 build/usbd_ctlreq.o
 .debug_ranges  0x0000000000000f70       0x40 build/usbd_ioreq.o
 .debug_ranges  0x0000000000000fb0       0x80 build/usbd_cdc.o
 .debug_ranges  0x0000000000001030       0x20 build/startup_stm32f072xb.o

.debug_line     0x0000000000000000     0x6ed4
 .debug_line    0x0000000000000000      0x4aa build/main.o
 .debug_line    0x00000000000004aa      0x21c build/usb_device.o
 .debug_line    0x00000000000006c6      0x58c build/usbd_conf.o
 .debug_line    0x0000000000000c52      0x241 build/usbd_desc.o
 .debug_line    0x0000000000000e93      0x24b build/usbd_cdc_if.o
 .debug_line    0x00000000000010de      0x255 build/stm32f0xx_it.o
 .debug_line    0x0000000000001333      0x314 build/stm32f0xx_hal_msp.o
 .debug_line    0x0000000000001647      0x863 build/stm32f0xx_hal_pcd.o
 .debug_line    0x0000000000001eaa      0x1cf build/stm32f0xx_hal_pcd_ex.o
 .debug_line    0x0000000000002079     0x135c build/stm32f0xx_hal_tim.o
 .debug_line    0x00000000000033d5      0x7fe build/stm32f0xx_hal_tim_ex.o
 .debug_line    0x0000000000003bd3      0xc49 build/stm32f0xx_hal_uart.o
 .debug_line    0x000000000000481c      0x4a6 build/stm32f0xx_hal_rcc.o
 .debug_line    0x0000000000004cc2      0x44e build/stm32f0xx_hal_rcc_ex.o
 .debug_line    0x0000000000005110      0x35e build/stm32f0xx_hal.o
 .debug_line    0x000000000000546e      0x318 build/stm32f0xx_hal_gpio.o
 .debug_line    0x0000000000005786      0x41a build/stm32f0xx_hal_dma.o
 .debug_line    0x0000000000005ba0      0x2fd build/stm32f0xx_hal_cortex.o
 .debug_line    0x0000000000005e9d      0x1bd build/system_stm32f0xx.o
 .debug_line    0x000000000000605a      0x3ec build/usbd_core.o
 .debug_line    0x0000000000006446      0x3fe build/usbd_ctlreq.o
 .debug_line    0x0000000000006844      0x252 build/usbd_ioreq.o
 .debug_line    0x0000000000006a96      0x3c6 build/usbd_cdc.o
 .debug_line    0x0000000000006e5c       0x78 build/startup_stm32f072xb.o

.debug_str      0x0000000000000000     0x4af2
 .debug_str     0x0000000000000000     0x14c7 build/main.o
                                       0x15bd (size before relaxing)
 .debug_str     0x00000000000014c7      0x3b5 build/usb_device.o
                                        0xa0d (size before relaxing)
 .debug_str     0x000000000000187c      0x79a build/usbd_conf.o
                                       0x141e (size before relaxing)
 .debug_str     0x0000000000002016      0x11a build/usbd_desc.o
                                        0x7e8 (size before relaxing)
 .debug_str     0x0000000000002130      0x11b build/usbd_cdc_if.o
                                        0xb07 (size before relaxing)
 .debug_str     0x000000000000224b       0xf0 build/stm32f0xx_it.o
                                        0xb51 (size before relaxing)
 .debug_str     0x000000000000233b      0x108 build/stm32f0xx_hal_msp.o
                                        0xe46 (size before relaxing)
 .debug_str     0x0000000000002443      0x188 build/stm32f0xx_hal_pcd.o
                                        0xca3 (size before relaxing)
 .debug_str     0x00000000000025cb       0x40 build/stm32f0xx_hal_pcd_ex.o
                                        0x910 (size before relaxing)
 .debug_str     0x000000000000260b      0xb6e build/stm32f0xx_hal_tim.o
                                       0x1792 (size before relaxing)
 .debug_str     0x0000000000003179      0x49a build/stm32f0xx_hal_tim_ex.o
                                       0x10be (size before relaxing)
 .debug_str     0x0000000000003613      0x63d build/stm32f0xx_hal_uart.o
                                       0x117f (size before relaxing)
 .debug_str     0x0000000000003c50      0x1aa build/stm32f0xx_hal_rcc.o
                                        0x9fb (size before relaxing)
 .debug_str     0x0000000000003dfa      0x28e build/stm32f0xx_hal_rcc_ex.o
                                        0xa1e (size before relaxing)
 .debug_str     0x0000000000004088      0x1a5 build/stm32f0xx_hal.o
                                        0xa4c (size before relaxing)
 .debug_str     0x000000000000422d       0xfd build/stm32f0xx_hal_gpio.o
                                        0x817 (size before relaxing)
 .debug_str     0x000000000000432a      0x1ca build/stm32f0xx_hal_dma.o
                                        0xa26 (size before relaxing)
 .debug_str     0x00000000000044f4      0x170 build/stm32f0xx_hal_cortex.o
                                        0xa54 (size before relaxing)
 .debug_str     0x0000000000004664       0x60 build/system_stm32f0xx.o
                                        0x665 (size before relaxing)
 .debug_str     0x00000000000046c4      0x145 build/usbd_core.o
                                        0xc2d (size before relaxing)
 .debug_str     0x0000000000004809       0xe2 build/usbd_ctlreq.o
                                        0xb47 (size before relaxing)
 .debug_str     0x00000000000048eb       0x60 build/usbd_ioreq.o
                                        0xa74 (size before relaxing)
 .debug_str     0x000000000000494b      0x183 build/usbd_cdc.o
                                        0xcbb (size before relaxing)
 .debug_str     0x0000000000004ace       0x24 build/startup_stm32f072xb.o
                                         0x5e (size before relaxing)

.comment        0x0000000000000000       0x7f
 .comment       0x0000000000000000       0x7f build/main.o
                                         0x80 (size before relaxing)
 .comment       0x000000000000007f       0x80 build/usb_device.o
 .comment       0x000000000000007f       0x80 build/usbd_conf.o
 .comment       0x000000000000007f       0x80 build/usbd_desc.o
 .comment       0x000000000000007f       0x80 build/usbd_cdc_if.o
 .comment       0x000000000000007f       0x80 build/stm32f0xx_it.o
 .comment       0x000000000000007f       0x80 build/stm32f0xx_hal_msp.o
 .comment       0x000000000000007f       0x80 build/stm32f0xx_hal_pcd.o
 .comment       0x000000000000007f       0x80 build/stm32f0xx_hal_pcd_ex.o
 .comment       0x000000000000007f       0x80 build/stm32f0xx_hal_tim.o
 .comment       0x000000000000007f       0x80 build/stm32f0xx_hal_tim_ex.o
 .comment       0x000000000000007f       0x80 build/stm32f0xx_hal_uart.o
 .comment       0x000000000000007f       0x80 build/stm32f0xx_hal_rcc.o
 .comment       0x000000000000007f       0x80 build/stm32f0xx_hal_rcc_ex.o
 .comment       0x000000000000007f       0x80 build/stm32f0xx_hal.o
 .comment       0x000000000000007f       0x80 build/stm32f0xx_hal_gpio.o
 .comment       0x000000000000007f       0x80 build/stm32f0xx_hal_dma.o
 .comment       0x000000000000007f       0x80 build/stm32f0xx_hal_cortex.o
 .comment       0x000000000000007f       0x80 build/system_stm32f0xx.o
 .comment       0x000000000000007f       0x80 build/usbd_core.o
 .comment       0x000000000000007f       0x80 build/usbd_ctlreq.o
 .comment       0x000000000000007f       0x80 build/usbd_ioreq.o
 .comment       0x000000000000007f       0x80 build/usbd_cdc.o

.debug_frame    0x0000000000000000     0x2dac
 .debug_frame   0x0000000000000000      0x188 build/main.o
 .debug_frame   0x0000000000000188       0x2c build/usb_device.o
 .debug_frame   0x00000000000001b4      0x368 build/usbd_conf.o
 .debug_frame   0x000000000000051c       0xbc build/usbd_desc.o
 .debug_frame   0x00000000000005d8       0x84 build/usbd_cdc_if.o
 .debug_frame   0x000000000000065c       0xd0 build/stm32f0xx_it.o
 .debug_frame   0x000000000000072c       0xe8 build/stm32f0xx_hal_msp.o
 .debug_frame   0x0000000000000814      0x324 build/stm32f0xx_hal_pcd.o
 .debug_frame   0x0000000000000b38       0x2c build/stm32f0xx_hal_pcd_ex.o
 .debug_frame   0x0000000000000b64      0xaf0 build/stm32f0xx_hal_tim.o
 .debug_frame   0x0000000000001654      0x418 build/stm32f0xx_hal_tim_ex.o
 .debug_frame   0x0000000000001a6c      0x594 build/stm32f0xx_hal_uart.o
 .debug_frame   0x0000000000002000      0x14c build/stm32f0xx_hal_rcc.o
 .debug_frame   0x000000000000214c      0x10c build/stm32f0xx_hal_rcc_ex.o
 .debug_frame   0x0000000000002258      0x184 build/stm32f0xx_hal.o
 .debug_frame   0x00000000000023dc       0xdc build/stm32f0xx_hal_gpio.o
 .debug_frame   0x00000000000024b8      0x198 build/stm32f0xx_hal_dma.o
 .debug_frame   0x0000000000002650       0xec build/stm32f0xx_hal_cortex.o
 .debug_frame   0x000000000000273c       0x48 build/system_stm32f0xx.o
 .debug_frame   0x0000000000002784      0x1ec build/usbd_core.o
 .debug_frame   0x0000000000002970      0x198 build/usbd_ctlreq.o
 .debug_frame   0x0000000000002b08       0xd4 build/usbd_ioreq.o
 .debug_frame   0x0000000000002bdc      0x164 build/usbd_cdc.o
 .debug_frame   0x0000000000002d40       0x2c /usr/bin/../lib/gcc/arm-none-eabi/7.3.1/../../../../arm-none-eabi/lib/thumb/v6-m/libc_nano.a(lib_a-init.o)
 .debug_frame   0x0000000000002d6c       0x20 /usr/bin/../lib/gcc/arm-none-eabi/7.3.1/../../../../arm-none-eabi/lib/thumb/v6-m/libc_nano.a(lib_a-memset.o)
 .debug_frame   0x0000000000002d8c       0x20 /usr/bin/../lib/gcc/arm-none-eabi/7.3.1/thumb/v6-m/libgcc.a(_udivsi3.o)

Cross Reference Table

Symbol                                            File
ADC1_COMP_IRQHandler                              build/startup_stm32f072xb.o
AHBPrescTable                                     build/system_stm32f0xx.o
                                                  build/stm32f0xx_hal_rcc.o
APBPrescTable                                     build/system_stm32f0xx.o
                                                  build/stm32f0xx_hal_rcc.o
CDC_Transmit_FS                                   build/usbd_cdc_if.o
CEC_CAN_IRQHandler                                build/startup_stm32f072xb.o
DMA1_Channel1_IRQHandler                          build/stm32f0xx_it.o
DMA1_Channel2_3_IRQHandler                        build/stm32f0xx_it.o
DMA1_Channel4_5_6_7_IRQHandler                    build/stm32f0xx_it.o
Default_Handler                                   build/startup_stm32f072xb.o
EXTI0_1_IRQHandler                                build/startup_stm32f072xb.o
EXTI2_3_IRQHandler                                build/startup_stm32f072xb.o
EXTI4_15_IRQHandler                               build/startup_stm32f072xb.o
Error_Handler                                     build/main.o
                                                  build/stm32f0xx_hal_msp.o
                                                  build/usbd_conf.o
FLASH_IRQHandler                                  build/startup_stm32f072xb.o
FLASH_PageErase                                   build/stm32f0xx_hal_flash_ex.o
                                                  build/stm32f0xx_hal_flash.o
FLASH_WaitForLastOperation                        build/stm32f0xx_hal_flash.o
                                                  build/stm32f0xx_hal_flash_ex.o
FS_Desc                                           build/usbd_desc.o
                                                  build/usb_device.o
HAL_DBGMCU_DisableDBGStandbyMode                  build/stm32f0xx_hal.o
HAL_DBGMCU_DisableDBGStopMode                     build/stm32f0xx_hal.o
HAL_DBGMCU_EnableDBGStandbyMode                   build/stm32f0xx_hal.o
HAL_DBGMCU_EnableDBGStopMode                      build/stm32f0xx_hal.o
HAL_DMA_Abort                                     build/stm32f0xx_hal_dma.o
                                                  build/stm32f0xx_hal_uart.o
                                                  build/stm32f0xx_hal_tim.o
HAL_DMA_Abort_IT                                  build/stm32f0xx_hal_dma.o
                                                  build/stm32f0xx_hal_uart.o
                                                  build/stm32f0xx_hal_i2c.o
HAL_DMA_DeInit                                    build/stm32f0xx_hal_dma.o
                                                  build/stm32f0xx_hal_msp.o
HAL_DMA_GetError                                  build/stm32f0xx_hal_dma.o
HAL_DMA_GetState                                  build/stm32f0xx_hal_dma.o
                                                  build/main.o
HAL_DMA_IRQHandler                                build/stm32f0xx_hal_dma.o
                                                  build/stm32f0xx_it.o
HAL_DMA_Init                                      build/stm32f0xx_hal_dma.o
                                                  build/stm32f0xx_hal_msp.o
HAL_DMA_PollForTransfer                           build/stm32f0xx_hal_dma.o
HAL_DMA_RegisterCallback                          build/stm32f0xx_hal_dma.o
HAL_DMA_Start                                     build/stm32f0xx_hal_dma.o
HAL_DMA_Start_IT                                  build/stm32f0xx_hal_dma.o
                                                  build/stm32f0xx_hal_uart.o
                                                  build/stm32f0xx_hal_tim_ex.o
                                                  build/stm32f0xx_hal_tim.o
                                                  build/stm32f0xx_hal_i2c.o
                                                  build/main.o
HAL_DMA_UnRegisterCallback                        build/stm32f0xx_hal_dma.o
HAL_DeInit                                        build/stm32f0xx_hal.o
HAL_Delay                                         build/stm32f0xx_hal.o
                                                  build/usbd_conf.o
                                                  build/main.o
HAL_FLASHEx_Erase                                 build/stm32f0xx_hal_flash_ex.o
HAL_FLASHEx_Erase_IT                              build/stm32f0xx_hal_flash_ex.o
HAL_FLASHEx_OBErase                               build/stm32f0xx_hal_flash_ex.o
HAL_FLASHEx_OBGetConfig                           build/stm32f0xx_hal_flash_ex.o
HAL_FLASHEx_OBGetUserData                         build/stm32f0xx_hal_flash_ex.o
HAL_FLASHEx_OBProgram                             build/stm32f0xx_hal_flash_ex.o
HAL_FLASH_EndOfOperationCallback                  build/stm32f0xx_hal_flash.o
HAL_FLASH_GetError                                build/stm32f0xx_hal_flash.o
HAL_FLASH_IRQHandler                              build/stm32f0xx_hal_flash.o
HAL_FLASH_Lock                                    build/stm32f0xx_hal_flash.o
HAL_FLASH_OB_Launch                               build/stm32f0xx_hal_flash.o
HAL_FLASH_OB_Lock                                 build/stm32f0xx_hal_flash.o
HAL_FLASH_OB_Unlock                               build/stm32f0xx_hal_flash.o
HAL_FLASH_OperationErrorCallback                  build/stm32f0xx_hal_flash.o
HAL_FLASH_Program                                 build/stm32f0xx_hal_flash.o
HAL_FLASH_Program_IT                              build/stm32f0xx_hal_flash.o
HAL_FLASH_Unlock                                  build/stm32f0xx_hal_flash.o
HAL_GPIO_DeInit                                   build/stm32f0xx_hal_gpio.o
                                                  build/stm32f0xx_hal_msp.o
HAL_GPIO_EXTI_Callback                            build/stm32f0xx_hal_gpio.o
HAL_GPIO_EXTI_IRQHandler                          build/stm32f0xx_hal_gpio.o
HAL_GPIO_Init                                     build/stm32f0xx_hal_gpio.o
                                                  build/stm32f0xx_hal_rcc.o
                                                  build/stm32f0xx_hal_msp.o
                                                  build/main.o
HAL_GPIO_LockPin                                  build/stm32f0xx_hal_gpio.o
HAL_GPIO_ReadPin                                  build/stm32f0xx_hal_gpio.o
                                                  build/main.o
HAL_GPIO_TogglePin                                build/stm32f0xx_hal_gpio.o
HAL_GPIO_WritePin                                 build/stm32f0xx_hal_gpio.o
                                                  build/main.o
HAL_GetDEVID                                      build/stm32f0xx_hal.o
HAL_GetHalVersion                                 build/stm32f0xx_hal.o
HAL_GetREVID                                      build/stm32f0xx_hal.o
HAL_GetTick                                       build/stm32f0xx_hal.o
                                                  build/stm32f0xx_hal_flash.o
                                                  build/stm32f0xx_hal_dma.o
                                                  build/stm32f0xx_hal_rcc_ex.o
                                                  build/stm32f0xx_hal_rcc.o
                                                  build/stm32f0xx_hal_uart_ex.o
                                                  build/stm32f0xx_hal_uart.o
                                                  build/stm32f0xx_hal_i2c.o
HAL_GetUIDw0                                      build/stm32f0xx_hal.o
HAL_GetUIDw1                                      build/stm32f0xx_hal.o
HAL_GetUIDw2                                      build/stm32f0xx_hal.o
HAL_HalfDuplex_EnableReceiver                     build/stm32f0xx_hal_uart.o
HAL_HalfDuplex_EnableTransmitter                  build/stm32f0xx_hal_uart.o
HAL_HalfDuplex_Init                               build/stm32f0xx_hal_uart.o
HAL_I2CEx_ConfigAnalogFilter                      build/stm32f0xx_hal_i2c_ex.o
HAL_I2CEx_ConfigDigitalFilter                     build/stm32f0xx_hal_i2c_ex.o
HAL_I2CEx_DisableFastModePlus                     build/stm32f0xx_hal_i2c_ex.o
HAL_I2CEx_DisableWakeUp                           build/stm32f0xx_hal_i2c_ex.o
HAL_I2CEx_EnableFastModePlus                      build/stm32f0xx_hal_i2c_ex.o
HAL_I2CEx_EnableWakeUp                            build/stm32f0xx_hal_i2c_ex.o
HAL_I2C_AbortCpltCallback                         build/stm32f0xx_hal_i2c.o
HAL_I2C_AddrCallback                              build/stm32f0xx_hal_i2c.o
HAL_I2C_DeInit                                    build/stm32f0xx_hal_i2c.o
HAL_I2C_DisableListen_IT                          build/stm32f0xx_hal_i2c.o
HAL_I2C_ER_IRQHandler                             build/stm32f0xx_hal_i2c.o
HAL_I2C_EV_IRQHandler                             build/stm32f0xx_hal_i2c.o
HAL_I2C_EnableListen_IT                           build/stm32f0xx_hal_i2c.o
HAL_I2C_ErrorCallback                             build/stm32f0xx_hal_i2c.o
HAL_I2C_GetError                                  build/stm32f0xx_hal_i2c.o
HAL_I2C_GetMode                                   build/stm32f0xx_hal_i2c.o
HAL_I2C_GetState                                  build/stm32f0xx_hal_i2c.o
HAL_I2C_Init                                      build/stm32f0xx_hal_i2c.o
HAL_I2C_IsDeviceReady                             build/stm32f0xx_hal_i2c.o
HAL_I2C_ListenCpltCallback                        build/stm32f0xx_hal_i2c.o
HAL_I2C_MasterRxCpltCallback                      build/stm32f0xx_hal_i2c.o
HAL_I2C_MasterTxCpltCallback                      build/stm32f0xx_hal_i2c.o
HAL_I2C_Master_Abort_IT                           build/stm32f0xx_hal_i2c.o
HAL_I2C_Master_Receive                            build/stm32f0xx_hal_i2c.o
HAL_I2C_Master_Receive_DMA                        build/stm32f0xx_hal_i2c.o
HAL_I2C_Master_Receive_IT                         build/stm32f0xx_hal_i2c.o
HAL_I2C_Master_Sequential_Receive_IT              build/stm32f0xx_hal_i2c.o
HAL_I2C_Master_Sequential_Transmit_IT             build/stm32f0xx_hal_i2c.o
HAL_I2C_Master_Transmit                           build/stm32f0xx_hal_i2c.o
HAL_I2C_Master_Transmit_DMA                       build/stm32f0xx_hal_i2c.o
HAL_I2C_Master_Transmit_IT                        build/stm32f0xx_hal_i2c.o
HAL_I2C_MemRxCpltCallback                         build/stm32f0xx_hal_i2c.o
HAL_I2C_MemTxCpltCallback                         build/stm32f0xx_hal_i2c.o
HAL_I2C_Mem_Read                                  build/stm32f0xx_hal_i2c.o
HAL_I2C_Mem_Read_DMA                              build/stm32f0xx_hal_i2c.o
HAL_I2C_Mem_Read_IT                               build/stm32f0xx_hal_i2c.o
HAL_I2C_Mem_Write                                 build/stm32f0xx_hal_i2c.o
HAL_I2C_Mem_Write_DMA                             build/stm32f0xx_hal_i2c.o
HAL_I2C_Mem_Write_IT                              build/stm32f0xx_hal_i2c.o
HAL_I2C_MspDeInit                                 build/stm32f0xx_hal_i2c.o
HAL_I2C_MspInit                                   build/stm32f0xx_hal_i2c.o
HAL_I2C_SlaveRxCpltCallback                       build/stm32f0xx_hal_i2c.o
HAL_I2C_SlaveTxCpltCallback                       build/stm32f0xx_hal_i2c.o
HAL_I2C_Slave_Receive                             build/stm32f0xx_hal_i2c.o
HAL_I2C_Slave_Receive_DMA                         build/stm32f0xx_hal_i2c.o
HAL_I2C_Slave_Receive_IT                          build/stm32f0xx_hal_i2c.o
HAL_I2C_Slave_Sequential_Receive_IT               build/stm32f0xx_hal_i2c.o
HAL_I2C_Slave_Sequential_Transmit_IT              build/stm32f0xx_hal_i2c.o
HAL_I2C_Slave_Transmit                            build/stm32f0xx_hal_i2c.o
HAL_I2C_Slave_Transmit_DMA                        build/stm32f0xx_hal_i2c.o
HAL_I2C_Slave_Transmit_IT                         build/stm32f0xx_hal_i2c.o
HAL_IncTick                                       build/stm32f0xx_hal.o
                                                  build/stm32f0xx_it.o
HAL_Init                                          build/stm32f0xx_hal.o
                                                  build/main.o
HAL_InitTick                                      build/stm32f0xx_hal.o
                                                  build/stm32f0xx_hal_rcc.o
HAL_LIN_Init                                      build/stm32f0xx_hal_uart_ex.o
HAL_LIN_SendBreak                                 build/stm32f0xx_hal_uart_ex.o
HAL_MspDeInit                                     build/stm32f0xx_hal.o
HAL_MspInit                                       build/stm32f0xx_hal_msp.o
HAL_MultiProcessorEx_AddressLength_Set            build/stm32f0xx_hal_uart_ex.o
HAL_MultiProcessor_DisableMuteMode                build/stm32f0xx_hal_uart.o
HAL_MultiProcessor_EnableMuteMode                 build/stm32f0xx_hal_uart.o
HAL_MultiProcessor_EnterMuteMode                  build/stm32f0xx_hal_uart.o
HAL_MultiProcessor_Init                           build/stm32f0xx_hal_uart.o
HAL_NVIC_ClearPendingIRQ                          build/stm32f0xx_hal_cortex.o
HAL_NVIC_DisableIRQ                               build/stm32f0xx_hal_cortex.o
                                                  build/usbd_conf.o
HAL_NVIC_EnableIRQ                                build/stm32f0xx_hal_cortex.o
                                                  build/usbd_conf.o
                                                  build/main.o
HAL_NVIC_GetPendingIRQ                            build/stm32f0xx_hal_cortex.o
HAL_NVIC_GetPriority                              build/stm32f0xx_hal_cortex.o
HAL_NVIC_SetPendingIRQ                            build/stm32f0xx_hal_cortex.o
HAL_NVIC_SetPriority                              build/stm32f0xx_hal_cortex.o
                                                  build/stm32f0xx_hal.o
                                                  build/usbd_conf.o
                                                  build/main.o
HAL_NVIC_SystemReset                              build/stm32f0xx_hal_cortex.o
HAL_PCDEx_PMAConfig                               build/stm32f0xx_hal_pcd_ex.o
                                                  build/usbd_conf.o
HAL_PCDEx_SetConnectionState                      build/usbd_conf.o
HAL_PCD_ActivateRemoteWakeup                      build/stm32f0xx_hal_pcd.o
HAL_PCD_ConnectCallback                           build/usbd_conf.o
HAL_PCD_DataInStageCallback                       build/usbd_conf.o
HAL_PCD_DataOutStageCallback                      build/usbd_conf.o
HAL_PCD_DeActivateRemoteWakeup                    build/stm32f0xx_hal_pcd.o
HAL_PCD_DeInit                                    build/stm32f0xx_hal_pcd.o
                                                  build/usbd_conf.o
HAL_PCD_DevConnect                                build/stm32f0xx_hal_pcd.o
HAL_PCD_DevDisconnect                             build/stm32f0xx_hal_pcd.o
HAL_PCD_DisconnectCallback                        build/usbd_conf.o
HAL_PCD_EP_Close                                  build/stm32f0xx_hal_pcd.o
                                                  build/usbd_conf.o
HAL_PCD_EP_ClrStall                               build/stm32f0xx_hal_pcd.o
                                                  build/usbd_conf.o
HAL_PCD_EP_Flush                                  build/stm32f0xx_hal_pcd.o
                                                  build/usbd_conf.o
HAL_PCD_EP_GetRxCount                             build/stm32f0xx_hal_pcd.o
                                                  build/usbd_conf.o
HAL_PCD_EP_Open                                   build/stm32f0xx_hal_pcd.o
                                                  build/usbd_conf.o
HAL_PCD_EP_Receive                                build/stm32f0xx_hal_pcd.o
                                                  build/usbd_conf.o
HAL_PCD_EP_SetStall                               build/stm32f0xx_hal_pcd.o
                                                  build/usbd_conf.o
HAL_PCD_EP_Transmit                               build/stm32f0xx_hal_pcd.o
                                                  build/usbd_conf.o
HAL_PCD_GetState                                  build/stm32f0xx_hal_pcd.o
HAL_PCD_IRQHandler                                build/stm32f0xx_hal_pcd.o
                                                  build/stm32f0xx_it.o
HAL_PCD_ISOINIncompleteCallback                   build/usbd_conf.o
HAL_PCD_ISOOUTIncompleteCallback                  build/usbd_conf.o
HAL_PCD_Init                                      build/stm32f0xx_hal_pcd.o
                                                  build/usbd_conf.o
HAL_PCD_MspDeInit                                 build/usbd_conf.o
HAL_PCD_MspInit                                   build/usbd_conf.o
HAL_PCD_ResetCallback                             build/usbd_conf.o
HAL_PCD_ResumeCallback                            build/usbd_conf.o
HAL_PCD_SOFCallback                               build/usbd_conf.o
HAL_PCD_SetAddress                                build/stm32f0xx_hal_pcd.o
                                                  build/usbd_conf.o
HAL_PCD_SetupStageCallback                        build/usbd_conf.o
HAL_PCD_Start                                     build/stm32f0xx_hal_pcd.o
                                                  build/usbd_conf.o
HAL_PCD_Stop                                      build/stm32f0xx_hal_pcd.o
                                                  build/usbd_conf.o
HAL_PCD_SuspendCallback                           build/usbd_conf.o
HAL_PWREx_DisableVddio2Monitor                    build/stm32f0xx_hal_pwr_ex.o
HAL_PWREx_EnableVddio2Monitor                     build/stm32f0xx_hal_pwr_ex.o
HAL_PWREx_Vddio2MonitorCallback                   build/stm32f0xx_hal_pwr_ex.o
HAL_PWREx_Vddio2Monitor_IRQHandler                build/stm32f0xx_hal_pwr_ex.o
HAL_PWR_ConfigPVD                                 build/stm32f0xx_hal_pwr_ex.o
HAL_PWR_DeInit                                    build/stm32f0xx_hal_pwr.o
HAL_PWR_DisableBkUpAccess                         build/stm32f0xx_hal_pwr.o
HAL_PWR_DisablePVD                                build/stm32f0xx_hal_pwr_ex.o
HAL_PWR_DisableSEVOnPend                          build/stm32f0xx_hal_pwr.o
HAL_PWR_DisableSleepOnExit                        build/stm32f0xx_hal_pwr.o
HAL_PWR_DisableWakeUpPin                          build/stm32f0xx_hal_pwr.o
HAL_PWR_EnableBkUpAccess                          build/stm32f0xx_hal_pwr.o
HAL_PWR_EnablePVD                                 build/stm32f0xx_hal_pwr_ex.o
HAL_PWR_EnableSEVOnPend                           build/stm32f0xx_hal_pwr.o
HAL_PWR_EnableSleepOnExit                         build/stm32f0xx_hal_pwr.o
HAL_PWR_EnableWakeUpPin                           build/stm32f0xx_hal_pwr.o
HAL_PWR_EnterSLEEPMode                            build/stm32f0xx_hal_pwr.o
HAL_PWR_EnterSTANDBYMode                          build/stm32f0xx_hal_pwr.o
HAL_PWR_EnterSTOPMode                             build/stm32f0xx_hal_pwr.o
HAL_PWR_PVDCallback                               build/stm32f0xx_hal_pwr_ex.o
HAL_PWR_PVD_IRQHandler                            build/stm32f0xx_hal_pwr_ex.o
HAL_RCCEx_CRSConfig                               build/stm32f0xx_hal_rcc_ex.o
HAL_RCCEx_CRSGetSynchronizationInfo               build/stm32f0xx_hal_rcc_ex.o
HAL_RCCEx_CRSSoftwareSynchronizationGenerate      build/stm32f0xx_hal_rcc_ex.o
HAL_RCCEx_CRSWaitSynchronization                  build/stm32f0xx_hal_rcc_ex.o
HAL_RCCEx_CRS_ErrorCallback                       build/stm32f0xx_hal_rcc_ex.o
HAL_RCCEx_CRS_ExpectedSyncCallback                build/stm32f0xx_hal_rcc_ex.o
HAL_RCCEx_CRS_IRQHandler                          build/stm32f0xx_hal_rcc_ex.o
HAL_RCCEx_CRS_SyncOkCallback                      build/stm32f0xx_hal_rcc_ex.o
HAL_RCCEx_CRS_SyncWarnCallback                    build/stm32f0xx_hal_rcc_ex.o
HAL_RCCEx_GetPeriphCLKConfig                      build/stm32f0xx_hal_rcc_ex.o
HAL_RCCEx_GetPeriphCLKFreq                        build/stm32f0xx_hal_rcc_ex.o
HAL_RCCEx_PeriphCLKConfig                         build/stm32f0xx_hal_rcc_ex.o
                                                  build/main.o
HAL_RCC_CSSCallback                               build/stm32f0xx_hal_rcc.o
HAL_RCC_ClockConfig                               build/stm32f0xx_hal_rcc.o
                                                  build/main.o
HAL_RCC_DeInit                                    build/stm32f0xx_hal_rcc.o
HAL_RCC_DisableCSS                                build/stm32f0xx_hal_rcc.o
HAL_RCC_EnableCSS                                 build/stm32f0xx_hal_rcc.o
HAL_RCC_GetClockConfig                            build/stm32f0xx_hal_rcc.o
HAL_RCC_GetHCLKFreq                               build/stm32f0xx_hal_rcc.o
                                                  build/stm32f0xx_hal.o
HAL_RCC_GetOscConfig                              build/stm32f0xx_hal_rcc.o
HAL_RCC_GetPCLK1Freq                              build/stm32f0xx_hal_rcc.o
                                                  build/stm32f0xx_hal_rcc_ex.o
                                                  build/stm32f0xx_hal_uart.o
HAL_RCC_GetSysClockFreq                           build/stm32f0xx_hal_rcc.o
                                                  build/stm32f0xx_hal_rcc_ex.o
                                                  build/stm32f0xx_hal_uart.o
HAL_RCC_MCOConfig                                 build/stm32f0xx_hal_rcc.o
HAL_RCC_NMI_IRQHandler                            build/stm32f0xx_hal_rcc.o
HAL_RCC_OscConfig                                 build/stm32f0xx_hal_rcc.o
                                                  build/main.o
HAL_RS485Ex_Init                                  build/stm32f0xx_hal_uart_ex.o
HAL_ResumeTick                                    build/stm32f0xx_hal.o
HAL_SYSTICK_CLKSourceConfig                       build/stm32f0xx_hal_cortex.o
HAL_SYSTICK_Callback                              build/stm32f0xx_hal_cortex.o
HAL_SYSTICK_Config                                build/stm32f0xx_hal_cortex.o
                                                  build/stm32f0xx_hal.o
HAL_SYSTICK_IRQHandler                            build/stm32f0xx_hal_cortex.o
HAL_SuspendTick                                   build/stm32f0xx_hal.o
HAL_TIMEx_BreakCallback                           build/stm32f0xx_hal_tim_ex.o
                                                  build/stm32f0xx_hal_tim.o
HAL_TIMEx_CommutationCallback                     build/stm32f0xx_hal_tim_ex.o
                                                  build/stm32f0xx_hal_tim.o
HAL_TIMEx_ConfigBreakDeadTime                     build/stm32f0xx_hal_tim_ex.o
HAL_TIMEx_ConfigCommutationEvent                  build/stm32f0xx_hal_tim_ex.o
HAL_TIMEx_ConfigCommutationEvent_DMA              build/stm32f0xx_hal_tim_ex.o
HAL_TIMEx_ConfigCommutationEvent_IT               build/stm32f0xx_hal_tim_ex.o
HAL_TIMEx_HallSensor_DeInit                       build/stm32f0xx_hal_tim_ex.o
HAL_TIMEx_HallSensor_GetState                     build/stm32f0xx_hal_tim_ex.o
HAL_TIMEx_HallSensor_Init                         build/stm32f0xx_hal_tim_ex.o
HAL_TIMEx_HallSensor_MspDeInit                    build/stm32f0xx_hal_tim_ex.o
HAL_TIMEx_HallSensor_MspInit                      build/stm32f0xx_hal_tim_ex.o
HAL_TIMEx_HallSensor_Start                        build/stm32f0xx_hal_tim_ex.o
HAL_TIMEx_HallSensor_Start_DMA                    build/stm32f0xx_hal_tim_ex.o
HAL_TIMEx_HallSensor_Start_IT                     build/stm32f0xx_hal_tim_ex.o
HAL_TIMEx_HallSensor_Stop                         build/stm32f0xx_hal_tim_ex.o
HAL_TIMEx_HallSensor_Stop_DMA                     build/stm32f0xx_hal_tim_ex.o
HAL_TIMEx_HallSensor_Stop_IT                      build/stm32f0xx_hal_tim_ex.o
HAL_TIMEx_MasterConfigSynchronization             build/stm32f0xx_hal_tim_ex.o
                                                  build/main.o
HAL_TIMEx_OCN_Start                               build/stm32f0xx_hal_tim_ex.o
HAL_TIMEx_OCN_Start_DMA                           build/stm32f0xx_hal_tim_ex.o
HAL_TIMEx_OCN_Start_IT                            build/stm32f0xx_hal_tim_ex.o
HAL_TIMEx_OCN_Stop                                build/stm32f0xx_hal_tim_ex.o
HAL_TIMEx_OCN_Stop_DMA                            build/stm32f0xx_hal_tim_ex.o
HAL_TIMEx_OCN_Stop_IT                             build/stm32f0xx_hal_tim_ex.o
HAL_TIMEx_OnePulseN_Start                         build/stm32f0xx_hal_tim_ex.o
HAL_TIMEx_OnePulseN_Start_IT                      build/stm32f0xx_hal_tim_ex.o
HAL_TIMEx_OnePulseN_Stop                          build/stm32f0xx_hal_tim_ex.o
HAL_TIMEx_OnePulseN_Stop_IT                       build/stm32f0xx_hal_tim_ex.o
HAL_TIMEx_PWMN_Start                              build/stm32f0xx_hal_tim_ex.o
HAL_TIMEx_PWMN_Start_DMA                          build/stm32f0xx_hal_tim_ex.o
HAL_TIMEx_PWMN_Start_IT                           build/stm32f0xx_hal_tim_ex.o
HAL_TIMEx_PWMN_Stop                               build/stm32f0xx_hal_tim_ex.o
HAL_TIMEx_PWMN_Stop_DMA                           build/stm32f0xx_hal_tim_ex.o
HAL_TIMEx_PWMN_Stop_IT                            build/stm32f0xx_hal_tim_ex.o
HAL_TIMEx_RemapConfig                             build/stm32f0xx_hal_tim_ex.o
HAL_TIM_Base_DeInit                               build/stm32f0xx_hal_tim.o
HAL_TIM_Base_GetState                             build/stm32f0xx_hal_tim.o
HAL_TIM_Base_Init                                 build/stm32f0xx_hal_tim.o
                                                  build/main.o
HAL_TIM_Base_MspDeInit                            build/stm32f0xx_hal_msp.o
HAL_TIM_Base_MspInit                              build/stm32f0xx_hal_msp.o
HAL_TIM_Base_Start                                build/stm32f0xx_hal_tim.o
HAL_TIM_Base_Start_DMA                            build/stm32f0xx_hal_tim.o
HAL_TIM_Base_Start_IT                             build/stm32f0xx_hal_tim.o
HAL_TIM_Base_Stop                                 build/stm32f0xx_hal_tim.o
HAL_TIM_Base_Stop_DMA                             build/stm32f0xx_hal_tim.o
HAL_TIM_Base_Stop_IT                              build/stm32f0xx_hal_tim.o
HAL_TIM_ConfigClockSource                         build/stm32f0xx_hal_tim.o
                                                  build/main.o
HAL_TIM_ConfigOCrefClear                          build/stm32f0xx_hal_tim_ex.o
                                                  build/stm32f0xx_hal_tim.o
HAL_TIM_ConfigTI1Input                            build/stm32f0xx_hal_tim.o
HAL_TIM_DMABurst_MultiReadStart                   build/stm32f0xx_hal_tim.o
HAL_TIM_DMABurst_MultiWriteStart                  build/stm32f0xx_hal_tim.o
HAL_TIM_DMABurst_ReadStart                        build/stm32f0xx_hal_tim.o
HAL_TIM_DMABurst_ReadStop                         build/stm32f0xx_hal_tim.o
HAL_TIM_DMABurst_WriteStart                       build/stm32f0xx_hal_tim.o
HAL_TIM_DMABurst_WriteStop                        build/stm32f0xx_hal_tim.o
HAL_TIM_Encoder_DeInit                            build/stm32f0xx_hal_tim.o
HAL_TIM_Encoder_GetState                          build/stm32f0xx_hal_tim.o
HAL_TIM_Encoder_Init                              build/stm32f0xx_hal_tim.o
                                                  build/main.o
HAL_TIM_Encoder_MspDeInit                         build/stm32f0xx_hal_msp.o
HAL_TIM_Encoder_MspInit                           build/stm32f0xx_hal_msp.o
HAL_TIM_Encoder_Start                             build/stm32f0xx_hal_tim.o
HAL_TIM_Encoder_Start_DMA                         build/stm32f0xx_hal_tim.o
HAL_TIM_Encoder_Start_IT                          build/stm32f0xx_hal_tim.o
HAL_TIM_Encoder_Stop                              build/stm32f0xx_hal_tim.o
HAL_TIM_Encoder_Stop_DMA                          build/stm32f0xx_hal_tim.o
HAL_TIM_Encoder_Stop_IT                           build/stm32f0xx_hal_tim.o
HAL_TIM_ErrorCallback                             build/stm32f0xx_hal_tim.o
HAL_TIM_GenerateEvent                             build/stm32f0xx_hal_tim.o
HAL_TIM_IC_CaptureCallback                        build/stm32f0xx_hal_tim.o
HAL_TIM_IC_ConfigChannel                          build/stm32f0xx_hal_tim.o
HAL_TIM_IC_DeInit                                 build/stm32f0xx_hal_tim.o
HAL_TIM_IC_GetState                               build/stm32f0xx_hal_tim.o
HAL_TIM_IC_Init                                   build/stm32f0xx_hal_tim.o
HAL_TIM_IC_MspDeInit                              build/stm32f0xx_hal_tim.o
HAL_TIM_IC_MspInit                                build/stm32f0xx_hal_tim.o
HAL_TIM_IC_Start                                  build/stm32f0xx_hal_tim.o
HAL_TIM_IC_Start_DMA                              build/stm32f0xx_hal_tim.o
HAL_TIM_IC_Start_IT                               build/stm32f0xx_hal_tim.o
HAL_TIM_IC_Stop                                   build/stm32f0xx_hal_tim.o
HAL_TIM_IC_Stop_DMA                               build/stm32f0xx_hal_tim.o
HAL_TIM_IC_Stop_IT                                build/stm32f0xx_hal_tim.o
HAL_TIM_IRQHandler                                build/stm32f0xx_hal_tim.o
HAL_TIM_MspPostInit                               build/stm32f0xx_hal_msp.o
HAL_TIM_OC_ConfigChannel                          build/stm32f0xx_hal_tim.o
HAL_TIM_OC_DeInit                                 build/stm32f0xx_hal_tim.o
HAL_TIM_OC_DelayElapsedCallback                   build/stm32f0xx_hal_tim.o
HAL_TIM_OC_GetState                               build/stm32f0xx_hal_tim.o
HAL_TIM_OC_Init                                   build/stm32f0xx_hal_tim.o
HAL_TIM_OC_MspDeInit                              build/stm32f0xx_hal_tim.o
HAL_TIM_OC_MspInit                                build/stm32f0xx_hal_tim.o
HAL_TIM_OC_Start                                  build/stm32f0xx_hal_tim.o
HAL_TIM_OC_Start_DMA                              build/stm32f0xx_hal_tim.o
HAL_TIM_OC_Start_IT                               build/stm32f0xx_hal_tim.o
HAL_TIM_OC_Stop                                   build/stm32f0xx_hal_tim.o
HAL_TIM_OC_Stop_DMA                               build/stm32f0xx_hal_tim.o
HAL_TIM_OC_Stop_IT                                build/stm32f0xx_hal_tim.o
HAL_TIM_OnePulse_ConfigChannel                    build/stm32f0xx_hal_tim.o
HAL_TIM_OnePulse_DeInit                           build/stm32f0xx_hal_tim.o
HAL_TIM_OnePulse_GetState                         build/stm32f0xx_hal_tim.o
HAL_TIM_OnePulse_Init                             build/stm32f0xx_hal_tim.o
HAL_TIM_OnePulse_MspDeInit                        build/stm32f0xx_hal_tim.o
HAL_TIM_OnePulse_MspInit                          build/stm32f0xx_hal_tim.o
HAL_TIM_OnePulse_Start                            build/stm32f0xx_hal_tim.o
HAL_TIM_OnePulse_Start_IT                         build/stm32f0xx_hal_tim.o
HAL_TIM_OnePulse_Stop                             build/stm32f0xx_hal_tim.o
HAL_TIM_OnePulse_Stop_IT                          build/stm32f0xx_hal_tim.o
HAL_TIM_PWM_ConfigChannel                         build/stm32f0xx_hal_tim.o
                                                  build/main.o
HAL_TIM_PWM_DeInit                                build/stm32f0xx_hal_tim.o
HAL_TIM_PWM_GetState                              build/stm32f0xx_hal_tim.o
HAL_TIM_PWM_Init                                  build/stm32f0xx_hal_tim.o
                                                  build/main.o
HAL_TIM_PWM_MspDeInit                             build/stm32f0xx_hal_tim.o
HAL_TIM_PWM_MspInit                               build/stm32f0xx_hal_tim.o
HAL_TIM_PWM_PulseFinishedCallback                 build/stm32f0xx_hal_tim.o
HAL_TIM_PWM_Start                                 build/stm32f0xx_hal_tim.o
                                                  build/main.o
HAL_TIM_PWM_Start_DMA                             build/stm32f0xx_hal_tim.o
HAL_TIM_PWM_Start_IT                              build/stm32f0xx_hal_tim.o
HAL_TIM_PWM_Stop                                  build/stm32f0xx_hal_tim.o
                                                  build/main.o
HAL_TIM_PWM_Stop_DMA                              build/stm32f0xx_hal_tim.o
HAL_TIM_PWM_Stop_IT                               build/stm32f0xx_hal_tim.o