Archive member included to satisfy reference by file (symbol)

/usr/lib/gcc/arm-none-eabi/9.1.0/../../../../arm-none-eabi/lib/thumb/v6-m/nofp/libc_nano.a(lib_a-atexit.o)
                              /usr/lib/gcc/arm-none-eabi/9.1.0/../../../../arm-none-eabi/lib/thumb/v6-m/nofp/crt0.o (atexit)
/usr/lib/gcc/arm-none-eabi/9.1.0/../../../../arm-none-eabi/lib/thumb/v6-m/nofp/libc_nano.a(lib_a-exit.o)
                              /usr/lib/gcc/arm-none-eabi/9.1.0/../../../../arm-none-eabi/lib/thumb/v6-m/nofp/crt0.o (exit)
/usr/lib/gcc/arm-none-eabi/9.1.0/../../../../arm-none-eabi/lib/thumb/v6-m/nofp/libc_nano.a(lib_a-fini.o)
                              /usr/lib/gcc/arm-none-eabi/9.1.0/../../../../arm-none-eabi/lib/thumb/v6-m/nofp/crt0.o (__libc_fini_array)
/usr/lib/gcc/arm-none-eabi/9.1.0/../../../../arm-none-eabi/lib/thumb/v6-m/nofp/libc_nano.a(lib_a-impure.o)
                              /usr/lib/gcc/arm-none-eabi/9.1.0/../../../../arm-none-eabi/lib/thumb/v6-m/nofp/libc_nano.a(lib_a-exit.o) (_global_impure_ptr)
/usr/lib/gcc/arm-none-eabi/9.1.0/../../../../arm-none-eabi/lib/thumb/v6-m/nofp/libc_nano.a(lib_a-init.o)
                              /usr/lib/gcc/arm-none-eabi/9.1.0/../../../../arm-none-eabi/lib/thumb/v6-m/nofp/crt0.o (__libc_init_array)
/usr/lib/gcc/arm-none-eabi/9.1.0/../../../../arm-none-eabi/lib/thumb/v6-m/nofp/libc_nano.a(lib_a-memset.o)
                              /usr/lib/gcc/arm-none-eabi/9.1.0/../../../../arm-none-eabi/lib/thumb/v6-m/nofp/crt0.o (memset)
/usr/lib/gcc/arm-none-eabi/9.1.0/../../../../arm-none-eabi/lib/thumb/v6-m/nofp/libc_nano.a(lib_a-__atexit.o)
                              /usr/lib/gcc/arm-none-eabi/9.1.0/../../../../arm-none-eabi/lib/thumb/v6-m/nofp/libc_nano.a(lib_a-atexit.o) (__register_exitproc)
/usr/lib/gcc/arm-none-eabi/9.1.0/../../../../arm-none-eabi/lib/thumb/v6-m/nofp/libc_nano.a(lib_a-__call_atexit.o)
                              /usr/lib/gcc/arm-none-eabi/9.1.0/../../../../arm-none-eabi/lib/thumb/v6-m/nofp/libc_nano.a(lib_a-__atexit.o) (__call_exitprocs)
/usr/lib/gcc/arm-none-eabi/9.1.0/../../../../arm-none-eabi/lib/thumb/v6-m/nofp/libnosys.a(_exit.o)
                              /usr/lib/gcc/arm-none-eabi/9.1.0/../../../../arm-none-eabi/lib/thumb/v6-m/nofp/libc_nano.a(lib_a-exit.o) (_exit)
/usr/lib/gcc/arm-none-eabi/9.1.0/thumb/v6-m/nofp/libgcc.a(_udivsi3.o)
                              build/main.o (__aeabi_uidiv)
/usr/lib/gcc/arm-none-eabi/9.1.0/thumb/v6-m/nofp/libgcc.a(_dvmd_tls.o)
                              /usr/lib/gcc/arm-none-eabi/9.1.0/thumb/v6-m/nofp/libgcc.a(_udivsi3.o) (__aeabi_idiv0)

Allocating common symbols
Common symbol       size              file

my_data_buf         0x1d0             build/main.o
hUsbDeviceFS        0x224             build/usb_device.o
hdma_tim2_ch1       0x44              build/main.o
hdma_usart3_rx      0x44              build/main.o
huart3              0x70              build/main.o
uwTick              0x4               build/stm32f0xx_hal.o
hdma_usart3_tx      0x44              build/main.o
pFlash              0x20              build/stm32f0xx_hal_flash.o
UserRxBufferFS      0x3e8             build/usbd_cdc_if.o
htim3               0x40              build/main.o
hdma_tim2_uev       0x44              build/main.o
UserTxBufferFS      0x3e8             build/usbd_cdc_if.o
htim1               0x40              build/main.o
hdma_tim2_ch4       0x44              build/main.o
htim2               0x40              build/main.o
hpcd_USB_FS         0x220             build/usbd_conf.o
SysMemBootJump      0x4               build/system_stm32f0xx.o
USBD_StrDesc        0x200             build/usbd_desc.o
hdma_tim2_ch3       0x44              build/main.o

Discarded input sections

 .text          0x0000000000000000        0x0 /usr/lib/gcc/arm-none-eabi/9.1.0/thumb/v6-m/nofp/crti.o
 .data          0x0000000000000000        0x0 /usr/lib/gcc/arm-none-eabi/9.1.0/thumb/v6-m/nofp/crti.o
 .bss           0x0000000000000000        0x0 /usr/lib/gcc/arm-none-eabi/9.1.0/thumb/v6-m/nofp/crti.o
 .text          0x0000000000000000        0x0 /usr/lib/gcc/arm-none-eabi/9.1.0/thumb/v6-m/nofp/crtbegin.o
 .data          0x0000000000000000        0x0 /usr/lib/gcc/arm-none-eabi/9.1.0/thumb/v6-m/nofp/crtbegin.o
 .bss           0x0000000000000000        0x0 /usr/lib/gcc/arm-none-eabi/9.1.0/thumb/v6-m/nofp/crtbegin.o
 .data.__dso_handle
                0x0000000000000000        0x4 /usr/lib/gcc/arm-none-eabi/9.1.0/thumb/v6-m/nofp/crtbegin.o
 .text          0x0000000000000000       0x6c /usr/lib/gcc/arm-none-eabi/9.1.0/../../../../arm-none-eabi/lib/thumb/v6-m/nofp/crt0.o
 .data          0x0000000000000000        0x0 /usr/lib/gcc/arm-none-eabi/9.1.0/../../../../arm-none-eabi/lib/thumb/v6-m/nofp/crt0.o
 .bss           0x0000000000000000        0x0 /usr/lib/gcc/arm-none-eabi/9.1.0/../../../../arm-none-eabi/lib/thumb/v6-m/nofp/crt0.o
[...]
Memory Configuration

Name             Origin             Length             Attributes
RAM              0x0000000020000000 0x0000000000004000 xrw
FLASH            0x0000000008000000 0x0000000000020000 xr
*default*        0x0000000000000000 0xffffffffffffffff

Linker script and memory map

LOAD /usr/lib/gcc/arm-none-eabi/9.1.0/thumb/v6-m/nofp/crti.o
LOAD /usr/lib/gcc/arm-none-eabi/9.1.0/thumb/v6-m/nofp/crtbegin.o
LOAD /usr/lib/gcc/arm-none-eabi/9.1.0/../../../../arm-none-eabi/lib/thumb/v6-m/nofp/crt0.o
LOAD build/main.o
LOAD build/usb_device.o
LOAD build/usbd_conf.o
LOAD build/usbd_desc.o
LOAD build/usbd_cdc_if.o
LOAD build/stm32f0xx_it.o
LOAD build/stm32f0xx_hal_msp.o
LOAD build/stm32f0xx_hal_pcd.o
LOAD build/stm32f0xx_hal_pcd_ex.o
LOAD build/stm32f0xx_hal_i2c.o
LOAD build/stm32f0xx_hal_i2c_ex.o
LOAD build/stm32f0xx_hal_tim.o
LOAD build/stm32f0xx_hal_tim_ex.o
LOAD build/stm32f0xx_hal_uart.o
LOAD build/stm32f0xx_hal_uart_ex.o
LOAD build/stm32f0xx_hal_rcc.o
LOAD build/stm32f0xx_hal_rcc_ex.o
LOAD build/stm32f0xx_hal.o
LOAD build/stm32f0xx_hal_gpio.o
LOAD build/stm32f0xx_hal_dma.o
LOAD build/stm32f0xx_hal_cortex.o
LOAD build/stm32f0xx_hal_pwr.o
LOAD build/stm32f0xx_hal_pwr_ex.o
LOAD build/stm32f0xx_hal_flash.o
LOAD build/stm32f0xx_hal_flash_ex.o
LOAD build/system_stm32f0xx.o
LOAD build/usbd_core.o
LOAD build/usbd_ctlreq.o
LOAD build/usbd_ioreq.o
LOAD build/usbd_cdc.o
LOAD build/startup_stm32f072xb.o
LOAD /usr/lib/gcc/arm-none-eabi/9.1.0/../../../../arm-none-eabi/lib/thumb/v6-m/nofp/libc_nano.a
LOAD /usr/lib/gcc/arm-none-eabi/9.1.0/../../../../arm-none-eabi/lib/thumb/v6-m/nofp/libm.a
LOAD /usr/lib/gcc/arm-none-eabi/9.1.0/../../../../arm-none-eabi/lib/thumb/v6-m/nofp/libnosys.a
START GROUP
LOAD /usr/lib/gcc/arm-none-eabi/9.1.0/thumb/v6-m/nofp/libgcc.a
LOAD /usr/lib/gcc/arm-none-eabi/9.1.0/../../../../arm-none-eabi/lib/thumb/v6-m/nofp/libc_nano.a
END GROUP
START GROUP
LOAD /usr/lib/gcc/arm-none-eabi/9.1.0/thumb/v6-m/nofp/libgcc.a
LOAD /usr/lib/gcc/arm-none-eabi/9.1.0/../../../../arm-none-eabi/lib/thumb/v6-m/nofp/libc_nano.a
END GROUP
LOAD /usr/lib/gcc/arm-none-eabi/9.1.0/thumb/v6-m/nofp/crtend.o
LOAD /usr/lib/gcc/arm-none-eabi/9.1.0/thumb/v6-m/nofp/crtn.o
                0x0000000020004000                _estack = 0x20004000
                0x0000000000000200                _Min_Heap_Size = 0x200
                0x0000000000000400                _Min_Stack_Size = 0x400

.isr_vector     0x0000000008000000       0xc0
                0x0000000008000000                . = ALIGN (0x4)
 *(.isr_vector)
 .isr_vector    0x0000000008000000       0xc0 build/startup_stm32f072xb.o
                0x0000000008000000                g_pfnVectors
                0x00000000080000c0                . = ALIGN (0x4)

.text           0x00000000080000c0     0x4560
                0x00000000080000c0                . = ALIGN (0x4)
 *(.text)
 .text          0x00000000080000c0       0x8c /usr/lib/gcc/arm-none-eabi/9.1.0/thumb/v6-m/nofp/libgcc.a(_udivsi3.o)
                0x00000000080000c0                __udivsi3
                0x00000000080000c0                __aeabi_uidiv
                0x0000000008000138                __aeabi_uidivmod
 .text          0x000000000800014c        0x4 /usr/lib/gcc/arm-none-eabi/9.1.0/thumb/v6-m/nofp/libgcc.a(_dvmd_tls.o)
                0x000000000800014c                __aeabi_ldiv0
                0x000000000800014c                __aeabi_idiv0
 *(.text*)
 .text.__do_global_dtors_aux
                0x0000000008000150       0x28 /usr/lib/gcc/arm-none-eabi/9.1.0/thumb/v6-m/nofp/crtbegin.o
 .text.frame_dummy
                0x0000000008000178       0x20 /usr/lib/gcc/arm-none-eabi/9.1.0/thumb/v6-m/nofp/crtbegin.o
 .text.dataTransmittedHandler0
                0x0000000008000198       0x20 build/main.o
                0x0000000008000198                dataTransmittedHandler0
 .text.dataTransmittedHandler2
                0x00000000080001b8       0x38 build/main.o
                0x00000000080001b8                dataTransmittedHandler2
 .text.MX_GPIO_Init
                0x00000000080001f0      0x110 build/main.o
 .text.MX_DMA_Init
                0x0000000008000300       0x40 build/main.o
 .text.MX_TIM1_Init
                0x0000000008000340       0x54 build/main.o
 .text.MX_TIM2_Init
                0x0000000008000394       0xc0 build/main.o
 .text.MX_USART3_UART_Init
                0x0000000008000454       0x30 build/main.o
 .text.dfu_otter_bootloader
                0x0000000008000484       0x28 build/main.o
                0x0000000008000484                dfu_otter_bootloader
 .text.startDMA
                0x00000000080004ac       0x68 build/main.o
                0x00000000080004ac                startDMA
 .text.SystemClock_Config
                0x0000000008000514       0x5e build/main.o
                0x0000000008000514                SystemClock_Config
 *fill*         0x0000000008000572        0x2 
 .text.main     0x0000000008000574      0x188 build/main.o
                0x0000000008000574                main
 .text.Error_Handler
                0x00000000080006fc        0x2 build/main.o
                0x00000000080006fc                Error_Handler
 *fill*         0x00000000080006fe        0x2 
 .text.MX_USB_DEVICE_Init
                0x0000000008000700       0x38 build/usb_device.o
                0x0000000008000700                MX_USB_DEVICE_Init
 .text.SystemClockConfig_Resume
                0x0000000008000738        0x8 build/usbd_conf.o
 .text.HAL_PCD_MspInit
                0x0000000008000740       0x40 build/usbd_conf.o
                0x0000000008000740                HAL_PCD_MspInit
 .text.HAL_PCD_SetupStageCallback
                0x0000000008000780       0x14 build/usbd_conf.o
                0x0000000008000780                HAL_PCD_SetupStageCallback
 .text.HAL_PCD_DataOutStageCallback
                0x0000000008000794       0x1e build/usbd_conf.o
                0x0000000008000794                HAL_PCD_DataOutStageCallback
 .text.HAL_PCD_DataInStageCallback
                0x00000000080007b2       0x1a build/usbd_conf.o
                0x00000000080007b2                HAL_PCD_DataInStageCallback
 .text.HAL_PCD_SOFCallback
                0x00000000080007cc        0xe build/usbd_conf.o
                0x00000000080007cc                HAL_PCD_SOFCallback
 .text.HAL_PCD_ResetCallback
                0x00000000080007da       0x18 build/usbd_conf.o
                0x00000000080007da                HAL_PCD_ResetCallback
 *fill*         0x00000000080007f2        0x2 
 .text.HAL_PCD_SuspendCallback
                0x00000000080007f4       0x24 build/usbd_conf.o
                0x00000000080007f4                HAL_PCD_SuspendCallback
 .text.HAL_PCD_ResumeCallback
                0x0000000008000818       0x2c build/usbd_conf.o
                0x0000000008000818                HAL_PCD_ResumeCallback
 .text.USBD_LL_Init
                0x0000000008000844       0x88 build/usbd_conf.o
                0x0000000008000844                USBD_LL_Init
 .text.USBD_LL_Start
                0x00000000080008cc       0x22 build/usbd_conf.o
                0x00000000080008cc                USBD_LL_Start
 .text.USBD_LL_OpenEP
                0x00000000080008ee       0x28 build/usbd_conf.o
                0x00000000080008ee                USBD_LL_OpenEP
 .text.USBD_LL_CloseEP
                0x0000000008000916       0x22 build/usbd_conf.o
                0x0000000008000916                USBD_LL_CloseEP
 .text.USBD_LL_StallEP
                0x0000000008000938       0x22 build/usbd_conf.o
                0x0000000008000938                USBD_LL_StallEP
 .text.USBD_LL_ClearStallEP
                0x000000000800095a       0x22 build/usbd_conf.o
                0x000000000800095a                USBD_LL_ClearStallEP
 .text.USBD_LL_IsStallEP
                0x000000000800097c       0x32 build/usbd_conf.o
                0x000000000800097c                USBD_LL_IsStallEP
 .text.USBD_LL_SetUSBAddress
                0x00000000080009ae       0x22 build/usbd_conf.o
                0x00000000080009ae                USBD_LL_SetUSBAddress
 .text.USBD_LL_Transmit
                0x00000000080009d0       0x22 build/usbd_conf.o
                0x00000000080009d0                USBD_LL_Transmit
 .text.USBD_LL_PrepareReceive
                0x00000000080009f2       0x22 build/usbd_conf.o
                0x00000000080009f2                USBD_LL_PrepareReceive
 .text.USBD_LL_GetRxDataSize
                0x0000000008000a14        0xe build/usbd_conf.o
                0x0000000008000a14                USBD_LL_GetRxDataSize
 *fill*         0x0000000008000a22        0x2 
 .text.USBD_static_malloc
                0x0000000008000a24        0x8 build/usbd_conf.o
                0x0000000008000a24                USBD_static_malloc
 .text.USBD_static_free
                0x0000000008000a2c        0x2 build/usbd_conf.o
                0x0000000008000a2c                USBD_static_free
 *fill*         0x0000000008000a2e        0x2 
 .text.USBD_FS_DeviceDescriptor
                0x0000000008000a30        0xc build/usbd_desc.o
                0x0000000008000a30                USBD_FS_DeviceDescriptor
 .text.USBD_FS_LangIDStrDescriptor
                0x0000000008000a3c        0xc build/usbd_desc.o
                0x0000000008000a3c                USBD_FS_LangIDStrDescriptor
 .text.USBD_FS_ProductStrDescriptor
                0x0000000008000a48       0x28 build/usbd_desc.o
                0x0000000008000a48                USBD_FS_ProductStrDescriptor
 .text.USBD_FS_ManufacturerStrDescriptor
                0x0000000008000a70       0x1c build/usbd_desc.o
                0x0000000008000a70                USBD_FS_ManufacturerStrDescriptor
 .text.USBD_FS_SerialStrDescriptor
                0x0000000008000a8c       0x28 build/usbd_desc.o
                0x0000000008000a8c                USBD_FS_SerialStrDescriptor
 .text.USBD_FS_ConfigStrDescriptor
                0x0000000008000ab4       0x28 build/usbd_desc.o
                0x0000000008000ab4                USBD_FS_ConfigStrDescriptor
 .text.USBD_FS_InterfaceStrDescriptor
                0x0000000008000adc       0x28 build/usbd_desc.o
                0x0000000008000adc                USBD_FS_InterfaceStrDescriptor
 .text.CDC_DeInit_FS
                0x0000000008000b04        0x4 build/usbd_cdc_if.o
 .text.CDC_Control_FS
                0x0000000008000b08        0x4 build/usbd_cdc_if.o
 .text.CDC_Receive_FS
                0x0000000008000b0c       0x1c build/usbd_cdc_if.o
 .text.CDC_Init_FS
                0x0000000008000b28       0x28 build/usbd_cdc_if.o
 .text.NMI_Handler
                0x0000000008000b50        0x2 build/stm32f0xx_it.o
                0x0000000008000b50                NMI_Handler
 .text.HardFault_Handler
                0x0000000008000b52        0x2 build/stm32f0xx_it.o
                0x0000000008000b52                HardFault_Handler
 .text.SVC_Handler
                0x0000000008000b54        0x2 build/stm32f0xx_it.o
                0x0000000008000b54                SVC_Handler
 .text.PendSV_Handler
                0x0000000008000b56        0x2 build/stm32f0xx_it.o
                0x0000000008000b56                PendSV_Handler
 .text.SysTick_Handler
                0x0000000008000b58        0x8 build/stm32f0xx_it.o
                0x0000000008000b58                SysTick_Handler
 .text.DMA1_Channel1_IRQHandler
                0x0000000008000b60       0x10 build/stm32f0xx_it.o
                0x0000000008000b60                DMA1_Channel1_IRQHandler
 .text.DMA1_Channel2_3_IRQHandler
                0x0000000008000b70        0x2 build/stm32f0xx_it.o
                0x0000000008000b70                DMA1_Channel2_3_IRQHandler
 *fill*         0x0000000008000b72        0x2 
 .text.DMA1_Channel4_5_6_7_IRQHandler
                0x0000000008000b74       0x2c build/stm32f0xx_it.o
                0x0000000008000b74                DMA1_Channel4_5_6_7_IRQHandler
 .text.USB_IRQHandler
                0x0000000008000ba0       0x10 build/stm32f0xx_it.o
                0x0000000008000ba0                USB_IRQHandler
 .text.HAL_MspInit
                0x0000000008000bb0       0x30 build/stm32f0xx_hal_msp.o
                0x0000000008000bb0                HAL_MspInit
 .text.HAL_TIM_Encoder_MspInit
                0x0000000008000be0       0x64 build/stm32f0xx_hal_msp.o
                0x0000000008000be0                HAL_TIM_Encoder_MspInit
 .text.HAL_TIM_Base_MspInit
                0x0000000008000c44      0x10c build/stm32f0xx_hal_msp.o
                0x0000000008000c44                HAL_TIM_Base_MspInit
 .text.HAL_UART_MspInit
                0x0000000008000d50       0xd8 build/stm32f0xx_hal_msp.o
                0x0000000008000d50                HAL_UART_MspInit
 .text.HAL_PCD_Init
                0x0000000008000e28       0xc0 build/stm32f0xx_hal_pcd.o
                0x0000000008000e28                HAL_PCD_Init
 .text.HAL_PCD_Start
                0x0000000008000ee8       0x18 build/stm32f0xx_hal_pcd.o
                0x0000000008000ee8                HAL_PCD_Start
 .text.HAL_PCD_SetAddress
                0x0000000008000f00       0x36 build/stm32f0xx_hal_pcd.o
                0x0000000008000f00                HAL_PCD_SetAddress
 *fill*         0x0000000008000f36        0x2 
 .text.HAL_PCD_EP_Open
                0x0000000008000f38      0x30c build/stm32f0xx_hal_pcd.o
                0x0000000008000f38                HAL_PCD_EP_Open
 .text.HAL_PCD_EP_Close
                0x0000000008001244      0x1a4 build/stm32f0xx_hal_pcd.o
                0x0000000008001244                HAL_PCD_EP_Close
 .text.HAL_PCD_EP_Receive
                0x00000000080013e8      0x20c build/stm32f0xx_hal_pcd.o
                0x00000000080013e8                HAL_PCD_EP_Receive
 .text.HAL_PCD_EP_GetRxCount
                0x00000000080015f4       0x16 build/stm32f0xx_hal_pcd.o
                0x00000000080015f4                HAL_PCD_EP_GetRxCount
 *fill*         0x000000000800160a        0x2 
 .text.HAL_PCD_EP_SetStall
                0x000000000800160c       0xb4 build/stm32f0xx_hal_pcd.o
                0x000000000800160c                HAL_PCD_EP_SetStall
 .text.HAL_PCD_EP_ClrStall
                0x00000000080016c0       0xd4 build/stm32f0xx_hal_pcd.o
                0x00000000080016c0                HAL_PCD_EP_ClrStall
 .text.PCD_WritePMA
                0x0000000008001794       0x28 build/stm32f0xx_hal_pcd.o
                0x0000000008001794                PCD_WritePMA
 .text.HAL_PCD_EP_Transmit
                0x00000000080017bc      0x214 build/stm32f0xx_hal_pcd.o
                0x00000000080017bc                HAL_PCD_EP_Transmit
 .text.PCD_ReadPMA
                0x00000000080019d0       0x2c build/stm32f0xx_hal_pcd.o
                0x00000000080019d0                PCD_ReadPMA
 .text.PCD_EP_ISR_Handler
                0x00000000080019fc      0x4bc build/stm32f0xx_hal_pcd.o
 .text.HAL_PCD_IRQHandler
                0x0000000008001eb8      0x11c build/stm32f0xx_hal_pcd.o
                0x0000000008001eb8                HAL_PCD_IRQHandler
 .text.HAL_PCDEx_PMAConfig
                0x0000000008001fd4       0x3a build/stm32f0xx_hal_pcd_ex.o
                0x0000000008001fd4                HAL_PCDEx_PMAConfig
 *fill*         0x000000000800200e        0x2 
 .text.TIM_OC1_SetConfig
                0x0000000008002010       0x88 build/stm32f0xx_hal_tim.o
 .text.TIM_OC3_SetConfig
                0x0000000008002098       0x90 build/stm32f0xx_hal_tim.o
 .text.TIM_OC4_SetConfig
                0x0000000008002128       0x74 build/stm32f0xx_hal_tim.o
 .text.TIM_TI1_ConfigInputStage
                0x000000000800219c       0x22 build/stm32f0xx_hal_tim.o
 *fill*         0x00000000080021be        0x2 
 .text.TIM_TI2_ConfigInputStage
                0x00000000080021c0       0x28 build/stm32f0xx_hal_tim.o
 .text.TIM_ITRx_SetConfig
                0x00000000080021e8       0x10 build/stm32f0xx_hal_tim.o
 .text.HAL_TIM_PWM_MspInit
                0x00000000080021f8        0x2 build/stm32f0xx_hal_tim.o
                0x00000000080021f8                HAL_TIM_PWM_MspInit
 *fill*         0x00000000080021fa        0x2 
 .text.TIM_Base_SetConfig
                0x00000000080021fc       0xa4 build/stm32f0xx_hal_tim.o
                0x00000000080021fc                TIM_Base_SetConfig
 .text.HAL_TIM_Base_Init
                0x00000000080022a0       0x34 build/stm32f0xx_hal_tim.o
                0x00000000080022a0                HAL_TIM_Base_Init
 .text.HAL_TIM_PWM_Init
                0x00000000080022d4       0x34 build/stm32f0xx_hal_tim.o
                0x00000000080022d4                HAL_TIM_PWM_Init
 .text.HAL_TIM_Encoder_Init
                0x0000000008002308       0xa4 build/stm32f0xx_hal_tim.o
                0x0000000008002308                HAL_TIM_Encoder_Init
 .text.TIM_OC2_SetConfig
                0x00000000080023ac       0x88 build/stm32f0xx_hal_tim.o
                0x00000000080023ac                TIM_OC2_SetConfig
 .text.HAL_TIM_PWM_ConfigChannel
                0x0000000008002434       0xec build/stm32f0xx_hal_tim.o
                0x0000000008002434                HAL_TIM_PWM_ConfigChannel
 .text.TIM_ETR_SetConfig
                0x0000000008002520       0x18 build/stm32f0xx_hal_tim.o
                0x0000000008002520                TIM_ETR_SetConfig
 .text.HAL_TIM_ConfigClockSource
                0x0000000008002538      0x118 build/stm32f0xx_hal_tim.o
                0x0000000008002538                HAL_TIM_ConfigClockSource
 .text.TIM_CCxChannelCmd
                0x0000000008002650       0x16 build/stm32f0xx_hal_tim.o
                0x0000000008002650                TIM_CCxChannelCmd
 *fill*         0x0000000008002666        0x2 
 .text.HAL_TIM_PWM_Start
                0x0000000008002668       0x50 build/stm32f0xx_hal_tim.o
                0x0000000008002668                HAL_TIM_PWM_Start
 .text.HAL_TIM_PWM_Stop
                0x00000000080026b8       0x80 build/stm32f0xx_hal_tim.o
                0x00000000080026b8                HAL_TIM_PWM_Stop
 .text.HAL_TIMEx_MasterConfigSynchronization
                0x0000000008002738       0x4c build/stm32f0xx_hal_tim_ex.o
                0x0000000008002738                HAL_TIMEx_MasterConfigSynchronization
 .text.UART_SetConfig
                0x0000000008002784      0x220 build/stm32f0xx_hal_uart.o
                0x0000000008002784                UART_SetConfig
 .text.UART_AdvFeatureConfig
                0x00000000080029a4       0xe0 build/stm32f0xx_hal_uart.o
                0x00000000080029a4                UART_AdvFeatureConfig
 .text.UART_WaitOnFlagUntilTimeout
                0x0000000008002a84       0x74 build/stm32f0xx_hal_uart.o
                0x0000000008002a84                UART_WaitOnFlagUntilTimeout
 .text.UART_CheckIdleState
                0x0000000008002af8       0x84 build/stm32f0xx_hal_uart.o
                0x0000000008002af8                UART_CheckIdleState
 .text.HAL_UART_Init
                0x0000000008002b7c       0x70 build/stm32f0xx_hal_uart.o
                0x0000000008002b7c                HAL_UART_Init
 .text.HAL_RCC_OscConfig
                0x0000000008002bec      0x4fc build/stm32f0xx_hal_rcc.o
                0x0000000008002bec                HAL_RCC_OscConfig
 .text.HAL_RCC_GetSysClockFreq
                0x00000000080030e8       0x94 build/stm32f0xx_hal_rcc.o
                0x00000000080030e8                HAL_RCC_GetSysClockFreq
 .text.HAL_RCC_ClockConfig
                0x000000000800317c      0x188 build/stm32f0xx_hal_rcc.o
                0x000000000800317c                HAL_RCC_ClockConfig
 .text.HAL_RCC_GetHCLKFreq
                0x0000000008003304        0xc build/stm32f0xx_hal_rcc.o
                0x0000000008003304                HAL_RCC_GetHCLKFreq
 .text.HAL_RCC_GetPCLK1Freq
                0x0000000008003310       0x20 build/stm32f0xx_hal_rcc.o
                0x0000000008003310                HAL_RCC_GetPCLK1Freq
 .text.HAL_RCCEx_PeriphCLKConfig
                0x0000000008003330      0x15c build/stm32f0xx_hal_rcc_ex.o
                0x0000000008003330                HAL_RCCEx_PeriphCLKConfig
 .text.HAL_InitTick
                0x000000000800348c       0x24 build/stm32f0xx_hal.o
                0x000000000800348c                HAL_InitTick
 .text.HAL_Init
                0x00000000080034b0       0x20 build/stm32f0xx_hal.o
                0x00000000080034b0                HAL_Init
 .text.HAL_IncTick
                0x00000000080034d0       0x10 build/stm32f0xx_hal.o
                0x00000000080034d0                HAL_IncTick
 .text.HAL_GetTick
                0x00000000080034e0        0xc build/stm32f0xx_hal.o
                0x00000000080034e0                HAL_GetTick
 .text.HAL_Delay
                0x00000000080034ec       0x22 build/stm32f0xx_hal.o
                0x00000000080034ec                HAL_Delay
 *fill*         0x000000000800350e        0x2 
 .text.HAL_GPIO_Init
                0x0000000008003510      0x1bc build/stm32f0xx_hal_gpio.o
                0x0000000008003510                HAL_GPIO_Init
 .text.HAL_GPIO_ReadPin
                0x00000000080036cc        0xe build/stm32f0xx_hal_gpio.o
                0x00000000080036cc                HAL_GPIO_ReadPin
 .text.HAL_GPIO_WritePin
                0x00000000080036da        0xc build/stm32f0xx_hal_gpio.o
                0x00000000080036da                HAL_GPIO_WritePin
 .text.DMA_SetConfig
                0x00000000080036e6       0x2a build/stm32f0xx_hal_dma.o
 .text.DMA_CalcBaseAndBitshift
                0x0000000008003710       0x28 build/stm32f0xx_hal_dma.o
 .text.HAL_DMA_Init
                0x0000000008003738       0x58 build/stm32f0xx_hal_dma.o
                0x0000000008003738                HAL_DMA_Init
 .text.HAL_DMA_Start_IT
                0x0000000008003790       0x76 build/stm32f0xx_hal_dma.o
                0x0000000008003790                HAL_DMA_Start_IT
 .text.HAL_DMA_IRQHandler
                0x0000000008003806       0xaa build/stm32f0xx_hal_dma.o
                0x0000000008003806                HAL_DMA_IRQHandler
 .text.HAL_DMA_GetState
                0x00000000080038b0        0x8 build/stm32f0xx_hal_dma.o
                0x00000000080038b0                HAL_DMA_GetState
 .text.HAL_NVIC_SetPriority
                0x00000000080038b8       0x60 build/stm32f0xx_hal_cortex.o
                0x00000000080038b8                HAL_NVIC_SetPriority
 .text.HAL_NVIC_EnableIRQ
                0x0000000008003918       0x14 build/stm32f0xx_hal_cortex.o
                0x0000000008003918                HAL_NVIC_EnableIRQ
 .text.HAL_SYSTICK_Config
                0x000000000800392c       0x38 build/stm32f0xx_hal_cortex.o
                0x000000000800392c                HAL_SYSTICK_Config
 .text.SystemInit
                0x0000000008003964       0xa0 build/system_stm32f0xx.o
                0x0000000008003964                SystemInit
 .text.USBD_Init
                0x0000000008003a04       0x38 build/usbd_core.o
                0x0000000008003a04                USBD_Init
 .text.USBD_RegisterClass
                0x0000000008003a3c       0x12 build/usbd_core.o
                0x0000000008003a3c                USBD_RegisterClass
 .text.USBD_Start
                0x0000000008003a4e        0xa build/usbd_core.o
                0x0000000008003a4e                USBD_Start
 .text.USBD_SetClassConfig
                0x0000000008003a58       0x1e build/usbd_core.o
                0x0000000008003a58                USBD_SetClassConfig
 .text.USBD_ClrClassConfig
                0x0000000008003a76       0x10 build/usbd_core.o
                0x0000000008003a76                USBD_ClrClassConfig
 *fill*         0x0000000008003a86        0x2 
 .text.USBD_LL_SetupStage
                0x0000000008003a88       0x68 build/usbd_core.o
                0x0000000008003a88                USBD_LL_SetupStage
 .text.USBD_LL_DataOutStage
                0x0000000008003af0       0x7a build/usbd_core.o
                0x0000000008003af0                USBD_LL_DataOutStage
 .text.USBD_LL_DataInStage
                0x0000000008003b6a       0xc4 build/usbd_core.o
                0x0000000008003b6a                USBD_LL_DataInStage
 .text.USBD_LL_Reset
                0x0000000008003c2e       0x46 build/usbd_core.o
                0x0000000008003c2e                USBD_LL_Reset
 .text.USBD_LL_SetSpeed
                0x0000000008003c74        0x6 build/usbd_core.o
                0x0000000008003c74                USBD_LL_SetSpeed
 .text.USBD_LL_Suspend
                0x0000000008003c7a       0x16 build/usbd_core.o
                0x0000000008003c7a                USBD_LL_Suspend
 .text.USBD_LL_Resume
                0x0000000008003c90        0xe build/usbd_core.o
                0x0000000008003c90                USBD_LL_Resume
 .text.USBD_LL_SOF
                0x0000000008003c9e       0x20 build/usbd_core.o
                0x0000000008003c9e                USBD_LL_SOF
 .text.USBD_GetLen
                0x0000000008003cbe       0x14 build/usbd_ctlreq.o
 .text.USBD_SetFeature
                0x0000000008003cd2       0x24 build/usbd_ctlreq.o
 .text.USBD_ParseSetupRequest
                0x0000000008003cf6       0x28 build/usbd_ctlreq.o
                0x0000000008003cf6                USBD_ParseSetupRequest
 .text.USBD_CtlError
                0x0000000008003d1e       0x14 build/usbd_ctlreq.o
                0x0000000008003d1e                USBD_CtlError
 *fill*         0x0000000008003d32        0x2 
 .text.USBD_GetDescriptor
                0x0000000008003d34      0x15c build/usbd_ctlreq.o
 .text.USBD_SetAddress
                0x0000000008003e90       0x58 build/usbd_ctlreq.o
 .text.USBD_SetConfig
                0x0000000008003ee8       0xb0 build/usbd_ctlreq.o
 .text.USBD_GetConfig
                0x0000000008003f98       0x3c build/usbd_ctlreq.o
 .text.USBD_GetStatus
                0x0000000008003fd4       0x32 build/usbd_ctlreq.o
 .text.USBD_ClrFeature
                0x0000000008004006       0x34 build/usbd_ctlreq.o
 *fill*         0x000000000800403a        0x2 
 .text.USBD_StdDevReq
                0x000000000800403c       0x48 build/usbd_ctlreq.o
                0x000000000800403c                USBD_StdDevReq
 .text.USBD_StdItfReq
                0x0000000008004084       0x3c build/usbd_ctlreq.o
                0x0000000008004084                USBD_StdItfReq
 .text.USBD_StdEPReq
                0x00000000080040c0      0x13e build/usbd_ctlreq.o
                0x00000000080040c0                USBD_StdEPReq
 .text.USBD_GetString
                0x00000000080041fe       0x3c build/usbd_ctlreq.o
                0x00000000080041fe                USBD_GetString
 .text.USBD_CtlSendData
                0x000000000800423a       0x1c build/usbd_ioreq.o
                0x000000000800423a                USBD_CtlSendData
 .text.USBD_CtlContinueSendData
                0x0000000008004256       0x10 build/usbd_ioreq.o
                0x0000000008004256                USBD_CtlContinueSendData
 .text.USBD_CtlPrepareRx
                0x0000000008004266       0x20 build/usbd_ioreq.o
                0x0000000008004266                USBD_CtlPrepareRx
 .text.USBD_CtlContinueRx
                0x0000000008004286       0x10 build/usbd_ioreq.o
                0x0000000008004286                USBD_CtlContinueRx
 .text.USBD_CtlSendStatus
                0x0000000008004296       0x18 build/usbd_ioreq.o
                0x0000000008004296                USBD_CtlSendStatus
 .text.USBD_CtlReceiveStatus
                0x00000000080042ae       0x18 build/usbd_ioreq.o
                0x00000000080042ae                USBD_CtlReceiveStatus
 .text.USBD_CDC_DataIn
                0x00000000080042c6       0x1a build/usbd_cdc.o
 .text.USBD_CDC_EP0_RxReady
                0x00000000080042e0       0x34 build/usbd_cdc.o
 .text.USBD_CDC_GetFSCfgDesc
                0x0000000008004314        0xc build/usbd_cdc.o
 .text.USBD_CDC_GetHSCfgDesc
                0x0000000008004320        0xc build/usbd_cdc.o
 .text.USBD_CDC_GetOtherSpeedCfgDesc
                0x000000000800432c        0xc build/usbd_cdc.o
 .text.USBD_CDC_GetDeviceQualifierDescriptor
                0x0000000008004338        0xc build/usbd_cdc.o
                0x0000000008004338                USBD_CDC_GetDeviceQualifierDescriptor
 .text.USBD_CDC_DataOut
                0x0000000008004344       0x36 build/usbd_cdc.o
 *fill*         0x000000000800437a        0x2 
 .text.USBD_CDC_Setup
                0x000000000800437c       0x88 build/usbd_cdc.o
 .text.USBD_CDC_DeInit
                0x0000000008004404       0x40 build/usbd_cdc.o
 .text.USBD_CDC_Init
                0x0000000008004444       0xa4 build/usbd_cdc.o
 .text.USBD_CDC_RegisterInterface
                0x00000000080044e8       0x12 build/usbd_cdc.o
                0x00000000080044e8                USBD_CDC_RegisterInterface
 .text.USBD_CDC_SetTxBuffer
                0x00000000080044fa       0x16 build/usbd_cdc.o
                0x00000000080044fa                USBD_CDC_SetTxBuffer
 .text.USBD_CDC_SetRxBuffer
                0x0000000008004510        0xe build/usbd_cdc.o
                0x0000000008004510                USBD_CDC_SetRxBuffer
 .text.USBD_CDC_ReceivePacket
                0x000000000800451e       0x3c build/usbd_cdc.o
                0x000000000800451e                USBD_CDC_ReceivePacket
 *fill*         0x000000000800455a        0x2 
 .text.Reset_Handler
                0x000000000800455c       0x50 build/startup_stm32f072xb.o
                0x000000000800455c                Reset_Handler
 .text.Default_Handler
                0x00000000080045ac        0x2 build/startup_stm32f072xb.o
                0x00000000080045ac                TIM1_CC_IRQHandler
                0x00000000080045ac                TSC_IRQHandler
                0x00000000080045ac                ADC1_COMP_IRQHandler
                0x00000000080045ac                I2C1_IRQHandler
                0x00000000080045ac                RCC_CRS_IRQHandler
                0x00000000080045ac                SPI1_IRQHandler
                0x00000000080045ac                TIM6_DAC_IRQHandler
                0x00000000080045ac                USART3_4_IRQHandler
                0x00000000080045ac                EXTI2_3_IRQHandler
                0x00000000080045ac                I2C2_IRQHandler
                0x00000000080045ac                TIM17_IRQHandler
                0x00000000080045ac                CEC_CAN_IRQHandler
                0x00000000080045ac                RTC_IRQHandler
                0x00000000080045ac                PVD_VDDIO2_IRQHandler
                0x00000000080045ac                TIM16_IRQHandler
                0x00000000080045ac                TIM3_IRQHandler
                0x00000000080045ac                EXTI4_15_IRQHandler
                0x00000000080045ac                Default_Handler
                0x00000000080045ac                TIM14_IRQHandler
                0x00000000080045ac                TIM7_IRQHandler
                0x00000000080045ac                TIM15_IRQHandler
                0x00000000080045ac                EXTI0_1_IRQHandler
                0x00000000080045ac                SPI2_IRQHandler
                0x00000000080045ac                WWDG_IRQHandler
                0x00000000080045ac                TIM2_IRQHandler
                0x00000000080045ac                USART2_IRQHandler
                0x00000000080045ac                FLASH_IRQHandler
                0x00000000080045ac                USART1_IRQHandler
                0x00000000080045ac                TIM1_BRK_UP_TRG_COM_IRQHandler
 *fill*         0x00000000080045ae        0x2 
 .text.__libc_init_array
                0x00000000080045b0       0x48 /usr/lib/gcc/arm-none-eabi/9.1.0/../../../../arm-none-eabi/lib/thumb/v6-m/nofp/libc_nano.a(lib_a-init.o)
                0x00000000080045b0                __libc_init_array
 .text.memset   0x00000000080045f8       0x10 /usr/lib/gcc/arm-none-eabi/9.1.0/../../../../arm-none-eabi/lib/thumb/v6-m/nofp/libc_nano.a(lib_a-memset.o)
                0x00000000080045f8                memset
 *(.glue_7)
 .glue_7        0x0000000008004608        0x0 linker stubs
 *(.glue_7t)
 .glue_7t       0x0000000008004608        0x0 linker stubs
 *(.eh_frame)
 .eh_frame      0x0000000008004608        0x0 /usr/lib/gcc/arm-none-eabi/9.1.0/thumb/v6-m/nofp/crtbegin.o
 *(.init)
 .init          0x0000000008004608        0x4 /usr/lib/gcc/arm-none-eabi/9.1.0/thumb/v6-m/nofp/crti.o
                0x0000000008004608                _init
 .init          0x000000000800460c        0x8 /usr/lib/gcc/arm-none-eabi/9.1.0/thumb/v6-m/nofp/crtn.o
 *(.fini)
 .fini          0x0000000008004614        0x4 /usr/lib/gcc/arm-none-eabi/9.1.0/thumb/v6-m/nofp/crti.o
                0x0000000008004614                _fini
 .fini          0x0000000008004618        0x8 /usr/lib/gcc/arm-none-eabi/9.1.0/thumb/v6-m/nofp/crtn.o
                0x0000000008004620                . = ALIGN (0x4)
                0x0000000008004620                _etext = .

.vfp11_veneer   0x0000000008004620        0x0
 .vfp11_veneer  0x0000000008004620        0x0 linker stubs

.v4_bx          0x0000000008004620        0x0
 .v4_bx         0x0000000008004620        0x0 linker stubs

.iplt           0x0000000008004620        0x0
 .iplt          0x0000000008004620        0x0 /usr/lib/gcc/arm-none-eabi/9.1.0/thumb/v6-m/nofp/crtbegin.o

.rodata         0x0000000008004620       0xf8
                0x0000000008004620                . = ALIGN (0x4)
 *(.rodata)
 *(.rodata*)
 .rodata.USBD_FS_ProductStrDescriptor.str1.4
                0x0000000008004620       0x16 build/usbd_desc.o
 *fill*         0x0000000008004636        0x2 
 .rodata.USBD_FS_ManufacturerStrDescriptor.str1.4
                0x0000000008004638       0x13 build/usbd_desc.o
 *fill*         0x000000000800464b        0x1 
 .rodata.USBD_FS_SerialStrDescriptor.str1.4
                0x000000000800464c        0xd build/usbd_desc.o
 *fill*         0x0000000008004659        0x3 
 .rodata.USBD_FS_ConfigStrDescriptor.str1.4
                0x000000000800465c        0xb build/usbd_desc.o
 *fill*         0x0000000008004667        0x1 
 .rodata.USBD_FS_InterfaceStrDescriptor.str1.4
                0x0000000008004668        0xe build/usbd_desc.o
 *fill*         0x0000000008004676        0x2 
 .rodata.HAL_RCC_GetSysClockFreq.str1.4
                0x0000000008004678       0x28 build/stm32f0xx_hal_rcc.o
                                         0x25 (size before relaxing)
 .rodata.AHBPrescTable
                0x00000000080046a0       0x10 build/system_stm32f0xx.o
                0x00000000080046a0                AHBPrescTable
 .rodata.APBPrescTable
                0x00000000080046b0        0x8 build/system_stm32f0xx.o
                0x00000000080046b0                APBPrescTable
 .rodata.USBD_GetDescriptor
                0x00000000080046b8       0x38 build/usbd_ctlreq.o
 .rodata.USBD_StdDevReq
                0x00000000080046f0       0x28 build/usbd_ctlreq.o
                0x0000000008004718                . = ALIGN (0x4)

.rel.dyn        0x0000000008004718        0x0
 .rel.iplt      0x0000000008004718        0x0 /usr/lib/gcc/arm-none-eabi/9.1.0/thumb/v6-m/nofp/crtbegin.o

.ARM.extab
 *(.ARM.extab* .gnu.linkonce.armextab.*)

.ARM            0x0000000008004718        0x0
                0x0000000008004718                __exidx_start = .
 *(.ARM.exidx*)
                0x0000000008004718                __exidx_end = .

.preinit_array  0x0000000008004718        0x0
                0x0000000008004718                PROVIDE (__preinit_array_start = .)
 *(.preinit_array*)
                0x0000000008004718                PROVIDE (__preinit_array_end = .)

.init_array     0x0000000008004718        0x4
                0x0000000008004718                PROVIDE (__init_array_start = .)
 *(SORT_BY_NAME(.init_array.*))
 *(.init_array*)
 .init_array    0x0000000008004718        0x4 /usr/lib/gcc/arm-none-eabi/9.1.0/thumb/v6-m/nofp/crtbegin.o
                0x000000000800471c                PROVIDE (__init_array_end = .)

.fini_array     0x000000000800471c        0x4
                0x000000000800471c                PROVIDE (__fini_array_start = .)
 *(SORT_BY_NAME(.fini_array.*))
 *(.fini_array*)
 .fini_array    0x000000000800471c        0x4 /usr/lib/gcc/arm-none-eabi/9.1.0/thumb/v6-m/nofp/crtbegin.o
                0x0000000008004720                PROVIDE (__fini_array_end = .)
                0x0000000008004720                _sidata = LOADADDR (.data)

.data           0x0000000020000000      0x15c load address 0x0000000008004720
                0x0000000020000000                . = ALIGN (0x4)
                0x0000000020000000                _sdata = .
 *(.data)
 *(.data*)
 .data.PER      0x0000000020000000        0x2 build/main.o
                0x0000000020000000                PER
 *fill*         0x0000000020000002        0x2 
 .data.FS_Desc  0x0000000020000004       0x1c build/usbd_desc.o
                0x0000000020000004                FS_Desc
 .data.USBD_FS_DeviceDesc
                0x0000000020000020       0x12 build/usbd_desc.o
                0x0000000020000020                USBD_FS_DeviceDesc
 *fill*         0x0000000020000032        0x2 
 .data.USBD_LangIDDesc
                0x0000000020000034        0x4 build/usbd_desc.o
                0x0000000020000034                USBD_LangIDDesc
 .data.USBD_Interface_fops_FS
                0x0000000020000038       0x10 build/usbd_cdc_if.o
                0x0000000020000038                USBD_Interface_fops_FS
 .data.SystemCoreClock
                0x0000000020000048        0x4 build/system_stm32f0xx.o
                0x0000000020000048                SystemCoreClock
 .data.USBD_CDC
                0x000000002000004c       0x38 build/usbd_cdc.o
                0x000000002000004c                USBD_CDC
 .data.USBD_CDC_CfgFSDesc
                0x0000000020000084       0x43 build/usbd_cdc.o
                0x0000000020000084                USBD_CDC_CfgFSDesc
 *fill*         0x00000000200000c7        0x1 
 .data.USBD_CDC_CfgHSDesc
                0x00000000200000c8       0x43 build/usbd_cdc.o
                0x00000000200000c8                USBD_CDC_CfgHSDesc
 *fill*         0x000000002000010b        0x1 
 .data.USBD_CDC_DeviceQualifierDesc
                0x000000002000010c        0xa build/usbd_cdc.o
 *fill*         0x0000000020000116        0x2 
 .data.USBD_CDC_OtherSpeedCfgDesc
                0x0000000020000118       0x43 build/usbd_cdc.o
                0x0000000020000118                USBD_CDC_OtherSpeedCfgDesc
                0x000000002000015c                . = ALIGN (0x4)
 *fill*         0x000000002000015b        0x1 
                0x000000002000015c                _edata = .

.igot.plt       0x000000002000015c        0x0 load address 0x000000000800487c
 .igot.plt      0x000000002000015c        0x0 /usr/lib/gcc/arm-none-eabi/9.1.0/thumb/v6-m/nofp/crtbegin.o
                0x000000002000015c                . = ALIGN (0x4)

.bss            0x000000002000015c     0x14f4 load address 0x000000000800487c
                0x000000002000015c                _sbss = .
                0x000000002000015c                __bss_start__ = _sbss
 *(.bss)
 *(.bss*)
 .bss.completed.8888
                0x000000002000015c        0x1 /usr/lib/gcc/arm-none-eabi/9.1.0/thumb/v6-m/nofp/crtbegin.o
 *fill*         0x000000002000015d        0x3 
 .bss.object.8893
                0x0000000020000160       0x18 /usr/lib/gcc/arm-none-eabi/9.1.0/thumb/v6-m/nofp/crtbegin.o
 .bss.mem.8377  0x0000000020000178      0x220 build/usbd_conf.o
 .bss.cfgidx.8220
                0x0000000020000398        0x1 build/usbd_ctlreq.o
 .bss.ifalt.8215
                0x0000000020000399        0x1 build/usbd_cdc.o
 *(COMMON)
 *fill*         0x000000002000039a        0x2 
 COMMON         0x000000002000039c      0x498 build/main.o
                0x000000002000039c                my_data_buf
                0x000000002000056c                hdma_tim2_ch1
                0x00000000200005b0                hdma_usart3_rx
                0x00000000200005f4                huart3
                0x0000000020000664                hdma_usart3_tx
                0x00000000200006a8                htim3
                0x00000000200006e8                hdma_tim2_uev
                0x000000002000072c                htim1
                0x000000002000076c                hdma_tim2_ch4
                0x00000000200007b0                htim2
                0x00000000200007f0                hdma_tim2_ch3
 COMMON         0x0000000020000834      0x224 build/usb_device.o
                0x0000000020000834                hUsbDeviceFS
 COMMON         0x0000000020000a58      0x220 build/usbd_conf.o
                0x0000000020000a58                hpcd_USB_FS
 COMMON         0x0000000020000c78      0x200 build/usbd_desc.o
                0x0000000020000c78                USBD_StrDesc
 COMMON         0x0000000020000e78      0x7d0 build/usbd_cdc_if.o
                0x0000000020000e78                UserRxBufferFS
                0x0000000020001260                UserTxBufferFS
 COMMON         0x0000000020001648        0x4 build/stm32f0xx_hal.o
                0x0000000020001648                uwTick
 COMMON         0x000000002000164c        0x4 build/system_stm32f0xx.o
                0x000000002000164c                SysMemBootJump
                0x0000000020001650                . = ALIGN (0x4)
                0x0000000020001650                _ebss = .
                0x0000000020001650                __bss_end__ = _ebss

._user_heap_stack
                0x0000000020001650      0x600 load address 0x000000000800487c
                0x0000000020001650                . = ALIGN (0x8)
                [!provide]                        PROVIDE (end = .)
                [!provide]                        PROVIDE (_end = .)
                0x0000000020001850                . = (. + _Min_Heap_Size)
 *fill*         0x0000000020001650      0x200 
                0x0000000020001c50                . = (. + _Min_Stack_Size)
 *fill*         0x0000000020001850      0x400 
                0x0000000020001c50                . = ALIGN (0x8)

/DISCARD/
 libc.a(*)
 libm.a(*)
 libgcc.a(*)

.ARM.attributes
                0x0000000000000000       0x28
 *(.ARM.attributes)
 .ARM.attributes
                0x0000000000000000       0x1e /usr/lib/gcc/arm-none-eabi/9.1.0/thumb/v6-m/nofp/crti.o
 .ARM.attributes
                0x000000000000001e       0x2c /usr/lib/gcc/arm-none-eabi/9.1.0/thumb/v6-m/nofp/crtbegin.o
 .ARM.attributes
                0x000000000000004a       0x2c build/main.o
 .ARM.attributes
                0x0000000000000076       0x2c build/usb_device.o
 .ARM.attributes
                0x00000000000000a2       0x2c build/usbd_conf.o
 .ARM.attributes
                0x00000000000000ce       0x2c build/usbd_desc.o
 .ARM.attributes
                0x00000000000000fa       0x2c build/usbd_cdc_if.o
 .ARM.attributes
                0x0000000000000126       0x2c build/stm32f0xx_it.o
 .ARM.attributes
                0x0000000000000152       0x2c build/stm32f0xx_hal_msp.o
 .ARM.attributes
                0x000000000000017e       0x2c build/stm32f0xx_hal_pcd.o
 .ARM.attributes
                0x00000000000001aa       0x2c build/stm32f0xx_hal_pcd_ex.o
 .ARM.attributes
                0x00000000000001d6       0x2c build/stm32f0xx_hal_tim.o
 .ARM.attributes
                0x0000000000000202       0x2c build/stm32f0xx_hal_tim_ex.o
 .ARM.attributes
                0x000000000000022e       0x2c build/stm32f0xx_hal_uart.o
 .ARM.attributes
                0x000000000000025a       0x2c build/stm32f0xx_hal_rcc.o
 .ARM.attributes
                0x0000000000000286       0x2c build/stm32f0xx_hal_rcc_ex.o
 .ARM.attributes
                0x00000000000002b2       0x2c build/stm32f0xx_hal.o
 .ARM.attributes
                0x00000000000002de       0x2c build/stm32f0xx_hal_gpio.o
 .ARM.attributes
                0x000000000000030a       0x2c build/stm32f0xx_hal_dma.o
 .ARM.attributes
                0x0000000000000336       0x2c build/stm32f0xx_hal_cortex.o
 .ARM.attributes
                0x0000000000000362       0x2c build/system_stm32f0xx.o
 .ARM.attributes
                0x000000000000038e       0x2c build/usbd_core.o
 .ARM.attributes
                0x00000000000003ba       0x2c build/usbd_ctlreq.o
 .ARM.attributes
                0x00000000000003e6       0x2c build/usbd_ioreq.o
 .ARM.attributes
                0x0000000000000412       0x2c build/usbd_cdc.o
 .ARM.attributes
                0x000000000000043e       0x21 build/startup_stm32f072xb.o
 .ARM.attributes
                0x000000000000045f       0x2c /usr/lib/gcc/arm-none-eabi/9.1.0/../../../../arm-none-eabi/lib/thumb/v6-m/nofp/libc_nano.a(lib_a-init.o)
 .ARM.attributes
                0x000000000000048b       0x2c /usr/lib/gcc/arm-none-eabi/9.1.0/../../../../arm-none-eabi/lib/thumb/v6-m/nofp/libc_nano.a(lib_a-memset.o)
 .ARM.attributes
                0x00000000000004b7       0x1e /usr/lib/gcc/arm-none-eabi/9.1.0/thumb/v6-m/nofp/libgcc.a(_udivsi3.o)
 .ARM.attributes
                0x00000000000004d5       0x1e /usr/lib/gcc/arm-none-eabi/9.1.0/thumb/v6-m/nofp/libgcc.a(_dvmd_tls.o)
 .ARM.attributes
                0x00000000000004f3       0x1e /usr/lib/gcc/arm-none-eabi/9.1.0/thumb/v6-m/nofp/crtn.o
OUTPUT(build/printer.elf elf32-littlearm)

.debug_info     0x0000000000000000    0x23917
 .debug_info    0x0000000000000000     0x2691 build/main.o
 .debug_info    0x0000000000002691     0x109d build/usb_device.o
 .debug_info    0x000000000000372e     0x2502 build/usbd_conf.o
 .debug_info    0x0000000000005c30      0xf2b build/usbd_desc.o
 .debug_info    0x0000000000006b5b     0x131a build/usbd_cdc_if.o
 .debug_info    0x0000000000007e75     0x1318 build/stm32f0xx_it.o
 .debug_info    0x000000000000918d     0x1a60 build/stm32f0xx_hal_msp.o
 .debug_info    0x000000000000abed     0x2057 build/stm32f0xx_hal_pcd.o
 .debug_info    0x000000000000cc44      0xfff build/stm32f0xx_hal_pcd_ex.o
 .debug_info    0x000000000000dc43     0x404e build/stm32f0xx_hal_tim.o
 .debug_info    0x0000000000011c91     0x2043 build/stm32f0xx_hal_tim_ex.o
 .debug_info    0x0000000000013cd4     0x2636 build/stm32f0xx_hal_uart.o
 .debug_info    0x000000000001630a     0x144a build/stm32f0xx_hal_rcc.o
 .debug_info    0x0000000000017754     0x1183 build/stm32f0xx_hal_rcc_ex.o
 .debug_info    0x00000000000188d7     0x10e7 build/stm32f0xx_hal.o
 .debug_info    0x00000000000199be     0x10c2 build/stm32f0xx_hal_gpio.o
 .debug_info    0x000000000001aa80     0x12f6 build/stm32f0xx_hal_dma.o
 .debug_info    0x000000000001bd76     0x12ab build/stm32f0xx_hal_cortex.o
 .debug_info    0x000000000001d021      0xc76 build/system_stm32f0xx.o
 .debug_info    0x000000000001dc97     0x17cd build/usbd_core.o
 .debug_info    0x000000000001f464     0x1994 build/usbd_ctlreq.o
 .debug_info    0x0000000000020df8     0x1242 build/usbd_ioreq.o
 .debug_info    0x000000000002203a     0x18bb build/usbd_cdc.o
 .debug_info    0x00000000000238f5       0x22 build/startup_stm32f072xb.o

.debug_abbrev   0x0000000000000000     0x4644
 .debug_abbrev  0x0000000000000000      0x405 build/main.o
 .debug_abbrev  0x0000000000000405      0x221 build/usb_device.o
 .debug_abbrev  0x0000000000000626      0x391 build/usbd_conf.o
 .debug_abbrev  0x00000000000009b7      0x28c build/usbd_desc.o
 .debug_abbrev  0x0000000000000c43      0x30c build/usbd_cdc_if.o
 .debug_abbrev  0x0000000000000f4f      0x241 build/stm32f0xx_it.o
 .debug_abbrev  0x0000000000001190      0x2db build/stm32f0xx_hal_msp.o
 .debug_abbrev  0x000000000000146b      0x3e1 build/stm32f0xx_hal_pcd.o
 .debug_abbrev  0x000000000000184c      0x21e build/stm32f0xx_hal_pcd_ex.o
 .debug_abbrev  0x0000000000001a6a      0x360 build/stm32f0xx_hal_tim.o
 .debug_abbrev  0x0000000000001dca      0x346 build/stm32f0xx_hal_tim_ex.o
 .debug_abbrev  0x0000000000002110      0x328 build/stm32f0xx_hal_uart.o
 .debug_abbrev  0x0000000000002438      0x32a build/stm32f0xx_hal_rcc.o
 .debug_abbrev  0x0000000000002762      0x321 build/stm32f0xx_hal_rcc_ex.o
 .debug_abbrev  0x0000000000002a83      0x320 build/stm32f0xx_hal.o
 .debug_abbrev  0x0000000000002da3      0x30a build/stm32f0xx_hal_gpio.o
 .debug_abbrev  0x00000000000030ad      0x327 build/stm32f0xx_hal_dma.o
 .debug_abbrev  0x00000000000033d4      0x395 build/stm32f0xx_hal_cortex.o
 .debug_abbrev  0x0000000000003769      0x271 build/system_stm32f0xx.o
 .debug_abbrev  0x00000000000039da      0x32d build/usbd_core.o
 .debug_abbrev  0x0000000000003d07      0x380 build/usbd_ctlreq.o
 .debug_abbrev  0x0000000000004087      0x222 build/usbd_ioreq.o
 .debug_abbrev  0x00000000000042a9      0x389 build/usbd_cdc.o
 .debug_abbrev  0x0000000000004632       0x12 build/startup_stm32f072xb.o

.debug_loc      0x0000000000000000     0xfd35
 .debug_loc     0x0000000000000000      0x284 build/main.o
 .debug_loc     0x0000000000000284       0x20 build/usb_device.o
 .debug_loc     0x00000000000002a4     0x10d5 build/usbd_conf.o
 .debug_loc     0x0000000000001379      0x3b9 build/usbd_desc.o
 .debug_loc     0x0000000000001732      0x1cf build/usbd_cdc_if.o
 .debug_loc     0x0000000000001901       0x80 build/stm32f0xx_it.o
 .debug_loc     0x0000000000001981      0x32d build/stm32f0xx_hal_msp.o
 .debug_loc     0x0000000000001cae     0x17bb build/stm32f0xx_hal_pcd.o
 .debug_loc     0x0000000000003469      0x14a build/stm32f0xx_hal_pcd_ex.o
 .debug_loc     0x00000000000035b3     0x461b build/stm32f0xx_hal_tim.o
 .debug_loc     0x0000000000007bce     0x182a build/stm32f0xx_hal_tim_ex.o
 .debug_loc     0x00000000000093f8     0x1f5f build/stm32f0xx_hal_uart.o
 .debug_loc     0x000000000000b357      0x74c build/stm32f0xx_hal_rcc.o
 .debug_loc     0x000000000000baa3      0x960 build/stm32f0xx_hal_rcc_ex.o
 .debug_loc     0x000000000000c403      0x118 build/stm32f0xx_hal.o
 .debug_loc     0x000000000000c51b      0x452 build/stm32f0xx_hal_gpio.o
 .debug_loc     0x000000000000c96d      0xa6a build/stm32f0xx_hal_dma.o
 .debug_loc     0x000000000000d3d7      0x449 build/stm32f0xx_hal_cortex.o
 .debug_loc     0x000000000000d820      0x1bd build/system_stm32f0xx.o
 .debug_loc     0x000000000000d9dd      0xa02 build/usbd_core.o
 .debug_loc     0x000000000000e3df      0xe90 build/usbd_ctlreq.o
 .debug_loc     0x000000000000f26f      0x364 build/usbd_ioreq.o
 .debug_loc     0x000000000000f5d3      0x762 build/usbd_cdc.o

.debug_aranges  0x0000000000000000     0x1060
 .debug_aranges
                0x0000000000000000       0x80 build/main.o
 .debug_aranges
                0x0000000000000080       0x20 build/usb_device.o
 .debug_aranges
                0x00000000000000a0      0x118 build/usbd_conf.o
 .debug_aranges
                0x00000000000001b8       0x50 build/usbd_desc.o
 .debug_aranges
                0x0000000000000208       0x40 build/usbd_cdc_if.o
 .debug_aranges
                0x0000000000000248       0x60 build/stm32f0xx_it.o
 .debug_aranges
                0x00000000000002a8       0x58 build/stm32f0xx_hal_msp.o
 .debug_aranges
                0x0000000000000300      0x130 build/stm32f0xx_hal_pcd.o
 .debug_aranges
                0x0000000000000430       0x20 build/stm32f0xx_hal_pcd_ex.o
 .debug_aranges
                0x0000000000000450      0x378 build/stm32f0xx_hal_tim.o
 .debug_aranges
                0x00000000000007c8      0x148 build/stm32f0xx_hal_tim_ex.o
 .debug_aranges
                0x0000000000000910      0x1d8 build/stm32f0xx_hal_uart.o
 .debug_aranges
                0x0000000000000ae8       0x80 build/stm32f0xx_hal_rcc.o
 .debug_aranges
                0x0000000000000b68       0x78 build/stm32f0xx_hal_rcc_ex.o
 .debug_aranges
                0x0000000000000be0       0xb8 build/stm32f0xx_hal.o
 .debug_aranges
                0x0000000000000c98       0x58 build/stm32f0xx_hal_gpio.o
 .debug_aranges
                0x0000000000000cf0       0x88 build/stm32f0xx_hal_dma.o
 .debug_aranges
                0x0000000000000d78       0x78 build/stm32f0xx_hal_cortex.o
 .debug_aranges
                0x0000000000000df0       0x28 build/system_stm32f0xx.o
 .debug_aranges
                0x0000000000000e18       0xb8 build/usbd_core.o
 .debug_aranges
                0x0000000000000ed0       0x88 build/usbd_ctlreq.o
 .debug_aranges
                0x0000000000000f58       0x50 build/usbd_ioreq.o
 .debug_aranges
                0x0000000000000fa8       0x90 build/usbd_cdc.o
 .debug_aranges
                0x0000000000001038       0x28 build/startup_stm32f072xb.o

.debug_ranges   0x0000000000000000     0x1068
 .debug_ranges  0x0000000000000000       0x88 build/main.o
 .debug_ranges  0x0000000000000088       0x10 build/usb_device.o
 .debug_ranges  0x0000000000000098      0x108 build/usbd_conf.o
 .debug_ranges  0x00000000000001a0       0x40 build/usbd_desc.o
 .debug_ranges  0x00000000000001e0       0x30 build/usbd_cdc_if.o
 .debug_ranges  0x0000000000000210       0x50 build/stm32f0xx_it.o
 .debug_ranges  0x0000000000000260       0x48 build/stm32f0xx_hal_msp.o
 .debug_ranges  0x00000000000002a8      0x210 build/stm32f0xx_hal_pcd.o
 .debug_ranges  0x00000000000004b8       0x10 build/stm32f0xx_hal_pcd_ex.o
 .debug_ranges  0x00000000000004c8      0x368 build/stm32f0xx_hal_tim.o
 .debug_ranges  0x0000000000000830      0x138 build/stm32f0xx_hal_tim_ex.o
 .debug_ranges  0x0000000000000968      0x1c8 build/stm32f0xx_hal_uart.o
 .debug_ranges  0x0000000000000b30       0x88 build/stm32f0xx_hal_rcc.o
 .debug_ranges  0x0000000000000bb8       0x80 build/stm32f0xx_hal_rcc_ex.o
 .debug_ranges  0x0000000000000c38       0xa8 build/stm32f0xx_hal.o
 .debug_ranges  0x0000000000000ce0       0x48 build/stm32f0xx_hal_gpio.o
 .debug_ranges  0x0000000000000d28       0x78 build/stm32f0xx_hal_dma.o
 .debug_ranges  0x0000000000000da0       0xb0 build/stm32f0xx_hal_cortex.o
 .debug_ranges  0x0000000000000e50       0x18 build/system_stm32f0xx.o
 .debug_ranges  0x0000000000000e68       0xa8 build/usbd_core.o
 .debug_ranges  0x0000000000000f10       0x78 build/usbd_ctlreq.o
 .debug_ranges  0x0000000000000f88       0x40 build/usbd_ioreq.o
 .debug_ranges  0x0000000000000fc8       0x80 build/usbd_cdc.o
 .debug_ranges  0x0000000000001048       0x20 build/startup_stm32f072xb.o

.debug_line     0x0000000000000000     0xdcc1
 .debug_line    0x0000000000000000      0x9bc build/main.o
 .debug_line    0x00000000000009bc      0x223 build/usb_device.o
 .debug_line    0x0000000000000bdf      0x8d6 build/usbd_conf.o
 .debug_line    0x00000000000014b5      0x2dc build/usbd_desc.o
 .debug_line    0x0000000000001791      0x2a0 build/usbd_cdc_if.o
 .debug_line    0x0000000000001a31      0x287 build/stm32f0xx_it.o
 .debug_line    0x0000000000001cb8      0x5ae build/stm32f0xx_hal_msp.o
 .debug_line    0x0000000000002266     0x1342 build/stm32f0xx_hal_pcd.o
 .debug_line    0x00000000000035a8      0x226 build/stm32f0xx_hal_pcd_ex.o
 .debug_line    0x00000000000037ce     0x3022 build/stm32f0xx_hal_tim.o
 .debug_line    0x00000000000067f0     0x10ba build/stm32f0xx_hal_tim_ex.o
 .debug_line    0x00000000000078aa     0x1bda build/stm32f0xx_hal_uart.o
 .debug_line    0x0000000000009484      0xb54 build/stm32f0xx_hal_rcc.o
 .debug_line    0x0000000000009fd8      0x8fd build/stm32f0xx_hal_rcc_ex.o
 .debug_line    0x000000000000a8d5      0x43f build/stm32f0xx_hal.o
 .debug_line    0x000000000000ad14      0x539 build/stm32f0xx_hal_gpio.o
 .debug_line    0x000000000000b24d      0x9aa build/stm32f0xx_hal_dma.o
 .debug_line    0x000000000000bbf7      0x4ae build/stm32f0xx_hal_cortex.o
 .debug_line    0x000000000000c0a5      0x2d9 build/system_stm32f0xx.o
 .debug_line    0x000000000000c37e      0x6cf build/usbd_core.o
 .debug_line    0x000000000000ca4d      0x8da build/usbd_ctlreq.o
 .debug_line    0x000000000000d327      0x2ea build/usbd_ioreq.o
 .debug_line    0x000000000000d611      0x638 build/usbd_cdc.o
 .debug_line    0x000000000000dc49       0x78 build/startup_stm32f072xb.o

.debug_str      0x0000000000000000     0x4ac7
 .debug_str     0x0000000000000000     0x1478 build/main.o
                                       0x1568 (size before relaxing)
 .debug_str     0x0000000000001478      0x3b5 build/usb_device.o
                                        0x9fa (size before relaxing)
 .debug_str     0x000000000000182d      0x7c0 build/usbd_conf.o
                                       0x140b (size before relaxing)
 .debug_str     0x0000000000001fed      0x11a build/usbd_desc.o
                                        0x7d5 (size before relaxing)
 .debug_str     0x0000000000002107      0x11b build/usbd_cdc_if.o
                                        0xaf4 (size before relaxing)
 .debug_str     0x0000000000002222       0xf0 build/stm32f0xx_it.o
                                        0xb3e (size before relaxing)
 .debug_str     0x0000000000002312      0x108 build/stm32f0xx_hal_msp.o
                                        0xe33 (size before relaxing)
 .debug_str     0x000000000000241a      0x188 build/stm32f0xx_hal_pcd.o
                                        0xc90 (size before relaxing)
 .debug_str     0x00000000000025a2       0x40 build/stm32f0xx_hal_pcd_ex.o
                                        0x8fd (size before relaxing)
 .debug_str     0x00000000000025e2      0xb6e build/stm32f0xx_hal_tim.o
                                       0x177f (size before relaxing)
 .debug_str     0x0000000000003150      0x49a build/stm32f0xx_hal_tim_ex.o
                                       0x10ab (size before relaxing)
 .debug_str     0x00000000000035ea      0x63d build/stm32f0xx_hal_uart.o
                                       0x116c (size before relaxing)
 .debug_str     0x0000000000003c27      0x1aa build/stm32f0xx_hal_rcc.o
                                        0x9e8 (size before relaxing)
 .debug_str     0x0000000000003dd1      0x28e build/stm32f0xx_hal_rcc_ex.o
                                        0xa0b (size before relaxing)
 .debug_str     0x000000000000405f      0x1a5 build/stm32f0xx_hal.o
                                        0xa39 (size before relaxing)
 .debug_str     0x0000000000004204       0xfd build/stm32f0xx_hal_gpio.o
                                        0x804 (size before relaxing)
 .debug_str     0x0000000000004301      0x1ca build/stm32f0xx_hal_dma.o
                                        0xa13 (size before relaxing)
 .debug_str     0x00000000000044cb      0x170 build/stm32f0xx_hal_cortex.o
                                        0xa41 (size before relaxing)
 .debug_str     0x000000000000463b       0x60 build/system_stm32f0xx.o
                                        0x652 (size before relaxing)
 .debug_str     0x000000000000469b      0x145 build/usbd_core.o
                                        0xc1a (size before relaxing)
 .debug_str     0x00000000000047e0       0xe2 build/usbd_ctlreq.o
                                        0xb34 (size before relaxing)
 .debug_str     0x00000000000048c2       0x60 build/usbd_ioreq.o
                                        0xa61 (size before relaxing)
 .debug_str     0x0000000000004922      0x183 build/usbd_cdc.o
                                        0xca8 (size before relaxing)
 .debug_str     0x0000000000004aa5       0x22 build/startup_stm32f072xb.o
                                         0x60 (size before relaxing)

.comment        0x0000000000000000       0x1d
 .comment       0x0000000000000000       0x1d build/main.o
                                         0x1e (size before relaxing)
 .comment       0x000000000000001d       0x1e build/usb_device.o
 .comment       0x000000000000001d       0x1e build/usbd_conf.o
 .comment       0x000000000000001d       0x1e build/usbd_desc.o
 .comment       0x000000000000001d       0x1e build/usbd_cdc_if.o
 .comment       0x000000000000001d       0x1e build/stm32f0xx_it.o
 .comment       0x000000000000001d       0x1e build/stm32f0xx_hal_msp.o
 .comment       0x000000000000001d       0x1e build/stm32f0xx_hal_pcd.o
 .comment       0x000000000000001d       0x1e build/stm32f0xx_hal_pcd_ex.o
 .comment       0x000000000000001d       0x1e build/stm32f0xx_hal_tim.o
 .comment       0x000000000000001d       0x1e build/stm32f0xx_hal_tim_ex.o
 .comment       0x000000000000001d       0x1e build/stm32f0xx_hal_uart.o
 .comment       0x000000000000001d       0x1e build/stm32f0xx_hal_rcc.o
 .comment       0x000000000000001d       0x1e build/stm32f0xx_hal_rcc_ex.o
 .comment       0x000000000000001d       0x1e build/stm32f0xx_hal.o
 .comment       0x000000000000001d       0x1e build/stm32f0xx_hal_gpio.o
 .comment       0x000000000000001d       0x1e build/stm32f0xx_hal_dma.o
 .comment       0x000000000000001d       0x1e build/stm32f0xx_hal_cortex.o
 .comment       0x000000000000001d       0x1e build/system_stm32f0xx.o
 .comment       0x000000000000001d       0x1e build/usbd_core.o
 .comment       0x000000000000001d       0x1e build/usbd_ctlreq.o
 .comment       0x000000000000001d       0x1e build/usbd_ioreq.o
 .comment       0x000000000000001d       0x1e build/usbd_cdc.o

.debug_frame    0x0000000000000000     0x2ddc
 .debug_frame   0x0000000000000000      0x1a4 build/main.o
 .debug_frame   0x00000000000001a4       0x2c build/usb_device.o
 .debug_frame   0x00000000000001d0      0x368 build/usbd_conf.o
 .debug_frame   0x0000000000000538       0xbc build/usbd_desc.o
 .debug_frame   0x00000000000005f4       0x84 build/usbd_cdc_if.o
 .debug_frame   0x0000000000000678       0xd0 build/stm32f0xx_it.o
 .debug_frame   0x0000000000000748       0xe8 build/stm32f0xx_hal_msp.o
 .debug_frame   0x0000000000000830      0x320 build/stm32f0xx_hal_pcd.o
 .debug_frame   0x0000000000000b50       0x2c build/stm32f0xx_hal_pcd_ex.o
 .debug_frame   0x0000000000000b7c      0xaf4 build/stm32f0xx_hal_tim.o
 .debug_frame   0x0000000000001670      0x418 build/stm32f0xx_hal_tim_ex.o
 .debug_frame   0x0000000000001a88      0x5a4 build/stm32f0xx_hal_uart.o
 .debug_frame   0x000000000000202c      0x148 build/stm32f0xx_hal_rcc.o
 .debug_frame   0x0000000000002174      0x10c build/stm32f0xx_hal_rcc_ex.o
 .debug_frame   0x0000000000002280      0x184 build/stm32f0xx_hal.o
 .debug_frame   0x0000000000002404       0xe4 build/stm32f0xx_hal_gpio.o
 .debug_frame   0x00000000000024e8      0x198 build/stm32f0xx_hal_dma.o
 .debug_frame   0x0000000000002680       0xec build/stm32f0xx_hal_cortex.o
 .debug_frame   0x000000000000276c       0x48 build/system_stm32f0xx.o
 .debug_frame   0x00000000000027b4      0x1ec build/usbd_core.o
 .debug_frame   0x00000000000029a0      0x198 build/usbd_ctlreq.o
 .debug_frame   0x0000000000002b38       0xd4 build/usbd_ioreq.o
 .debug_frame   0x0000000000002c0c      0x164 build/usbd_cdc.o
 .debug_frame   0x0000000000002d70       0x2c /usr/lib/gcc/arm-none-eabi/9.1.0/../../../../arm-none-eabi/lib/thumb/v6-m/nofp/libc_nano.a(lib_a-init.o)
 .debug_frame   0x0000000000002d9c       0x20 /usr/lib/gcc/arm-none-eabi/9.1.0/../../../../arm-none-eabi/lib/thumb/v6-m/nofp/libc_nano.a(lib_a-memset.o)
 .debug_frame   0x0000000000002dbc       0x20 /usr/lib/gcc/arm-none-eabi/9.1.0/thumb/v6-m/nofp/libgcc.a(_udivsi3.o)

Cross Reference Table

Symbol                                            File
ADC1_COMP_IRQHandler                              build/startup_stm32f072xb.o
AHBPrescTable                                     build/system_stm32f0xx.o
                                                  build/stm32f0xx_hal_rcc.o
APBPrescTable                                     build/system_stm32f0xx.o
                                                  build/stm32f0xx_hal_rcc.o
CDC_Transmit_FS                                   build/usbd_cdc_if.o
CEC_CAN_IRQHandler                                build/startup_stm32f072xb.o
DMA1_Channel1_IRQHandler                          build/stm32f0xx_it.o
DMA1_Channel2_3_IRQHandler                        build/stm32f0xx_it.o
DMA1_Channel4_5_6_7_IRQHandler                    build/stm32f0xx_it.o
Default_Handler                                   build/startup_stm32f072xb.o
EXTI0_1_IRQHandler                                build/startup_stm32f072xb.o
EXTI2_3_IRQHandler                                build/startup_stm32f072xb.o
EXTI4_15_IRQHandler                               build/startup_stm32f072xb.o
Error_Handler                                     build/main.o
                                                  build/stm32f0xx_hal_msp.o
                                                  build/usbd_conf.o
FLASH_IRQHandler                                  build/startup_stm32f072xb.o
FLASH_PageErase                                   build/stm32f0xx_hal_flash_ex.o
                                                  build/stm32f0xx_hal_flash.o
FLASH_WaitForLastOperation                        build/stm32f0xx_hal_flash.o
                                                  build/stm32f0xx_hal_flash_ex.o
FS_Desc                                           build/usbd_desc.o
                                                  build/usb_device.o
HAL_DBGMCU_DisableDBGStandbyMode                  build/stm32f0xx_hal.o
HAL_DBGMCU_DisableDBGStopMode                     build/stm32f0xx_hal.o
HAL_DBGMCU_EnableDBGStandbyMode                   build/stm32f0xx_hal.o
HAL_DBGMCU_EnableDBGStopMode                      build/stm32f0xx_hal.o
HAL_DMA_Abort                                     build/stm32f0xx_hal_dma.o
                                                  build/stm32f0xx_hal_uart.o
                                                  build/stm32f0xx_hal_tim.o
HAL_DMA_Abort_IT                                  build/stm32f0xx_hal_dma.o
                                                  build/stm32f0xx_hal_uart.o
                                                  build/stm32f0xx_hal_i2c.o
HAL_DMA_DeInit                                    build/stm32f0xx_hal_dma.o
                                                  build/stm32f0xx_hal_msp.o
HAL_DMA_GetError                                  build/stm32f0xx_hal_dma.o
HAL_DMA_GetState                                  build/stm32f0xx_hal_dma.o
                                                  build/main.o
HAL_DMA_IRQHandler                                build/stm32f0xx_hal_dma.o
                                                  build/stm32f0xx_it.o
HAL_DMA_Init                                      build/stm32f0xx_hal_dma.o
                                                  build/stm32f0xx_hal_msp.o
HAL_DMA_PollForTransfer                           build/stm32f0xx_hal_dma.o
HAL_DMA_RegisterCallback                          build/stm32f0xx_hal_dma.o
HAL_DMA_Start                                     build/stm32f0xx_hal_dma.o
HAL_DMA_Start_IT                                  build/stm32f0xx_hal_dma.o
                                                  build/stm32f0xx_hal_uart.o
                                                  build/stm32f0xx_hal_tim_ex.o
                                                  build/stm32f0xx_hal_tim.o
                                                  build/stm32f0xx_hal_i2c.o
                                                  build/main.o
HAL_DMA_UnRegisterCallback                        build/stm32f0xx_hal_dma.o
HAL_DeInit                                        build/stm32f0xx_hal.o
HAL_Delay                                         build/stm32f0xx_hal.o
                                                  build/usbd_conf.o
                                                  build/main.o
HAL_FLASHEx_Erase                                 build/stm32f0xx_hal_flash_ex.o
HAL_FLASHEx_Erase_IT                              build/stm32f0xx_hal_flash_ex.o
HAL_FLASHEx_OBErase                               build/stm32f0xx_hal_flash_ex.o
HAL_FLASHEx_OBGetConfig                           build/stm32f0xx_hal_flash_ex.o
HAL_FLASHEx_OBGetUserData                         build/stm32f0xx_hal_flash_ex.o
HAL_FLASHEx_OBProgram                             build/stm32f0xx_hal_flash_ex.o
HAL_FLASH_EndOfOperationCallback                  build/stm32f0xx_hal_flash.o
HAL_FLASH_GetError                                build/stm32f0xx_hal_flash.o
HAL_FLASH_IRQHandler                              build/stm32f0xx_hal_flash.o
HAL_FLASH_Lock                                    build/stm32f0xx_hal_flash.o
HAL_FLASH_OB_Launch                               build/stm32f0xx_hal_flash.o
HAL_FLASH_OB_Lock                                 build/stm32f0xx_hal_flash.o
HAL_FLASH_OB_Unlock                               build/stm32f0xx_hal_flash.o
HAL_FLASH_OperationErrorCallback                  build/stm32f0xx_hal_flash.o
HAL_FLASH_Program                                 build/stm32f0xx_hal_flash.o
HAL_FLASH_Program_IT                              build/stm32f0xx_hal_flash.o
HAL_FLASH_Unlock                                  build/stm32f0xx_hal_flash.o
HAL_GPIO_DeInit                                   build/stm32f0xx_hal_gpio.o
                                                  build/stm32f0xx_hal_msp.o
HAL_GPIO_EXTI_Callback                            build/stm32f0xx_hal_gpio.o
HAL_GPIO_EXTI_IRQHandler                          build/stm32f0xx_hal_gpio.o
HAL_GPIO_Init                                     build/stm32f0xx_hal_gpio.o
                                                  build/stm32f0xx_hal_rcc.o
                                                  build/stm32f0xx_hal_msp.o
                                                  build/main.o
HAL_GPIO_LockPin                                  build/stm32f0xx_hal_gpio.o
HAL_GPIO_ReadPin                                  build/stm32f0xx_hal_gpio.o
                                                  build/main.o
HAL_GPIO_TogglePin                                build/stm32f0xx_hal_gpio.o
HAL_GPIO_WritePin                                 build/stm32f0xx_hal_gpio.o
                                                  build/main.o
HAL_GetDEVID                                      build/stm32f0xx_hal.o
HAL_GetHalVersion                                 build/stm32f0xx_hal.o
HAL_GetREVID                                      build/stm32f0xx_hal.o
HAL_GetTick                                       build/stm32f0xx_hal.o
                                                  build/stm32f0xx_hal_flash.o
                                                  build/stm32f0xx_hal_dma.o
                                                  build/stm32f0xx_hal_rcc_ex.o
                                                  build/stm32f0xx_hal_rcc.o
                                                  build/stm32f0xx_hal_uart_ex.o
                                                  build/stm32f0xx_hal_uart.o
                                                  build/stm32f0xx_hal_i2c.o
HAL_GetUIDw0                                      build/stm32f0xx_hal.o
HAL_GetUIDw1                                      build/stm32f0xx_hal.o
HAL_GetUIDw2                                      build/stm32f0xx_hal.o
HAL_HalfDuplex_EnableReceiver                     build/stm32f0xx_hal_uart.o
HAL_HalfDuplex_EnableTransmitter                  build/stm32f0xx_hal_uart.o
HAL_HalfDuplex_Init                               build/stm32f0xx_hal_uart.o
HAL_I2CEx_ConfigAnalogFilter                      build/stm32f0xx_hal_i2c_ex.o
HAL_I2CEx_ConfigDigitalFilter                     build/stm32f0xx_hal_i2c_ex.o
HAL_I2CEx_DisableFastModePlus                     build/stm32f0xx_hal_i2c_ex.o
HAL_I2CEx_DisableWakeUp                           build/stm32f0xx_hal_i2c_ex.o
HAL_I2CEx_EnableFastModePlus                      build/stm32f0xx_hal_i2c_ex.o
HAL_I2CEx_EnableWakeUp                            build/stm32f0xx_hal_i2c_ex.o
HAL_I2C_AbortCpltCallback                         build/stm32f0xx_hal_i2c.o
HAL_I2C_AddrCallback                              build/stm32f0xx_hal_i2c.o
HAL_I2C_DeInit                                    build/stm32f0xx_hal_i2c.o
HAL_I2C_DisableListen_IT                          build/stm32f0xx_hal_i2c.o
HAL_I2C_ER_IRQHandler                             build/stm32f0xx_hal_i2c.o
HAL_I2C_EV_IRQHandler                             build/stm32f0xx_hal_i2c.o
HAL_I2C_EnableListen_IT                           build/stm32f0xx_hal_i2c.o
HAL_I2C_ErrorCallback                             build/stm32f0xx_hal_i2c.o
HAL_I2C_GetError                                  build/stm32f0xx_hal_i2c.o
HAL_I2C_GetMode                                   build/stm32f0xx_hal_i2c.o
HAL_I2C_GetState                                  build/stm32f0xx_hal_i2c.o
HAL_I2C_Init                                      build/stm32f0xx_hal_i2c.o
HAL_I2C_IsDeviceReady                             build/stm32f0xx_hal_i2c.o
HAL_I2C_ListenCpltCallback                        build/stm32f0xx_hal_i2c.o
HAL_I2C_MasterRxCpltCallback                      build/stm32f0xx_hal_i2c.o
HAL_I2C_MasterTxCpltCallback                      build/stm32f0xx_hal_i2c.o
HAL_I2C_Master_Abort_IT                           build/stm32f0xx_hal_i2c.o
HAL_I2C_Master_Receive                            build/stm32f0xx_hal_i2c.o
HAL_I2C_Master_Receive_DMA                        build/stm32f0xx_hal_i2c.o
HAL_I2C_Master_Receive_IT                         build/stm32f0xx_hal_i2c.o
HAL_I2C_Master_Sequential_Receive_IT              build/stm32f0xx_hal_i2c.o
HAL_I2C_Master_Sequential_Transmit_IT             build/stm32f0xx_hal_i2c.o
HAL_I2C_Master_Transmit                           build/stm32f0xx_hal_i2c.o
HAL_I2C_Master_Transmit_DMA                       build/stm32f0xx_hal_i2c.o
HAL_I2C_Master_Transmit_IT                        build/stm32f0xx_hal_i2c.o
HAL_I2C_MemRxCpltCallback                         build/stm32f0xx_hal_i2c.o
HAL_I2C_MemTxCpltCallback                         build/stm32f0xx_hal_i2c.o
HAL_I2C_Mem_Read                                  build/stm32f0xx_hal_i2c.o
HAL_I2C_Mem_Read_DMA                              build/stm32f0xx_hal_i2c.o
HAL_I2C_Mem_Read_IT                               build/stm32f0xx_hal_i2c.o
HAL_I2C_Mem_Write                                 build/stm32f0xx_hal_i2c.o
HAL_I2C_Mem_Write_DMA                             build/stm32f0xx_hal_i2c.o
HAL_I2C_Mem_Write_IT                              build/stm32f0xx_hal_i2c.o
HAL_I2C_MspDeInit                                 build/stm32f0xx_hal_i2c.o
HAL_I2C_MspInit                                   build/stm32f0xx_hal_i2c.o
HAL_I2C_SlaveRxCpltCallback                       build/stm32f0xx_hal_i2c.o
HAL_I2C_SlaveTxCpltCallback                       build/stm32f0xx_hal_i2c.o
HAL_I2C_Slave_Receive                             build/stm32f0xx_hal_i2c.o
HAL_I2C_Slave_Receive_DMA                         build/stm32f0xx_hal_i2c.o
HAL_I2C_Slave_Receive_IT                          build/stm32f0xx_hal_i2c.o
HAL_I2C_Slave_Sequential_Receive_IT               build/stm32f0xx_hal_i2c.o
HAL_I2C_Slave_Sequential_Transmit_IT              build/stm32f0xx_hal_i2c.o
HAL_I2C_Slave_Transmit                            build/stm32f0xx_hal_i2c.o
HAL_I2C_Slave_Transmit_DMA                        build/stm32f0xx_hal_i2c.o
HAL_I2C_Slave_Transmit_IT                         build/stm32f0xx_hal_i2c.o
HAL_IncTick                                       build/stm32f0xx_hal.o
                                                  build/stm32f0xx_it.o
HAL_Init                                          build/stm32f0xx_hal.o
                                                  build/main.o
HAL_InitTick                                      build/stm32f0xx_hal.o
                                                  build/stm32f0xx_hal_rcc.o
HAL_LIN_Init                                      build/stm32f0xx_hal_uart_ex.o
HAL_LIN_SendBreak                                 build/stm32f0xx_hal_uart_ex.o
HAL_MspDeInit                                     build/stm32f0xx_hal.o
HAL_MspInit                                       build/stm32f0xx_hal_msp.o
HAL_MultiProcessorEx_AddressLength_Set            build/stm32f0xx_hal_uart_ex.o
HAL_MultiProcessor_DisableMuteMode                build/stm32f0xx_hal_uart.o
HAL_MultiProcessor_EnableMuteMode                 build/stm32f0xx_hal_uart.o
HAL_MultiProcessor_EnterMuteMode                  build/stm32f0xx_hal_uart.o
HAL_MultiProcessor_Init                           build/stm32f0xx_hal_uart.o
HAL_NVIC_ClearPendingIRQ                          build/stm32f0xx_hal_cortex.o
HAL_NVIC_DisableIRQ                               build/stm32f0xx_hal_cortex.o
                                                  build/usbd_conf.o
HAL_NVIC_EnableIRQ                                build/stm32f0xx_hal_cortex.o
                                                  build/usbd_conf.o
                                                  build/main.o
HAL_NVIC_GetPendingIRQ                            build/stm32f0xx_hal_cortex.o
HAL_NVIC_GetPriority                              build/stm32f0xx_hal_cortex.o
HAL_NVIC_SetPendingIRQ                            build/stm32f0xx_hal_cortex.o
HAL_NVIC_SetPriority                              build/stm32f0xx_hal_cortex.o
                                                  build/stm32f0xx_hal.o
                                                  build/usbd_conf.o
                                                  build/main.o
HAL_NVIC_SystemReset                              build/stm32f0xx_hal_cortex.o
HAL_PCDEx_PMAConfig                               build/stm32f0xx_hal_pcd_ex.o
                                                  build/usbd_conf.o
HAL_PCDEx_SetConnectionState                      build/usbd_conf.o
HAL_PCD_ActivateRemoteWakeup                      build/stm32f0xx_hal_pcd.o
HAL_PCD_ConnectCallback                           build/usbd_conf.o
HAL_PCD_DataInStageCallback                       build/usbd_conf.o
HAL_PCD_DataOutStageCallback                      build/usbd_conf.o
HAL_PCD_DeActivateRemoteWakeup                    build/stm32f0xx_hal_pcd.o
HAL_PCD_DeInit                                    build/stm32f0xx_hal_pcd.o
                                                  build/usbd_conf.o
HAL_PCD_DevConnect                                build/stm32f0xx_hal_pcd.o
HAL_PCD_DevDisconnect                             build/stm32f0xx_hal_pcd.o
HAL_PCD_DisconnectCallback                        build/usbd_conf.o
HAL_PCD_EP_Close                                  build/stm32f0xx_hal_pcd.o
                                                  build/usbd_conf.o
HAL_PCD_EP_ClrStall                               build/stm32f0xx_hal_pcd.o
                                                  build/usbd_conf.o
HAL_PCD_EP_Flush                                  build/stm32f0xx_hal_pcd.o
                                                  build/usbd_conf.o
HAL_PCD_EP_GetRxCount                             build/stm32f0xx_hal_pcd.o
                                                  build/usbd_conf.o
HAL_PCD_EP_Open                                   build/stm32f0xx_hal_pcd.o
                                                  build/usbd_conf.o
HAL_PCD_EP_Receive                                build/stm32f0xx_hal_pcd.o
                                                  build/usbd_conf.o
HAL_PCD_EP_SetStall                               build/stm32f0xx_hal_pcd.o
                                                  build/usbd_conf.o
HAL_PCD_EP_Transmit                               build/stm32f0xx_hal_pcd.o
                                                  build/usbd_conf.o
HAL_PCD_GetState                                  build/stm32f0xx_hal_pcd.o
HAL_PCD_IRQHandler                                build/stm32f0xx_hal_pcd.o
                                                  build/stm32f0xx_it.o
HAL_PCD_ISOINIncompleteCallback                   build/usbd_conf.o
HAL_PCD_ISOOUTIncompleteCallback                  build/usbd_conf.o
HAL_PCD_Init                                      build/stm32f0xx_hal_pcd.o
                                                  build/usbd_conf.o
HAL_PCD_MspDeInit                                 build/usbd_conf.o
HAL_PCD_MspInit                                   build/usbd_conf.o
HAL_PCD_ResetCallback                             build/usbd_conf.o
HAL_PCD_ResumeCallback                            build/usbd_conf.o
HAL_PCD_SOFCallback                               build/usbd_conf.o
HAL_PCD_SetAddress                                build/stm32f0xx_hal_pcd.o
                                                  build/usbd_conf.o
HAL_PCD_SetupStageCallback                        build/usbd_conf.o
HAL_PCD_Start                                     build/stm32f0xx_hal_pcd.o
                                                  build/usbd_conf.o
HAL_PCD_Stop                                      build/stm32f0xx_hal_pcd.o
                                                  build/usbd_conf.o
HAL_PCD_SuspendCallback                           build/usbd_conf.o
HAL_PWREx_DisableVddio2Monitor                    build/stm32f0xx_hal_pwr_ex.o
HAL_PWREx_EnableVddio2Monitor                     build/stm32f0xx_hal_pwr_ex.o
HAL_PWREx_Vddio2MonitorCallback                   build/stm32f0xx_hal_pwr_ex.o
HAL_PWREx_Vddio2Monitor_IRQHandler                build/stm32f0xx_hal_pwr_ex.o
HAL_PWR_ConfigPVD                                 build/stm32f0xx_hal_pwr_ex.o
HAL_PWR_DeInit                                    build/stm32f0xx_hal_pwr.o
HAL_PWR_DisableBkUpAccess                         build/stm32f0xx_hal_pwr.o
HAL_PWR_DisablePVD                                build/stm32f0xx_hal_pwr_ex.o
HAL_PWR_DisableSEVOnPend                          build/stm32f0xx_hal_pwr.o
HAL_PWR_DisableSleepOnExit                        build/stm32f0xx_hal_pwr.o
HAL_PWR_DisableWakeUpPin                          build/stm32f0xx_hal_pwr.o
HAL_PWR_EnableBkUpAccess                          build/stm32f0xx_hal_pwr.o
HAL_PWR_EnablePVD                                 build/stm32f0xx_hal_pwr_ex.o
HAL_PWR_EnableSEVOnPend                           build/stm32f0xx_hal_pwr.o
HAL_PWR_EnableSleepOnExit                         build/stm32f0xx_hal_pwr.o
HAL_PWR_EnableWakeUpPin                           build/stm32f0xx_hal_pwr.o
HAL_PWR_EnterSLEEPMode                            build/stm32f0xx_hal_pwr.o
HAL_PWR_EnterSTANDBYMode                          build/stm32f0xx_hal_pwr.o
HAL_PWR_EnterSTOPMode                             build/stm32f0xx_hal_pwr.o
HAL_PWR_PVDCallback                               build/stm32f0xx_hal_pwr_ex.o
HAL_PWR_PVD_IRQHandler                            build/stm32f0xx_hal_pwr_ex.o
HAL_RCCEx_CRSConfig                               build/stm32f0xx_hal_rcc_ex.o
HAL_RCCEx_CRSGetSynchronizationInfo               build/stm32f0xx_hal_rcc_ex.o
HAL_RCCEx_CRSSoftwareSynchronizationGenerate      build/stm32f0xx_hal_rcc_ex.o
HAL_RCCEx_CRSWaitSynchronization                  build/stm32f0xx_hal_rcc_ex.o
HAL_RCCEx_CRS_ErrorCallback                       build/stm32f0xx_hal_rcc_ex.o
HAL_RCCEx_CRS_ExpectedSyncCallback                build/stm32f0xx_hal_rcc_ex.o
HAL_RCCEx_CRS_IRQHandler                          build/stm32f0xx_hal_rcc_ex.o
HAL_RCCEx_CRS_SyncOkCallback                      build/stm32f0xx_hal_rcc_ex.o
HAL_RCCEx_CRS_SyncWarnCallback                    build/stm32f0xx_hal_rcc_ex.o
HAL_RCCEx_GetPeriphCLKConfig                      build/stm32f0xx_hal_rcc_ex.o
HAL_RCCEx_GetPeriphCLKFreq                        build/stm32f0xx_hal_rcc_ex.o
HAL_RCCEx_PeriphCLKConfig                         build/stm32f0xx_hal_rcc_ex.o
                                                  build/main.o
HAL_RCC_CSSCallback                               build/stm32f0xx_hal_rcc.o
HAL_RCC_ClockConfig                               build/stm32f0xx_hal_rcc.o
                                                  build/main.o
HAL_RCC_DeInit                                    build/stm32f0xx_hal_rcc.o
HAL_RCC_DisableCSS                                build/stm32f0xx_hal_rcc.o
HAL_RCC_EnableCSS                                 build/stm32f0xx_hal_rcc.o
HAL_RCC_GetClockConfig                            build/stm32f0xx_hal_rcc.o
HAL_RCC_GetHCLKFreq                               build/stm32f0xx_hal_rcc.o
                                                  build/stm32f0xx_hal.o
HAL_RCC_GetOscConfig                              build/stm32f0xx_hal_rcc.o
HAL_RCC_GetPCLK1Freq                              build/stm32f0xx_hal_rcc.o
                                                  build/stm32f0xx_hal_rcc_ex.o
                                                  build/stm32f0xx_hal_uart.o
HAL_RCC_GetSysClockFreq                           build/stm32f0xx_hal_rcc.o
                                                  build/stm32f0xx_hal_rcc_ex.o
                                                  build/stm32f0xx_hal_uart.o
HAL_RCC_MCOConfig                                 build/stm32f0xx_hal_rcc.o
HAL_RCC_NMI_IRQHandler                            build/stm32f0xx_hal_rcc.o
HAL_RCC_OscConfig                                 build/stm32f0xx_hal_rcc.o
                                                  build/main.o
HAL_RS485Ex_Init                                  build/stm32f0xx_hal_uart_ex.o
HAL_ResumeTick                                    build/stm32f0xx_hal.o
HAL_SYSTICK_CLKSourceConfig                       build/stm32f0xx_hal_cortex.o
HAL_SYSTICK_Callback                              build/stm32f0xx_hal_cortex.o
HAL_SYSTICK_Config                                build/stm32f0xx_hal_cortex.o
                                                  build/stm32f0xx_hal.o
HAL_SYSTICK_IRQHandler                            build/stm32f0xx_hal_cortex.o
HAL_SuspendTick                                   build/stm32f0xx_hal.o
HAL_TIMEx_BreakCallback                           build/stm32f0xx_hal_tim_ex.o
                                                  build/stm32f0xx_hal_tim.o
HAL_TIMEx_CommutationCallback                     build/stm32f0xx_hal_tim_ex.o
                                                  build/stm32f0xx_hal_tim.o
HAL_TIMEx_ConfigBreakDeadTime                     build/stm32f0xx_hal_tim_ex.o
HAL_TIMEx_ConfigCommutationEvent                  build/stm32f0xx_hal_tim_ex.o
HAL_TIMEx_ConfigCommutationEvent_DMA              build/stm32f0xx_hal_tim_ex.o
HAL_TIMEx_ConfigCommutationEvent_IT               build/stm32f0xx_hal_tim_ex.o
HAL_TIMEx_HallSensor_DeInit                       build/stm32f0xx_hal_tim_ex.o
HAL_TIMEx_HallSensor_GetState                     build/stm32f0xx_hal_tim_ex.o
HAL_TIMEx_HallSensor_Init                         build/stm32f0xx_hal_tim_ex.o
HAL_TIMEx_HallSensor_MspDeInit                    build/stm32f0xx_hal_tim_ex.o
HAL_TIMEx_HallSensor_MspInit                      build/stm32f0xx_hal_tim_ex.o
HAL_TIMEx_HallSensor_Start                        build/stm32f0xx_hal_tim_ex.o
HAL_TIMEx_HallSensor_Start_DMA                    build/stm32f0xx_hal_tim_ex.o
HAL_TIMEx_HallSensor_Start_IT                     build/stm32f0xx_hal_tim_ex.o
HAL_TIMEx_HallSensor_Stop                         build/stm32f0xx_hal_tim_ex.o
HAL_TIMEx_HallSensor_Stop_DMA                     build/stm32f0xx_hal_tim_ex.o
HAL_TIMEx_HallSensor_Stop_IT                      build/stm32f0xx_hal_tim_ex.o
HAL_TIMEx_MasterConfigSynchronization             build/stm32f0xx_hal_tim_ex.o
                                                  build/main.o
HAL_TIMEx_OCN_Start                               build/stm32f0xx_hal_tim_ex.o
HAL_TIMEx_OCN_Start_DMA                           build/stm32f0xx_hal_tim_ex.o
HAL_TIMEx_OCN_Start_IT                            build/stm32f0xx_hal_tim_ex.o
HAL_TIMEx_OCN_Stop                                build/stm32f0xx_hal_tim_ex.o
HAL_TIMEx_OCN_Stop_DMA                            build/stm32f0xx_hal_tim_ex.o
HAL_TIMEx_OCN_Stop_IT                             build/stm32f0xx_hal_tim_ex.o
HAL_TIMEx_OnePulseN_Start                         build/stm32f0xx_hal_tim_ex.o
HAL_TIMEx_OnePulseN_Start_IT                      build/stm32f0xx_hal_tim_ex.o
HAL_TIMEx_OnePulseN_Stop                          build/stm32f0xx_hal_tim_ex.o
HAL_TIMEx_OnePulseN_Stop_IT                       build/stm32f0xx_hal_tim_ex.o
HAL_TIMEx_PWMN_Start                              build/stm32f0xx_hal_tim_ex.o
HAL_TIMEx_PWMN_Start_DMA                          build/stm32f0xx_hal_tim_ex.o
HAL_TIMEx_PWMN_Start_IT                           build/stm32f0xx_hal_tim_ex.o
HAL_TIMEx_PWMN_Stop                               build/stm32f0xx_hal_tim_ex.o
HAL_TIMEx_PWMN_Stop_DMA                           build/stm32f0xx_hal_tim_ex.o
HAL_TIMEx_PWMN_Stop_IT                            build/stm32f0xx_hal_tim_ex.o
HAL_TIMEx_RemapConfig                             build/stm32f0xx_hal_tim_ex.o
HAL_TIM_Base_DeInit                               build/stm32f0xx_hal_tim.o
HAL_TIM_Base_GetState                             build/stm32f0xx_hal_tim.o
HAL_TIM_Base_Init                                 build/stm32f0xx_hal_tim.o
                                                  build/main.o
HAL_TIM_Base_MspDeInit                            build/stm32f0xx_hal_msp.o
HAL_TIM_Base_MspInit                              build/stm32f0xx_hal_msp.o
HAL_TIM_Base_Start                                build/stm32f0xx_hal_tim.o
HAL_TIM_Base_Start_DMA                            build/stm32f0xx_hal_tim.o
HAL_TIM_Base_Start_IT                             build/stm32f0xx_hal_tim.o
HAL_TIM_Base_Stop                                 build/stm32f0xx_hal_tim.o
HAL_TIM_Base_Stop_DMA                             build/stm32f0xx_hal_tim.o
HAL_TIM_Base_Stop_IT                              build/stm32f0xx_hal_tim.o
HAL_TIM_ConfigClockSource                         build/stm32f0xx_hal_tim.o
                                                  build/main.o
HAL_TIM_ConfigOCrefClear                          build/stm32f0xx_hal_tim_ex.o
                                                  build/stm32f0xx_hal_tim.o
HAL_TIM_ConfigTI1Input                            build/stm32f0xx_hal_tim.o
HAL_TIM_DMABurst_MultiReadStart                   build/stm32f0xx_hal_tim.o
HAL_TIM_DMABurst_MultiWriteStart                  build/stm32f0xx_hal_tim.o
HAL_TIM_DMABurst_ReadStart                        build/stm32f0xx_hal_tim.o
HAL_TIM_DMABurst_ReadStop                         build/stm32f0xx_hal_tim.o
HAL_TIM_DMABurst_WriteStart                       build/stm32f0xx_hal_tim.o
HAL_TIM_DMABurst_WriteStop                        build/stm32f0xx_hal_tim.o
HAL_TIM_Encoder_DeInit                            build/stm32f0xx_hal_tim.o
HAL_TIM_Encoder_GetState                          build/stm32f0xx_hal_tim.o
HAL_TIM_Encoder_Init                              build/stm32f0xx_hal_tim.o
                                                  build/main.o
HAL_TIM_Encoder_MspDeInit                         build/stm32f0xx_hal_msp.o
HAL_TIM_Encoder_MspInit                           build/stm32f0xx_hal_msp.o
HAL_TIM_Encoder_Start                             build/stm32f0xx_hal_tim.o
HAL_TIM_Encoder_Start_DMA                         build/stm32f0xx_hal_tim.o
HAL_TIM_Encoder_Start_IT                          build/stm32f0xx_hal_tim.o
HAL_TIM_Encoder_Stop                              build/stm32f0xx_hal_tim.o
HAL_TIM_Encoder_Stop_DMA                          build/stm32f0xx_hal_tim.o
HAL_TIM_Encoder_Stop_IT                           build/stm32f0xx_hal_tim.o
HAL_TIM_ErrorCallback                             build/stm32f0xx_hal_tim.o
HAL_TIM_GenerateEvent                             build/stm32f0xx_hal_tim.o
HAL_TIM_IC_CaptureCallback                        build/stm32f0xx_hal_tim.o
HAL_TIM_IC_ConfigChannel                          build/stm32f0xx_hal_tim.o
HAL_TIM_IC_DeInit                                 build/stm32f0xx_hal_tim.o
HAL_TIM_IC_GetState                               build/stm32f0xx_hal_tim.o
HAL_TIM_IC_Init                                   build/stm32f0xx_hal_tim.o
HAL_TIM_IC_MspDeInit                              build/stm32f0xx_hal_tim.o
HAL_TIM_IC_MspInit                                build/stm32f0xx_hal_tim.o
HAL_TIM_IC_Start                                  build/stm32f0xx_hal_tim.o
HAL_TIM_IC_Start_DMA                              build/stm32f0xx_hal_tim.o
HAL_TIM_IC_Start_IT                               build/stm32f0xx_hal_tim.o
HAL_TIM_IC_Stop                                   build/stm32f0xx_hal_tim.o
HAL_TIM_IC_Stop_DMA                               build/stm32f0xx_hal_tim.o
HAL_TIM_IC_Stop_IT                                build/stm32f0xx_hal_tim.o
HAL_TIM_IRQHandler                                build/stm32f0xx_hal_tim.o
HAL_TIM_MspPostInit                               build/stm32f0xx_hal_msp.o
HAL_TIM_OC_ConfigChannel                          build/stm32f0xx_hal_tim.o
HAL_TIM_OC_DeInit                                 build/stm32f0xx_hal_tim.o
HAL_TIM_OC_DelayElapsedCallback                   build/stm32f0xx_hal_tim.o
HAL_TIM_OC_GetState                               build/stm32f0xx_hal_tim.o
HAL_TIM_OC_Init                                   build/stm32f0xx_hal_tim.o
HAL_TIM_OC_MspDeInit                              build/stm32f0xx_hal_tim.o
HAL_TIM_OC_MspInit                                build/stm32f0xx_hal_tim.o
HAL_TIM_OC_Start                                  build/stm32f0xx_hal_tim.o
HAL_TIM_OC_Start_DMA                              build/stm32f0xx_hal_tim.o
HAL_TIM_OC_Start_IT                               build/stm32f0xx_hal_tim.o
HAL_TIM_OC_Stop                                   build/stm32f0xx_hal_tim.o
HAL_TIM_OC_Stop_DMA                               build/stm32f0xx_hal_tim.o
HAL_TIM_OC_Stop_IT                                build/stm32f0xx_hal_tim.o
HAL_TIM_OnePulse_ConfigChannel                    build/stm32f0xx_hal_tim.o
HAL_TIM_OnePulse_DeInit                           build/stm32f0xx_hal_tim.o
HAL_TIM_OnePulse_GetState                         build/stm32f0xx_hal_tim.o
HAL_TIM_OnePulse_Init                             build/stm32f0xx_hal_tim.o
HAL_TIM_OnePulse_MspDeInit                        build/stm32f0xx_hal_tim.o
HAL_TIM_OnePulse_MspInit                          build/stm32f0xx_hal_tim.o
HAL_TIM_OnePulse_Start                            build/stm32f0xx_hal_tim.o
HAL_TIM_OnePulse_Start_IT                         build/stm32f0xx_hal_tim.o
HAL_TIM_OnePulse_Stop                             build/stm32f0xx_hal_tim.o
HAL_TIM_OnePulse_Stop_IT                          build/stm32f0xx_hal_tim.o
HAL_TIM_PWM_ConfigChannel                         build/stm32f0xx_hal_tim.o
                                                  build/main.o
HAL_TIM_PWM_DeInit                                build/stm32f0xx_hal_tim.o
HAL_TIM_PWM_GetState                              build/stm32f0xx_hal_tim.o
HAL_TIM_PWM_Init                                  build/stm32f0xx_hal_tim.o
                                                  build/main.o
HAL_TIM_PWM_MspDeInit                             build/stm32f0xx_hal_tim.o
HAL_TIM_PWM_MspInit                               build/stm32f0xx_hal_tim.o
HAL_TIM_PWM_PulseFinishedCallback                 build/stm32f0xx_hal_tim.o
HAL_TIM_PWM_Start                                 build/stm32f0xx_hal_tim.o
                                                  build/main.o
HAL_TIM_PWM_Start_DMA                             build/stm32f0xx_hal_tim.o